<?xml version="1.0"?>
<link_info>
   <banner>TI ARM Linker PC v5.2.2</banner>
   <copyright>Copyright (c) 1996-2015 Texas Instruments Incorporated</copyright>
   <link_time>0x591137ec</link_time>
   <link_errors>0x0</link_errors>
   <output_file>SAM_subcontroller.out</output_file>
   <entry_point>
      <name>_c_int00</name>
      <address>0x3551</address>
   </entry_point>
   <input_file_list>
      <input_file id="fl-2">
         <path>.\</path>
         <kind>object</kind>
         <file>SAM.obj</file>
         <name>SAM.obj</name>
      </input_file>
      <input_file id="fl-3">
         <path>.\</path>
         <kind>object</kind>
         <file>mainSubController.obj</file>
         <name>mainSubController.obj</name>
      </input_file>
      <input_file id="fl-4">
         <path>.\</path>
         <kind>object</kind>
         <file>myFIFO.obj</file>
         <name>myFIFO.obj</name>
      </input_file>
      <input_file id="fl-5">
         <path>.\</path>
         <kind>object</kind>
         <file>myIO.obj</file>
         <name>myIO.obj</name>
      </input_file>
      <input_file id="fl-6">
         <path>.\</path>
         <kind>object</kind>
         <file>myRS485.obj</file>
         <name>myRS485.obj</name>
      </input_file>
      <input_file id="fl-7">
         <path>.\</path>
         <kind>object</kind>
         <file>mySerial.obj</file>
         <name>mySerial.obj</name>
      </input_file>
      <input_file id="fl-8">
         <path>.\</path>
         <kind>object</kind>
         <file>myTimer.obj</file>
         <name>myTimer.obj</name>
      </input_file>
      <input_file id="fl-9">
         <path>.\</path>
         <kind>object</kind>
         <file>numManipulate.obj</file>
         <name>numManipulate.obj</name>
      </input_file>
      <input_file id="fl-a">
         <path>.\</path>
         <kind>object</kind>
         <file>ringbuf.obj</file>
         <name>ringbuf.obj</name>
      </input_file>
      <input_file id="fl-b">
         <path>.\</path>
         <kind>object</kind>
         <file>serial.obj</file>
         <name>serial.obj</name>
      </input_file>
      <input_file id="fl-c">
         <path>.\</path>
         <kind>object</kind>
         <file>tm4c123gh6pm_startup_ccs.obj</file>
         <name>tm4c123gh6pm_startup_ccs.obj</name>
      </input_file>
      <input_file id="fl-12">
         <path>C:\ti\TivaWare_C_Series-2.1.0.12573\driverlib\ccs\Debug\</path>
         <kind>archive</kind>
         <file>driverlib.lib</file>
         <name>uart.obj</name>
      </input_file>
      <input_file id="fl-13">
         <path>C:\ti\TivaWare_C_Series-2.1.0.12573\driverlib\ccs\Debug\</path>
         <kind>archive</kind>
         <file>driverlib.lib</file>
         <name>timer.obj</name>
      </input_file>
      <input_file id="fl-14">
         <path>C:\ti\TivaWare_C_Series-2.1.0.12573\driverlib\ccs\Debug\</path>
         <kind>archive</kind>
         <file>driverlib.lib</file>
         <name>systick.obj</name>
      </input_file>
      <input_file id="fl-15">
         <path>C:\ti\TivaWare_C_Series-2.1.0.12573\driverlib\ccs\Debug\</path>
         <kind>archive</kind>
         <file>driverlib.lib</file>
         <name>sysctl.obj</name>
      </input_file>
      <input_file id="fl-16">
         <path>C:\ti\TivaWare_C_Series-2.1.0.12573\driverlib\ccs\Debug\</path>
         <kind>archive</kind>
         <file>driverlib.lib</file>
         <name>interrupt.obj</name>
      </input_file>
      <input_file id="fl-17">
         <path>C:\ti\TivaWare_C_Series-2.1.0.12573\driverlib\ccs\Debug\</path>
         <kind>archive</kind>
         <file>driverlib.lib</file>
         <name>gpio.obj</name>
      </input_file>
      <input_file id="fl-18">
         <path>C:\ti\TivaWare_C_Series-2.1.0.12573\driverlib\ccs\Debug\</path>
         <kind>archive</kind>
         <file>driverlib.lib</file>
         <name>cpu.obj</name>
      </input_file>
      <input_file id="fl-13a">
         <path>C:\ti\ccsv6\tools\compiler\ti-cgt-arm_5.2.2\lib\</path>
         <kind>archive</kind>
         <file>rtsv7M4_T_le_v4SPD16_eabi.lib</file>
         <name>atof.obj</name>
      </input_file>
      <input_file id="fl-13b">
         <path>C:\ti\ccsv6\tools\compiler\ti-cgt-arm_5.2.2\lib\</path>
         <kind>archive</kind>
         <file>rtsv7M4_T_le_v4SPD16_eabi.lib</file>
         <name>atoi.obj</name>
      </input_file>
      <input_file id="fl-13c">
         <path>C:\ti\ccsv6\tools\compiler\ti-cgt-arm_5.2.2\lib\</path>
         <kind>archive</kind>
         <file>rtsv7M4_T_le_v4SPD16_eabi.lib</file>
         <name>boot.obj</name>
      </input_file>
      <input_file id="fl-13d">
         <path>C:\ti\ccsv6\tools\compiler\ti-cgt-arm_5.2.2\lib\</path>
         <kind>archive</kind>
         <file>rtsv7M4_T_le_v4SPD16_eabi.lib</file>
         <name>copy_decompress_none.obj</name>
      </input_file>
      <input_file id="fl-13e">
         <path>C:\ti\ccsv6\tools\compiler\ti-cgt-arm_5.2.2\lib\</path>
         <kind>archive</kind>
         <file>rtsv7M4_T_le_v4SPD16_eabi.lib</file>
         <name>copy_decompress_rle.obj</name>
      </input_file>
      <input_file id="fl-13f">
         <path>C:\ti\ccsv6\tools\compiler\ti-cgt-arm_5.2.2\lib\</path>
         <kind>archive</kind>
         <file>rtsv7M4_T_le_v4SPD16_eabi.lib</file>
         <name>copy_zero_init.obj</name>
      </input_file>
      <input_file id="fl-140">
         <path>C:\ti\ccsv6\tools\compiler\ti-cgt-arm_5.2.2\lib\</path>
         <kind>archive</kind>
         <file>rtsv7M4_T_le_v4SPD16_eabi.lib</file>
         <name>ctype.obj</name>
      </input_file>
      <input_file id="fl-141">
         <path>C:\ti\ccsv6\tools\compiler\ti-cgt-arm_5.2.2\lib\</path>
         <kind>archive</kind>
         <file>rtsv7M4_T_le_v4SPD16_eabi.lib</file>
         <name>exit.obj</name>
      </input_file>
      <input_file id="fl-142">
         <path>C:\ti\ccsv6\tools\compiler\ti-cgt-arm_5.2.2\lib\</path>
         <kind>archive</kind>
         <file>rtsv7M4_T_le_v4SPD16_eabi.lib</file>
         <name>fd_tos_t2.obj</name>
      </input_file>
      <input_file id="fl-143">
         <path>C:\ti\ccsv6\tools\compiler\ti-cgt-arm_5.2.2\lib\</path>
         <kind>archive</kind>
         <file>rtsv7M4_T_le_v4SPD16_eabi.lib</file>
         <name>isdigit.obj</name>
      </input_file>
      <input_file id="fl-144">
         <path>C:\ti\ccsv6\tools\compiler\ti-cgt-arm_5.2.2\lib\</path>
         <kind>archive</kind>
         <file>rtsv7M4_T_le_v4SPD16_eabi.lib</file>
         <name>memcpy_t2.obj</name>
      </input_file>
      <input_file id="fl-145">
         <path>C:\ti\ccsv6\tools\compiler\ti-cgt-arm_5.2.2\lib\</path>
         <kind>archive</kind>
         <file>rtsv7M4_T_le_v4SPD16_eabi.lib</file>
         <name>memset_t2.obj</name>
      </input_file>
      <input_file id="fl-146">
         <path>C:\ti\ccsv6\tools\compiler\ti-cgt-arm_5.2.2\lib\</path>
         <kind>archive</kind>
         <file>rtsv7M4_T_le_v4SPD16_eabi.lib</file>
         <name>pre_init.obj</name>
      </input_file>
      <input_file id="fl-147">
         <path>C:\ti\ccsv6\tools\compiler\ti-cgt-arm_5.2.2\lib\</path>
         <kind>archive</kind>
         <file>rtsv7M4_T_le_v4SPD16_eabi.lib</file>
         <name>stkdepth_vars.obj</name>
      </input_file>
      <input_file id="fl-148">
         <path>C:\ti\ccsv6\tools\compiler\ti-cgt-arm_5.2.2\lib\</path>
         <kind>archive</kind>
         <file>rtsv7M4_T_le_v4SPD16_eabi.lib</file>
         <name>strtod.obj</name>
      </input_file>
      <input_file id="fl-149">
         <path>C:\ti\ccsv6\tools\compiler\ti-cgt-arm_5.2.2\lib\</path>
         <kind>archive</kind>
         <file>rtsv7M4_T_le_v4SPD16_eabi.lib</file>
         <name>_lock.obj</name>
      </input_file>
      <input_file id="fl-14a">
         <path>C:\ti\ccsv6\tools\compiler\ti-cgt-arm_5.2.2\lib\</path>
         <kind>archive</kind>
         <file>rtsv7M4_T_le_v4SPD16_eabi.lib</file>
         <name>args_main.obj</name>
      </input_file>
      <input_file id="fl-14b">
         <path>C:\ti\ccsv6\tools\compiler\ti-cgt-arm_5.2.2\lib\</path>
         <kind>archive</kind>
         <file>rtsv7M4_T_le_v4SPD16_eabi.lib</file>
         <name>autoinit.obj</name>
      </input_file>
      <input_file id="fl-14c">
         <path>C:\ti\ccsv6\tools\compiler\ti-cgt-arm_5.2.2\lib\</path>
         <kind>archive</kind>
         <file>rtsv7M4_T_le_v4SPD16_eabi.lib</file>
         <name>cpy_tbl.obj</name>
      </input_file>
      <input_file id="fl-14d">
         <path>C:\ti\ccsv6\tools\compiler\ti-cgt-arm_5.2.2\lib\</path>
         <kind>archive</kind>
         <file>rtsv7M4_T_le_v4SPD16_eabi.lib</file>
         <name>errno.obj</name>
      </input_file>
      <input_file id="fl-14e">
         <path>C:\ti\ccsv6\tools\compiler\ti-cgt-arm_5.2.2\lib\</path>
         <kind>archive</kind>
         <file>rtsv7M4_T_le_v4SPD16_eabi.lib</file>
         <name>fd_add_t2.obj</name>
      </input_file>
      <input_file id="fl-14f">
         <path>C:\ti\ccsv6\tools\compiler\ti-cgt-arm_5.2.2\lib\</path>
         <kind>archive</kind>
         <file>rtsv7M4_T_le_v4SPD16_eabi.lib</file>
         <name>fd_cmp_t2.obj</name>
      </input_file>
      <input_file id="fl-150">
         <path>C:\ti\ccsv6\tools\compiler\ti-cgt-arm_5.2.2\lib\</path>
         <kind>archive</kind>
         <file>rtsv7M4_T_le_v4SPD16_eabi.lib</file>
         <name>fd_div_t2.obj</name>
      </input_file>
      <input_file id="fl-151">
         <path>C:\ti\ccsv6\tools\compiler\ti-cgt-arm_5.2.2\lib\</path>
         <kind>archive</kind>
         <file>rtsv7M4_T_le_v4SPD16_eabi.lib</file>
         <name>fd_mul_t2.obj</name>
      </input_file>
   </input_file_list>
   <object_component_list>
      <object_component id="oc-f">
         <name>.intvecs</name>
         <load_address>0x0</load_address>
         <run_address>0x0</run_address>
         <size>0x26c</size>
         <input_file_ref idref="fl-c"/>
      </object_component>
      <object_component id="oc-1a2">
         <name>.text</name>
         <load_address>0x26c</load_address>
         <run_address>0x26c</run_address>
         <size>0xeb4</size>
         <input_file_ref idref="fl-3"/>
      </object_component>
      <object_component id="oc-25b">
         <name>.text</name>
         <load_address>0x1120</load_address>
         <run_address>0x1120</run_address>
         <size>0x54c</size>
         <input_file_ref idref="fl-2"/>
      </object_component>
      <object_component id="oc-3c">
         <name>.text</name>
         <load_address>0x166c</load_address>
         <run_address>0x166c</run_address>
         <size>0x4a8</size>
         <input_file_ref idref="fl-6"/>
      </object_component>
      <object_component id="oc-42">
         <name>.text</name>
         <load_address>0x1b14</load_address>
         <run_address>0x1b14</run_address>
         <size>0x3d8</size>
         <input_file_ref idref="fl-7"/>
      </object_component>
      <object_component id="oc-265">
         <name>.text</name>
         <load_address>0x1eec</load_address>
         <run_address>0x1eec</run_address>
         <size>0x390</size>
         <input_file_ref idref="fl-9"/>
      </object_component>
      <object_component id="oc-36">
         <name>.text</name>
         <load_address>0x227c</load_address>
         <run_address>0x227c</run_address>
         <size>0x388</size>
         <input_file_ref idref="fl-b"/>
      </object_component>
      <object_component id="oc-2ce">
         <name>.text</name>
         <load_address>0x2604</load_address>
         <run_address>0x2604</run_address>
         <size>0x23c</size>
         <input_file_ref idref="fl-148"/>
      </object_component>
      <object_component id="oc-30">
         <name>.text</name>
         <load_address>0x2840</load_address>
         <run_address>0x2840</run_address>
         <size>0x1fc</size>
         <input_file_ref idref="fl-8"/>
      </object_component>
      <object_component id="oc-2e0">
         <name>.text</name>
         <load_address>0x2a3c</load_address>
         <run_address>0x2a3c</run_address>
         <size>0x1b6</size>
         <input_file_ref idref="fl-14e"/>
      </object_component>
      <object_component id="oc-2ea">
         <name>.text</name>
         <load_address>0x2bf2</load_address>
         <run_address>0x2bf2</run_address>
         <size>0x136</size>
         <input_file_ref idref="fl-150"/>
      </object_component>
      <object_component id="oc-21c">
         <name>.text:GPIOPadConfigSet</name>
         <load_address>0x2d28</load_address>
         <run_address>0x2d28</run_address>
         <size>0x130</size>
         <input_file_ref idref="fl-17"/>
      </object_component>
      <object_component id="oc-8d">
         <name>.text:SysCtlClockGet</name>
         <load_address>0x2e58</load_address>
         <run_address>0x2e58</run_address>
         <size>0x118</size>
         <input_file_ref idref="fl-15"/>
      </object_component>
      <object_component id="oc-2db">
         <name>.text</name>
         <load_address>0x2f70</load_address>
         <run_address>0x2f70</run_address>
         <size>0xfc</size>
         <input_file_ref idref="fl-151"/>
      </object_component>
      <object_component id="oc-254">
         <name>.text:SysCtlClockSet</name>
         <load_address>0x306c</load_address>
         <run_address>0x306c</run_address>
         <size>0xf0</size>
         <input_file_ref idref="fl-15"/>
      </object_component>
      <object_component id="oc-db">
         <name>.text</name>
         <load_address>0x315c</load_address>
         <run_address>0x315c</run_address>
         <size>0xc4</size>
         <input_file_ref idref="fl-5"/>
      </object_component>
      <object_component id="oc-4b">
         <name>.text</name>
         <load_address>0x3220</load_address>
         <run_address>0x3220</run_address>
         <size>0x9c</size>
         <input_file_ref idref="fl-144"/>
      </object_component>
      <object_component id="oc-2e5">
         <name>.text:__aeabi_cdcmple</name>
         <load_address>0x32bc</load_address>
         <run_address>0x32bc</run_address>
         <size>0x86</size>
         <input_file_ref idref="fl-14f"/>
      </object_component>
      <object_component id="oc-64">
         <name>.text</name>
         <load_address>0x3342</load_address>
         <run_address>0x3342</run_address>
         <size>0x7a</size>
         <input_file_ref idref="fl-145"/>
      </object_component>
      <object_component id="oc-76">
         <name>.text</name>
         <load_address>0x33bc</load_address>
         <run_address>0x33bc</run_address>
         <size>0x6c</size>
         <input_file_ref idref="fl-14b"/>
      </object_component>
      <object_component id="oc-57">
         <name>.text</name>
         <load_address>0x3428</load_address>
         <run_address>0x3428</run_address>
         <size>0x6a</size>
         <input_file_ref idref="fl-13e"/>
      </object_component>
      <object_component id="oc-bd">
         <name>.text:IntEnable</name>
         <load_address>0x3494</load_address>
         <run_address>0x3494</run_address>
         <size>0x60</size>
         <input_file_ref idref="fl-16"/>
      </object_component>
      <object_component id="oc-ab">
         <name>.text:TimerConfigure</name>
         <load_address>0x34f4</load_address>
         <run_address>0x34f4</run_address>
         <size>0x5c</size>
         <input_file_ref idref="fl-13"/>
      </object_component>
      <object_component id="oc-24">
         <name>.text</name>
         <load_address>0x3550</load_address>
         <run_address>0x3550</run_address>
         <size>0x50</size>
         <input_file_ref idref="fl-13c"/>
      </object_component>
      <object_component id="oc-fc">
         <name>.text</name>
         <load_address>0x35a0</load_address>
         <run_address>0x35a0</run_address>
         <size>0x4c</size>
         <input_file_ref idref="fl-13b"/>
      </object_component>
      <object_component id="oc-19a">
         <name>.text</name>
         <load_address>0x35ec</load_address>
         <run_address>0x35ec</run_address>
         <size>0x4c</size>
         <input_file_ref idref="fl-14c"/>
      </object_component>
      <object_component id="oc-2be">
         <name>.text</name>
         <load_address>0x3638</load_address>
         <run_address>0x3638</run_address>
         <size>0x4a</size>
         <input_file_ref idref="fl-142"/>
      </object_component>
      <object_component id="oc-10e">
         <name>.text:GPIOPinConfigure</name>
         <load_address>0x3684</load_address>
         <run_address>0x3684</run_address>
         <size>0x48</size>
         <input_file_ref idref="fl-17"/>
      </object_component>
      <object_component id="oc-82">
         <name>.text</name>
         <load_address>0x36cc</load_address>
         <run_address>0x36cc</run_address>
         <size>0x44</size>
         <input_file_ref idref="fl-141"/>
      </object_component>
      <object_component id="oc-11a">
         <name>.text:UARTConfigSetExpClk</name>
         <load_address>0x3710</load_address>
         <run_address>0x3710</run_address>
         <size>0x40</size>
         <input_file_ref idref="fl-12"/>
      </object_component>
      <object_component id="oc-a5">
         <name>.text:SysCtlPeripheralEnable</name>
         <load_address>0x3750</load_address>
         <run_address>0x3750</run_address>
         <size>0x34</size>
         <input_file_ref idref="fl-15"/>
      </object_component>
      <object_component id="oc-216">
         <name>.text:GPIODirModeSet</name>
         <load_address>0x3784</load_address>
         <run_address>0x3784</run_address>
         <size>0x2a</size>
         <input_file_ref idref="fl-17"/>
      </object_component>
      <object_component id="oc-c3">
         <name>.text:IntPrioritySet</name>
         <load_address>0x37b0</load_address>
         <run_address>0x37b0</run_address>
         <size>0x24</size>
         <input_file_ref idref="fl-16"/>
      </object_component>
      <object_component id="oc-223">
         <name>.text:UARTDisable</name>
         <load_address>0x37d4</load_address>
         <run_address>0x37d4</run_address>
         <size>0x1c</size>
         <input_file_ref idref="fl-12"/>
      </object_component>
      <object_component id="oc-15a">
         <name>.text:GPIOPinTypeGPIOOutput</name>
         <load_address>0x37f0</load_address>
         <run_address>0x37f0</run_address>
         <size>0x18</size>
         <input_file_ref idref="fl-17"/>
      </object_component>
      <object_component id="oc-7c">
         <name>.text</name>
         <load_address>0x3808</load_address>
         <run_address>0x3808</run_address>
         <size>0x18</size>
         <input_file_ref idref="fl-14a"/>
      </object_component>
      <object_component id="oc-9f">
         <name>.text:SysTickEnable</name>
         <load_address>0x3820</load_address>
         <run_address>0x3820</run_address>
         <size>0x14</size>
         <input_file_ref idref="fl-14"/>
      </object_component>
      <object_component id="oc-99">
         <name>.text:SysTickIntEnable</name>
         <load_address>0x3834</load_address>
         <run_address>0x3834</run_address>
         <size>0x14</size>
         <input_file_ref idref="fl-14"/>
      </object_component>
      <object_component id="oc-132">
         <name>.text:UARTEnable</name>
         <load_address>0x3848</load_address>
         <run_address>0x3848</run_address>
         <size>0x14</size>
         <input_file_ref idref="fl-12"/>
      </object_component>
      <object_component id="oc-276">
         <name>.text</name>
         <load_address>0x385c</load_address>
         <run_address>0x385c</run_address>
         <size>0x14</size>
         <input_file_ref idref="fl-149"/>
      </object_component>
      <object_component id="oc-114">
         <name>.text:GPIOPinTypeUART</name>
         <load_address>0x3870</load_address>
         <run_address>0x3870</run_address>
         <size>0x12</size>
         <input_file_ref idref="fl-17"/>
      </object_component>
      <object_component id="oc-b1">
         <name>.text:TimerLoadSet</name>
         <load_address>0x3882</load_address>
         <run_address>0x3882</run_address>
         <size>0x12</size>
         <input_file_ref idref="fl-13"/>
      </object_component>
      <object_component id="oc-2b8">
         <name>.text</name>
         <load_address>0x3894</load_address>
         <run_address>0x3894</run_address>
         <size>0x12</size>
         <input_file_ref idref="fl-13a"/>
      </object_component>
      <object_component id="oc-93">
         <name>.text:SysTickPeriodSet</name>
         <load_address>0x38a8</load_address>
         <run_address>0x38a8</run_address>
         <size>0x10</size>
         <input_file_ref idref="fl-14"/>
      </object_component>
      <object_component id="oc-2b2">
         <name>.text</name>
         <load_address>0x38b8</load_address>
         <run_address>0x38b8</run_address>
         <size>0x10</size>
         <input_file_ref idref="fl-143"/>
      </object_component>
      <object_component id="oc-cf">
         <name>.text:TimerEnable</name>
         <load_address>0x38c8</load_address>
         <run_address>0x38c8</run_address>
         <size>0xe</size>
         <input_file_ref idref="fl-13"/>
      </object_component>
      <object_component id="oc-12">
         <name>.text:decompress:none</name>
         <load_address>0x38d6</load_address>
         <run_address>0x38d6</run_address>
         <size>0xe</size>
         <input_file_ref idref="fl-13d"/>
      </object_component>
      <object_component id="oc-1c7">
         <name>.text:CPUcpsie</name>
         <load_address>0x38e4</load_address>
         <run_address>0x38e4</run_address>
         <size>0xc</size>
         <input_file_ref idref="fl-18"/>
      </object_component>
      <object_component id="oc-166">
         <name>.text:UARTCharsAvail</name>
         <load_address>0x38f0</load_address>
         <run_address>0x38f0</run_address>
         <size>0xc</size>
         <input_file_ref idref="fl-12"/>
      </object_component>
      <object_component id="oc-154">
         <name>.text:UARTTxIntModeSet</name>
         <load_address>0x38fc</load_address>
         <run_address>0x38fc</run_address>
         <size>0xc</size>
         <input_file_ref idref="fl-12"/>
      </object_component>
      <object_component id="oc-1e">
         <name>.text:decompress:ZI</name>
         <load_address>0x3908</load_address>
         <run_address>0x3908</run_address>
         <size>0xc</size>
         <input_file_ref idref="fl-13f"/>
      </object_component>
      <object_component id="oc-2a">
         <name>.text</name>
         <load_address>0x3914</load_address>
         <run_address>0x3914</run_address>
         <size>0xc</size>
         <input_file_ref idref="fl-c"/>
      </object_component>
      <object_component id="oc-b7">
         <name>.text:IntMasterEnable</name>
         <load_address>0x3920</load_address>
         <run_address>0x3920</run_address>
         <size>0xa</size>
         <input_file_ref idref="fl-16"/>
      </object_component>
      <object_component id="oc-e1">
         <name>.text:TimerValueGet</name>
         <load_address>0x392a</load_address>
         <run_address>0x392a</run_address>
         <size>0xa</size>
         <input_file_ref idref="fl-13"/>
      </object_component>
      <object_component id="oc-13e">
         <name>.text:UARTCharGet</name>
         <load_address>0x3934</load_address>
         <run_address>0x3934</run_address>
         <size>0xa</size>
         <input_file_ref idref="fl-12"/>
      </object_component>
      <object_component id="oc-138">
         <name>.text:UARTCharPut</name>
         <load_address>0x393e</load_address>
         <run_address>0x393e</run_address>
         <size>0xa</size>
         <input_file_ref idref="fl-12"/>
      </object_component>
      <object_component id="oc-14e">
         <name>.text:UARTFIFOEnable</name>
         <load_address>0x3948</load_address>
         <run_address>0x3948</run_address>
         <size>0xa</size>
         <input_file_ref idref="fl-12"/>
      </object_component>
      <object_component id="oc-108">
         <name>.text:UARTIntStatus</name>
         <load_address>0x3952</load_address>
         <run_address>0x3952</run_address>
         <size>0xa</size>
         <input_file_ref idref="fl-12"/>
      </object_component>
      <object_component id="oc-c9">
         <name>.text:TimerIntEnable</name>
         <load_address>0x395c</load_address>
         <run_address>0x395c</run_address>
         <size>0x8</size>
         <input_file_ref idref="fl-13"/>
      </object_component>
      <object_component id="oc-120">
         <name>.text:UARTIntEnable</name>
         <load_address>0x3964</load_address>
         <run_address>0x3964</run_address>
         <size>0x8</size>
         <input_file_ref idref="fl-12"/>
      </object_component>
      <object_component id="oc-1df">
         <name>.text:GPIOPinRead</name>
         <load_address>0x396c</load_address>
         <run_address>0x396c</run_address>
         <size>0x6</size>
         <input_file_ref idref="fl-17"/>
      </object_component>
      <object_component id="oc-160">
         <name>.text:GPIOPinWrite</name>
         <load_address>0x3972</load_address>
         <run_address>0x3972</run_address>
         <size>0x6</size>
         <input_file_ref idref="fl-17"/>
      </object_component>
      <object_component id="oc-25a">
         <name>.text:SysCtlDelay</name>
         <load_address>0x3978</load_address>
         <run_address>0x3978</run_address>
         <size>0x6</size>
         <input_file_ref idref="fl-15"/>
      </object_component>
      <object_component id="oc-12c">
         <name>.text:UARTClockSourceSet</name>
         <load_address>0x397e</load_address>
         <run_address>0x397e</run_address>
         <size>0x6</size>
         <input_file_ref idref="fl-12"/>
      </object_component>
      <object_component id="oc-126">
         <name>.text:UARTFIFOLevelSet</name>
         <load_address>0x3984</load_address>
         <run_address>0x3984</run_address>
         <size>0x6</size>
         <input_file_ref idref="fl-12"/>
      </object_component>
      <object_component id="oc-18">
         <name>.text:decompress:rle24</name>
         <load_address>0x398a</load_address>
         <run_address>0x398a</run_address>
         <size>0x6</size>
         <input_file_ref idref="fl-13e"/>
      </object_component>
      <object_component id="oc-d5">
         <name>.text:TimerIntClear</name>
         <load_address>0x3990</load_address>
         <run_address>0x3990</run_address>
         <size>0x4</size>
         <input_file_ref idref="fl-13"/>
      </object_component>
      <object_component id="oc-102">
         <name>.text:UARTIntClear</name>
         <load_address>0x3994</load_address>
         <run_address>0x3994</run_address>
         <size>0x4</size>
         <input_file_ref idref="fl-12"/>
      </object_component>
      <object_component id="oc-70">
         <name>.text</name>
         <load_address>0x3998</load_address>
         <run_address>0x3998</run_address>
         <size>0x4</size>
         <input_file_ref idref="fl-146"/>
      </object_component>
      <object_component id="oc-209">
         <name>.const:.string:_ctypes_</name>
         <load_address>0x39a0</load_address>
         <run_address>0x39a0</run_address>
         <size>0x101</size>
         <input_file_ref idref="fl-140"/>
      </object_component>
      <object_component id="oc-1d8">
         <name>.const:g_pui32Regs</name>
         <load_address>0x3aa4</load_address>
         <run_address>0x3aa4</run_address>
         <size>0x9c</size>
         <input_file_ref idref="fl-16"/>
      </object_component>
      <object_component id="oc-2ef">
         <name>.const</name>
         <load_address>0x3b40</load_address>
         <run_address>0x3b40</run_address>
         <size>0x98</size>
         <input_file_ref idref="fl-148"/>
      </object_component>
      <object_component id="oc-211">
         <name>.const:g_pui32GPIOBaseAddrs</name>
         <load_address>0x3bd8</load_address>
         <run_address>0x3bd8</run_address>
         <size>0x90</size>
         <input_file_ref idref="fl-17"/>
      </object_component>
      <object_component id="oc-1d3">
         <name>.const</name>
         <load_address>0x3c68</load_address>
         <run_address>0x3c68</run_address>
         <size>0x70</size>
         <input_file_ref idref="fl-16"/>
      </object_component>
      <object_component id="oc-1b5">
         <name>.const:g_pui32Xtals</name>
         <load_address>0x3cd8</load_address>
         <run_address>0x3cd8</run_address>
         <size>0x6c</size>
         <input_file_ref idref="fl-15"/>
      </object_component>
      <object_component id="oc-327">
         <name>.cinit..data.load</name>
         <load_address>0x3d48</load_address>
         <run_address>0x3d48</run_address>
         <size>0x14</size>
      </object_component>
      <object_component id="oc-325">
         <name>__TI_handler_table</name>
         <load_address>0x3d5c</load_address>
         <run_address>0x3d5c</run_address>
         <size>0xc</size>
      </object_component>
      <object_component id="oc-328">
         <name>.cinit..bss.load</name>
         <load_address>0x3d68</load_address>
         <run_address>0x3d68</run_address>
         <size>0x8</size>
      </object_component>
      <object_component id="oc-326">
         <name>__TI_cinit_table</name>
         <load_address>0x3d70</load_address>
         <run_address>0x3d70</run_address>
         <size>0x10</size>
      </object_component>
      <object_component id="oc-29">
         <name>.stack</name>
         <uninitialized>true</uninitialized>
         <run_address>0x20000298</run_address>
         <size>0x0</size>
         <input_file_ref idref="fl-13c"/>
      </object_component>
      <object_component id="oc-329">
         <name>.stack</name>
         <uninitialized>true</uninitialized>
         <run_address>0x20000298</run_address>
         <size>0x0</size>
      </object_component>
      <object_component id="oc-16f">
         <name>.bss:samPosition12</name>
         <uninitialized>true</uninitialized>
         <run_address>0x20000164</run_address>
         <size>0x60</size>
         <input_file_ref idref="fl-2"/>
      </object_component>
      <object_component id="oc-17a">
         <name>.bss:serialPC</name>
         <uninitialized>true</uninitialized>
         <run_address>0x20000000</run_address>
         <size>0xcb</size>
         <input_file_ref idref="fl-7"/>
      </object_component>
      <object_component id="oc-262">
         <name>.bss:dataSendBuffer</name>
         <uninitialized>true</uninitialized>
         <run_address>0x200000cb</run_address>
         <size>0x98</size>
         <input_file_ref idref="fl-7"/>
      </object_component>
      <object_component id="oc-144">
         <name>.bss:Uart</name>
         <uninitialized>true</uninitialized>
         <run_address>0x200001c4</run_address>
         <size>0x29</size>
         <input_file_ref idref="fl-b"/>
      </object_component>
      <object_component id="oc-261">
         <name>.common:sam1</name>
         <uninitialized>true</uninitialized>
         <run_address>0x20000280</run_address>
         <size>0xc</size>
      </object_component>
      <object_component id="oc-16e">
         <name>.common:samPosition8</name>
         <uninitialized>true</uninitialized>
         <run_address>0x20000265</run_address>
         <size>0x18</size>
      </object_component>
      <object_component id="oc-16c">
         <name>.common:samLoad8</name>
         <uninitialized>true</uninitialized>
         <run_address>0x20000235</run_address>
         <size>0x18</size>
      </object_component>
      <object_component id="oc-176">
         <name>.common:samDataAvail</name>
         <uninitialized>true</uninitialized>
         <run_address>0x20000205</run_address>
         <size>0x18</size>
      </object_component>
      <object_component id="oc-172">
         <name>.common:samP</name>
         <uninitialized>true</uninitialized>
         <run_address>0x2000024d</run_address>
         <size>0x18</size>
      </object_component>
      <object_component id="oc-174">
         <name>.common:samI</name>
         <uninitialized>true</uninitialized>
         <run_address>0x2000021d</run_address>
         <size>0x18</size>
      </object_component>
      <object_component id="oc-173">
         <name>.common:samD</name>
         <uninitialized>true</uninitialized>
         <run_address>0x200001ed</run_address>
         <size>0x18</size>
      </object_component>
      <object_component id="oc-ed">
         <name>.common:samReadBusy</name>
         <uninitialized>true</uninitialized>
         <run_address>0x2000027d</run_address>
         <size>0x1</size>
      </object_component>
      <object_component id="oc-175">
         <name>.common:samReadMode</name>
         <uninitialized>true</uninitialized>
         <run_address>0x20000296</run_address>
         <size>0x1</size>
      </object_component>
      <object_component id="oc-177">
         <name>.common:samReadCurrentID_C4</name>
         <uninitialized>true</uninitialized>
         <run_address>0x2000027f</run_address>
         <size>0x1</size>
      </object_component>
      <object_component id="oc-16d">
         <name>.common:samReadCurrentID_C2</name>
         <uninitialized>true</uninitialized>
         <run_address>0x2000027e</run_address>
         <size>0x1</size>
      </object_component>
      <object_component id="oc-ea">
         <name>.common:FlagTimer</name>
         <uninitialized>true</uninitialized>
         <run_address>0x20000163</run_address>
         <size>0x1</size>
      </object_component>
      <object_component id="oc-f0">
         <name>.common:toggle_led</name>
         <uninitialized>true</uninitialized>
         <run_address>0x20000292</run_address>
         <size>0x4</size>
      </object_component>
      <object_component id="oc-e7">
         <name>.common:SysTick_Int_Count</name>
         <uninitialized>true</uninitialized>
         <run_address>0x2000028c</run_address>
         <size>0x6</size>
      </object_component>
      <object_component id="oc-26b">
         <name>.data</name>
         <load_address>0x200004b2</load_address>
         <run_address>0x200004b2</run_address>
         <size>0x1</size>
         <input_file_ref idref="fl-3"/>
      </object_component>
      <object_component id="oc-f3">
         <name>.data</name>
         <load_address>0x20000498</load_address>
         <run_address>0x20000498</run_address>
         <size>0x1a</size>
         <input_file_ref idref="fl-8"/>
      </object_component>
      <object_component id="oc-1ad">
         <name>.data</name>
         <load_address>0x200004bc</load_address>
         <run_address>0x200004bc</run_address>
         <size>0x8</size>
         <input_file_ref idref="fl-141"/>
      </object_component>
      <object_component id="oc-88">
         <name>.data</name>
         <load_address>0x200004c8</load_address>
         <run_address>0x200004c8</run_address>
         <size>0x4</size>
         <input_file_ref idref="fl-147"/>
      </object_component>
      <object_component id="oc-1aa">
         <name>.data</name>
         <load_address>0x200004b4</load_address>
         <run_address>0x200004b4</run_address>
         <size>0x8</size>
         <input_file_ref idref="fl-149"/>
      </object_component>
      <object_component id="oc-2f2">
         <name>.data</name>
         <load_address>0x200004c4</load_address>
         <run_address>0x200004c4</run_address>
         <size>0x4</size>
         <input_file_ref idref="fl-14d"/>
      </object_component>
      <object_component id="oc-ee">
         <name>.debug_info</name>
         <load_address>0x0</load_address>
         <run_address>0x0</run_address>
         <size>0x311</size>
         <input_file_ref idref="fl-2"/>
      </object_component>
      <object_component id="oc-170">
         <name>.debug_info</name>
         <load_address>0x311</load_address>
         <run_address>0x311</run_address>
         <size>0xef</size>
         <input_file_ref idref="fl-2"/>
      </object_component>
      <object_component id="oc-25c">
         <name>.debug_info</name>
         <load_address>0x400</load_address>
         <run_address>0x400</run_address>
         <size>0x84b</size>
         <input_file_ref idref="fl-2"/>
      </object_component>
      <object_component id="oc-1fe">
         <name>.debug_info</name>
         <load_address>0xc4b</load_address>
         <run_address>0xc4b</run_address>
         <size>0xd6</size>
         <input_file_ref idref="fl-2"/>
      </object_component>
      <object_component id="oc-181">
         <name>.debug_info</name>
         <load_address>0xd21</load_address>
         <run_address>0xd21</run_address>
         <size>0x84</size>
         <input_file_ref idref="fl-2"/>
      </object_component>
      <object_component id="oc-f7">
         <name>.debug_info</name>
         <load_address>0xda5</load_address>
         <run_address>0xda5</run_address>
         <size>0x18b</size>
         <input_file_ref idref="fl-2"/>
      </object_component>
      <object_component id="oc-eb">
         <name>.debug_info</name>
         <load_address>0xf30</load_address>
         <run_address>0xf30</run_address>
         <size>0x93c</size>
         <input_file_ref idref="fl-3"/>
      </object_component>
      <object_component id="oc-26c">
         <name>.debug_info</name>
         <load_address>0x186c</load_address>
         <run_address>0x186c</run_address>
         <size>0xfc</size>
         <input_file_ref idref="fl-3"/>
      </object_component>
      <object_component id="oc-1a3">
         <name>.debug_info</name>
         <load_address>0x1968</load_address>
         <run_address>0x1968</run_address>
         <size>0xec8</size>
         <input_file_ref idref="fl-3"/>
      </object_component>
      <object_component id="oc-1f4">
         <name>.debug_info</name>
         <load_address>0x2830</load_address>
         <run_address>0x2830</run_address>
         <size>0x86</size>
         <input_file_ref idref="fl-3"/>
      </object_component>
      <object_component id="oc-1e9">
         <name>.debug_info</name>
         <load_address>0x28b6</load_address>
         <run_address>0x28b6</run_address>
         <size>0xc3</size>
         <input_file_ref idref="fl-3"/>
      </object_component>
      <object_component id="oc-1f9">
         <name>.debug_info</name>
         <load_address>0x2979</load_address>
         <run_address>0x2979</run_address>
         <size>0x4d</size>
         <input_file_ref idref="fl-3"/>
      </object_component>
      <object_component id="oc-232">
         <name>.debug_info</name>
         <load_address>0x29c6</load_address>
         <run_address>0x29c6</run_address>
         <size>0x5e</size>
         <input_file_ref idref="fl-3"/>
      </object_component>
      <object_component id="oc-149">
         <name>.debug_info</name>
         <load_address>0x2a24</load_address>
         <run_address>0x2a24</run_address>
         <size>0x8b</size>
         <input_file_ref idref="fl-4"/>
      </object_component>
      <object_component id="oc-f1">
         <name>.debug_info</name>
         <load_address>0x2aaf</load_address>
         <run_address>0x2aaf</run_address>
         <size>0x261</size>
         <input_file_ref idref="fl-5"/>
      </object_component>
      <object_component id="oc-dc">
         <name>.debug_info</name>
         <load_address>0x2d10</load_address>
         <run_address>0x2d10</run_address>
         <size>0x381</size>
         <input_file_ref idref="fl-5"/>
      </object_component>
      <object_component id="oc-179">
         <name>.debug_info</name>
         <load_address>0x3091</load_address>
         <run_address>0x3091</run_address>
         <size>0x671</size>
         <input_file_ref idref="fl-6"/>
      </object_component>
      <object_component id="oc-3d">
         <name>.debug_info</name>
         <load_address>0x3702</load_address>
         <run_address>0x3702</run_address>
         <size>0xad5</size>
         <input_file_ref idref="fl-6"/>
      </object_component>
      <object_component id="oc-17e">
         <name>.debug_info</name>
         <load_address>0x41d7</load_address>
         <run_address>0x41d7</run_address>
         <size>0x435</size>
         <input_file_ref idref="fl-7"/>
      </object_component>
      <object_component id="oc-17b">
         <name>.debug_info</name>
         <load_address>0x460c</load_address>
         <run_address>0x460c</run_address>
         <size>0xea</size>
         <input_file_ref idref="fl-7"/>
      </object_component>
      <object_component id="oc-263">
         <name>.debug_info</name>
         <load_address>0x46f6</load_address>
         <run_address>0x46f6</run_address>
         <size>0xf6</size>
         <input_file_ref idref="fl-7"/>
      </object_component>
      <object_component id="oc-43">
         <name>.debug_info</name>
         <load_address>0x47ec</load_address>
         <run_address>0x47ec</run_address>
         <size>0xbd1</size>
         <input_file_ref idref="fl-7"/>
      </object_component>
      <object_component id="oc-e8">
         <name>.debug_info</name>
         <load_address>0x53bd</load_address>
         <run_address>0x53bd</run_address>
         <size>0x446</size>
         <input_file_ref idref="fl-8"/>
      </object_component>
      <object_component id="oc-f4">
         <name>.debug_info</name>
         <load_address>0x5803</load_address>
         <run_address>0x5803</run_address>
         <size>0x262</size>
         <input_file_ref idref="fl-8"/>
      </object_component>
      <object_component id="oc-31">
         <name>.debug_info</name>
         <load_address>0x5a65</load_address>
         <run_address>0x5a65</run_address>
         <size>0x5df</size>
         <input_file_ref idref="fl-8"/>
      </object_component>
      <object_component id="oc-1ed">
         <name>.debug_info</name>
         <load_address>0x6044</load_address>
         <run_address>0x6044</run_address>
         <size>0x11c</size>
         <input_file_ref idref="fl-8"/>
      </object_component>
      <object_component id="oc-2c4">
         <name>.debug_info</name>
         <load_address>0x6160</load_address>
         <run_address>0x6160</run_address>
         <size>0x172</size>
         <input_file_ref idref="fl-9"/>
      </object_component>
      <object_component id="oc-266">
         <name>.debug_info</name>
         <load_address>0x62d2</load_address>
         <run_address>0x62d2</run_address>
         <size>0x5a9</size>
         <input_file_ref idref="fl-9"/>
      </object_component>
      <object_component id="oc-148">
         <name>.debug_info</name>
         <load_address>0x687b</load_address>
         <run_address>0x687b</run_address>
         <size>0x4de</size>
         <input_file_ref idref="fl-b"/>
      </object_component>
      <object_component id="oc-145">
         <name>.debug_info</name>
         <load_address>0x6d59</load_address>
         <run_address>0x6d59</run_address>
         <size>0xe0</size>
         <input_file_ref idref="fl-b"/>
      </object_component>
      <object_component id="oc-3a">
         <name>.debug_info</name>
         <load_address>0x6e39</load_address>
         <run_address>0x6e39</run_address>
         <size>0xe62</size>
         <input_file_ref idref="fl-b"/>
      </object_component>
      <object_component id="oc-4a">
         <name>.debug_info</name>
         <load_address>0x7c9b</load_address>
         <run_address>0x7c9b</run_address>
         <size>0x30b</size>
         <input_file_ref idref="fl-c"/>
      </object_component>
      <object_component id="oc-10">
         <name>.debug_info</name>
         <load_address>0x7fa6</load_address>
         <run_address>0x7fa6</run_address>
         <size>0x102</size>
         <input_file_ref idref="fl-c"/>
      </object_component>
      <object_component id="oc-2b">
         <name>.debug_info</name>
         <load_address>0x80a8</load_address>
         <run_address>0x80a8</run_address>
         <size>0x27f</size>
         <input_file_ref idref="fl-c"/>
      </object_component>
      <object_component id="oc-20f">
         <name>.debug_info</name>
         <load_address>0x8327</load_address>
         <run_address>0x8327</run_address>
         <size>0x1ce</size>
         <input_file_ref idref="fl-12"/>
      </object_component>
      <object_component id="oc-157">
         <name>.debug_info</name>
         <load_address>0x84f5</load_address>
         <run_address>0x84f5</run_address>
         <size>0x1e9</size>
         <input_file_ref idref="fl-12"/>
      </object_component>
      <object_component id="oc-10b">
         <name>.debug_info</name>
         <load_address>0x86de</load_address>
         <run_address>0x86de</run_address>
         <size>0x1e3</size>
         <input_file_ref idref="fl-12"/>
      </object_component>
      <object_component id="oc-123">
         <name>.debug_info</name>
         <load_address>0x88c1</load_address>
         <run_address>0x88c1</run_address>
         <size>0x1f3</size>
         <input_file_ref idref="fl-12"/>
      </object_component>
      <object_component id="oc-106">
         <name>.debug_info</name>
         <load_address>0x8ab4</load_address>
         <run_address>0x8ab4</run_address>
         <size>0x1f1</size>
         <input_file_ref idref="fl-12"/>
      </object_component>
      <object_component id="oc-12a">
         <name>.debug_info</name>
         <load_address>0x8ca5</load_address>
         <run_address>0x8ca5</run_address>
         <size>0x233</size>
         <input_file_ref idref="fl-12"/>
      </object_component>
      <object_component id="oc-152">
         <name>.debug_info</name>
         <load_address>0x8ed8</load_address>
         <run_address>0x8ed8</run_address>
         <size>0x1b3</size>
         <input_file_ref idref="fl-12"/>
      </object_component>
      <object_component id="oc-136">
         <name>.debug_info</name>
         <load_address>0x908b</load_address>
         <run_address>0x908b</run_address>
         <size>0x1ab</size>
         <input_file_ref idref="fl-12"/>
      </object_component>
      <object_component id="oc-227">
         <name>.debug_info</name>
         <load_address>0x9236</load_address>
         <run_address>0x9236</run_address>
         <size>0x233</size>
         <input_file_ref idref="fl-12"/>
      </object_component>
      <object_component id="oc-11e">
         <name>.debug_info</name>
         <load_address>0x9469</load_address>
         <run_address>0x9469</run_address>
         <size>0x28a</size>
         <input_file_ref idref="fl-12"/>
      </object_component>
      <object_component id="oc-130">
         <name>.debug_info</name>
         <load_address>0x96f3</load_address>
         <run_address>0x96f3</run_address>
         <size>0x1f5</size>
         <input_file_ref idref="fl-12"/>
      </object_component>
      <object_component id="oc-16a">
         <name>.debug_info</name>
         <load_address>0x98e8</load_address>
         <run_address>0x98e8</run_address>
         <size>0x1b7</size>
         <input_file_ref idref="fl-12"/>
      </object_component>
      <object_component id="oc-13c">
         <name>.debug_info</name>
         <load_address>0x9a9f</load_address>
         <run_address>0x9a9f</run_address>
         <size>0x25d</size>
         <input_file_ref idref="fl-12"/>
      </object_component>
      <object_component id="oc-142">
         <name>.debug_info</name>
         <load_address>0x9cfc</load_address>
         <run_address>0x9cfc</run_address>
         <size>0x237</size>
         <input_file_ref idref="fl-12"/>
      </object_component>
      <object_component id="oc-1ce">
         <name>.debug_info</name>
         <load_address>0x9f33</load_address>
         <run_address>0x9f33</run_address>
         <size>0x90</size>
         <input_file_ref idref="fl-12"/>
      </object_component>
      <object_component id="oc-1b9">
         <name>.debug_info</name>
         <load_address>0x9fc3</load_address>
         <run_address>0x9fc3</run_address>
         <size>0x18b</size>
         <input_file_ref idref="fl-12"/>
      </object_component>
      <object_component id="oc-1c5">
         <name>.debug_info</name>
         <load_address>0xa14e</load_address>
         <run_address>0xa14e</run_address>
         <size>0x1cf</size>
         <input_file_ref idref="fl-13"/>
      </object_component>
      <object_component id="oc-e2">
         <name>.debug_info</name>
         <load_address>0xa31d</load_address>
         <run_address>0xa31d</run_address>
         <size>0x1ee</size>
         <input_file_ref idref="fl-13"/>
      </object_component>
      <object_component id="oc-b2">
         <name>.debug_info</name>
         <load_address>0xa50b</load_address>
         <run_address>0xa50b</run_address>
         <size>0x21e</size>
         <input_file_ref idref="fl-13"/>
      </object_component>
      <object_component id="oc-ca">
         <name>.debug_info</name>
         <load_address>0xa729</load_address>
         <run_address>0xa729</run_address>
         <size>0x1f8</size>
         <input_file_ref idref="fl-13"/>
      </object_component>
      <object_component id="oc-d6">
         <name>.debug_info</name>
         <load_address>0xa921</load_address>
         <run_address>0xa921</run_address>
         <size>0x1f6</size>
         <input_file_ref idref="fl-13"/>
      </object_component>
      <object_component id="oc-d0">
         <name>.debug_info</name>
         <load_address>0xab17</load_address>
         <run_address>0xab17</run_address>
         <size>0x1e3</size>
         <input_file_ref idref="fl-13"/>
      </object_component>
      <object_component id="oc-ac">
         <name>.debug_info</name>
         <load_address>0xacfa</load_address>
         <run_address>0xacfa</run_address>
         <size>0x1f0</size>
         <input_file_ref idref="fl-13"/>
      </object_component>
      <object_component id="oc-1bf">
         <name>.debug_info</name>
         <load_address>0xaeea</load_address>
         <run_address>0xaeea</run_address>
         <size>0x144</size>
         <input_file_ref idref="fl-14"/>
      </object_component>
      <object_component id="oc-94">
         <name>.debug_info</name>
         <load_address>0xb02e</load_address>
         <run_address>0xb02e</run_address>
         <size>0x1c5</size>
         <input_file_ref idref="fl-14"/>
      </object_component>
      <object_component id="oc-9a">
         <name>.debug_info</name>
         <load_address>0xb1f3</load_address>
         <run_address>0xb1f3</run_address>
         <size>0x18b</size>
         <input_file_ref idref="fl-14"/>
      </object_component>
      <object_component id="oc-a2">
         <name>.debug_info</name>
         <load_address>0xb37e</load_address>
         <run_address>0xb37e</run_address>
         <size>0x185</size>
         <input_file_ref idref="fl-14"/>
      </object_component>
      <object_component id="oc-1c3">
         <name>.debug_info</name>
         <load_address>0xb503</load_address>
         <run_address>0xb503</run_address>
         <size>0x226</size>
         <input_file_ref idref="fl-15"/>
      </object_component>
      <object_component id="oc-1b6">
         <name>.debug_info</name>
         <load_address>0xb729</load_address>
         <run_address>0xb729</run_address>
         <size>0xff</size>
         <input_file_ref idref="fl-15"/>
      </object_component>
      <object_component id="oc-a9">
         <name>.debug_info</name>
         <load_address>0xb828</load_address>
         <run_address>0xb828</run_address>
         <size>0x1e1</size>
         <input_file_ref idref="fl-15"/>
      </object_component>
      <object_component id="oc-258">
         <name>.debug_info</name>
         <load_address>0xba09</load_address>
         <run_address>0xba09</run_address>
         <size>0x363</size>
         <input_file_ref idref="fl-15"/>
      </object_component>
      <object_component id="oc-91">
         <name>.debug_info</name>
         <load_address>0xbd6c</load_address>
         <run_address>0xbd6c</run_address>
         <size>0x219</size>
         <input_file_ref idref="fl-15"/>
      </object_component>
      <object_component id="oc-28a">
         <name>.debug_info</name>
         <load_address>0xbf85</load_address>
         <run_address>0xbf85</run_address>
         <size>0x5f</size>
         <input_file_ref idref="fl-15"/>
      </object_component>
      <object_component id="oc-1d7">
         <name>.debug_info</name>
         <load_address>0xbfe4</load_address>
         <run_address>0xbfe4</run_address>
         <size>0x1ba</size>
         <input_file_ref idref="fl-16"/>
      </object_component>
      <object_component id="oc-1d4">
         <name>.debug_info</name>
         <load_address>0xc19e</load_address>
         <run_address>0xc19e</run_address>
         <size>0x1c2</size>
         <input_file_ref idref="fl-16"/>
      </object_component>
      <object_component id="oc-1d9">
         <name>.debug_info</name>
         <load_address>0xc360</load_address>
         <run_address>0xc360</run_address>
         <size>0x100</size>
         <input_file_ref idref="fl-16"/>
      </object_component>
      <object_component id="oc-c4">
         <name>.debug_info</name>
         <load_address>0xc460</load_address>
         <run_address>0xc460</run_address>
         <size>0x22d</size>
         <input_file_ref idref="fl-16"/>
      </object_component>
      <object_component id="oc-b8">
         <name>.debug_info</name>
         <load_address>0xc68d</load_address>
         <run_address>0xc68d</run_address>
         <size>0x1a2</size>
         <input_file_ref idref="fl-16"/>
      </object_component>
      <object_component id="oc-be">
         <name>.debug_info</name>
         <load_address>0xc82f</load_address>
         <run_address>0xc82f</run_address>
         <size>0x1cc</size>
         <input_file_ref idref="fl-16"/>
      </object_component>
      <object_component id="oc-215">
         <name>.debug_info</name>
         <load_address>0xc9fb</load_address>
         <run_address>0xc9fb</run_address>
         <size>0x1d7</size>
         <input_file_ref idref="fl-17"/>
      </object_component>
      <object_component id="oc-212">
         <name>.debug_info</name>
         <load_address>0xcbd2</load_address>
         <run_address>0xcbd2</run_address>
         <size>0x10d</size>
         <input_file_ref idref="fl-17"/>
      </object_component>
      <object_component id="oc-163">
         <name>.debug_info</name>
         <load_address>0xccdf</load_address>
         <run_address>0xccdf</run_address>
         <size>0x207</size>
         <input_file_ref idref="fl-17"/>
      </object_component>
      <object_component id="oc-219">
         <name>.debug_info</name>
         <load_address>0xcee6</load_address>
         <run_address>0xcee6</run_address>
         <size>0x217</size>
         <input_file_ref idref="fl-17"/>
      </object_component>
      <object_component id="oc-21f">
         <name>.debug_info</name>
         <load_address>0xd0fd</load_address>
         <run_address>0xd0fd</run_address>
         <size>0x312</size>
         <input_file_ref idref="fl-17"/>
      </object_component>
      <object_component id="oc-117">
         <name>.debug_info</name>
         <load_address>0xd40f</load_address>
         <run_address>0xd40f</run_address>
         <size>0x1df</size>
         <input_file_ref idref="fl-17"/>
      </object_component>
      <object_component id="oc-15d">
         <name>.debug_info</name>
         <load_address>0xd5ee</load_address>
         <run_address>0xd5ee</run_address>
         <size>0x1eb</size>
         <input_file_ref idref="fl-17"/>
      </object_component>
      <object_component id="oc-1e2">
         <name>.debug_info</name>
         <load_address>0xd7d9</load_address>
         <run_address>0xd7d9</run_address>
         <size>0x1df</size>
         <input_file_ref idref="fl-17"/>
      </object_component>
      <object_component id="oc-111">
         <name>.debug_info</name>
         <load_address>0xd9b8</load_address>
         <run_address>0xd9b8</run_address>
         <size>0x1e4</size>
         <input_file_ref idref="fl-17"/>
      </object_component>
      <object_component id="oc-1c8">
         <name>.debug_info</name>
         <load_address>0xdb9c</load_address>
         <run_address>0xdb9c</run_address>
         <size>0x176</size>
         <input_file_ref idref="fl-18"/>
      </object_component>
      <object_component id="oc-2d5">
         <name>.debug_info</name>
         <load_address>0xdd12</load_address>
         <run_address>0xdd12</run_address>
         <size>0xfe</size>
         <input_file_ref idref="fl-13a"/>
      </object_component>
      <object_component id="oc-2bc">
         <name>.debug_info</name>
         <load_address>0xde10</load_address>
         <run_address>0xde10</run_address>
         <size>0x12e</size>
         <input_file_ref idref="fl-13a"/>
      </object_component>
      <object_component id="oc-20d">
         <name>.debug_info</name>
         <load_address>0xdf3e</load_address>
         <run_address>0xdf3e</run_address>
         <size>0xf7</size>
         <input_file_ref idref="fl-13b"/>
      </object_component>
      <object_component id="oc-fd">
         <name>.debug_info</name>
         <load_address>0xe035</load_address>
         <run_address>0xe035</run_address>
         <size>0x154</size>
         <input_file_ref idref="fl-13b"/>
      </object_component>
      <object_component id="oc-25">
         <name>.debug_info</name>
         <load_address>0xe189</load_address>
         <run_address>0xe189</run_address>
         <size>0x138</size>
         <input_file_ref idref="fl-13c"/>
      </object_component>
      <object_component id="oc-56">
         <name>.debug_info</name>
         <load_address>0xe2c1</load_address>
         <run_address>0xe2c1</run_address>
         <size>0x123</size>
         <input_file_ref idref="fl-13d"/>
      </object_component>
      <object_component id="oc-13">
         <name>.debug_info</name>
         <load_address>0xe3e4</load_address>
         <run_address>0xe3e4</run_address>
         <size>0x1c2</size>
         <input_file_ref idref="fl-13d"/>
      </object_component>
      <object_component id="oc-51">
         <name>.debug_info</name>
         <load_address>0xe5a6</load_address>
         <run_address>0xe5a6</run_address>
         <size>0x46</size>
         <input_file_ref idref="fl-13d"/>
      </object_component>
      <object_component id="oc-187">
         <name>.debug_info</name>
         <load_address>0xe5ec</load_address>
         <run_address>0xe5ec</run_address>
         <size>0x2c</size>
         <input_file_ref idref="fl-13d"/>
      </object_component>
      <object_component id="oc-5e">
         <name>.debug_info</name>
         <load_address>0xe618</load_address>
         <run_address>0xe618</run_address>
         <size>0x117</size>
         <input_file_ref idref="fl-13e"/>
      </object_component>
      <object_component id="oc-59">
         <name>.debug_info</name>
         <load_address>0xe72f</load_address>
         <run_address>0xe72f</run_address>
         <size>0x22a</size>
         <input_file_ref idref="fl-13e"/>
      </object_component>
      <object_component id="oc-1a">
         <name>.debug_info</name>
         <load_address>0xe959</load_address>
         <run_address>0xe959</run_address>
         <size>0x1bc</size>
         <input_file_ref idref="fl-13e"/>
      </object_component>
      <object_component id="oc-5f">
         <name>.debug_info</name>
         <load_address>0xeb15</load_address>
         <run_address>0xeb15</run_address>
         <size>0x39</size>
         <input_file_ref idref="fl-13e"/>
      </object_component>
      <object_component id="oc-191">
         <name>.debug_info</name>
         <load_address>0xeb4e</load_address>
         <run_address>0xeb4e</run_address>
         <size>0x2c</size>
         <input_file_ref idref="fl-13e"/>
      </object_component>
      <object_component id="oc-6f">
         <name>.debug_info</name>
         <load_address>0xeb7a</load_address>
         <run_address>0xeb7a</run_address>
         <size>0x112</size>
         <input_file_ref idref="fl-13f"/>
      </object_component>
      <object_component id="oc-21">
         <name>.debug_info</name>
         <load_address>0xec8c</load_address>
         <run_address>0xec8c</run_address>
         <size>0x18d</size>
         <input_file_ref idref="fl-13f"/>
      </object_component>
      <object_component id="oc-6a">
         <name>.debug_info</name>
         <load_address>0xee19</load_address>
         <run_address>0xee19</run_address>
         <size>0x46</size>
         <input_file_ref idref="fl-13f"/>
      </object_component>
      <object_component id="oc-29b">
         <name>.debug_info</name>
         <load_address>0xee5f</load_address>
         <run_address>0xee5f</run_address>
         <size>0xd1</size>
         <input_file_ref idref="fl-140"/>
      </object_component>
      <object_component id="oc-20a">
         <name>.debug_info</name>
         <load_address>0xef30</load_address>
         <run_address>0xef30</run_address>
         <size>0xdd</size>
         <input_file_ref idref="fl-140"/>
      </object_component>
      <object_component id="oc-1b1">
         <name>.debug_info</name>
         <load_address>0xf00d</load_address>
         <run_address>0xf00d</run_address>
         <size>0x174</size>
         <input_file_ref idref="fl-141"/>
      </object_component>
      <object_component id="oc-1ae">
         <name>.debug_info</name>
         <load_address>0xf181</load_address>
         <run_address>0xf181</run_address>
         <size>0x119</size>
         <input_file_ref idref="fl-141"/>
      </object_component>
      <object_component id="oc-86">
         <name>.debug_info</name>
         <load_address>0xf29a</load_address>
         <run_address>0xf29a</run_address>
         <size>0x1f0</size>
         <input_file_ref idref="fl-141"/>
      </object_component>
      <object_component id="oc-2bf">
         <name>.debug_info</name>
         <load_address>0xf48a</load_address>
         <run_address>0xf48a</run_address>
         <size>0x116</size>
         <input_file_ref idref="fl-142"/>
      </object_component>
      <object_component id="oc-2cd">
         <name>.debug_info</name>
         <load_address>0xf5a0</load_address>
         <run_address>0xf5a0</run_address>
         <size>0xf4</size>
         <input_file_ref idref="fl-143"/>
      </object_component>
      <object_component id="oc-2b3">
         <name>.debug_info</name>
         <load_address>0xf694</load_address>
         <run_address>0xf694</run_address>
         <size>0x12c</size>
         <input_file_ref idref="fl-143"/>
      </object_component>
      <object_component id="oc-4c">
         <name>.debug_info</name>
         <load_address>0xf7c0</load_address>
         <run_address>0xf7c0</run_address>
         <size>0xfa</size>
         <input_file_ref idref="fl-144"/>
      </object_component>
      <object_component id="oc-65">
         <name>.debug_info</name>
         <load_address>0xf8ba</load_address>
         <run_address>0xf8ba</run_address>
         <size>0x12a</size>
         <input_file_ref idref="fl-145"/>
      </object_component>
      <object_component id="oc-72">
         <name>.debug_info</name>
         <load_address>0xf9e4</load_address>
         <run_address>0xf9e4</run_address>
         <size>0x12b</size>
         <input_file_ref idref="fl-146"/>
      </object_component>
      <object_component id="oc-89">
         <name>.debug_info</name>
         <load_address>0xfb0f</load_address>
         <run_address>0xfb0f</run_address>
         <size>0xec</size>
         <input_file_ref idref="fl-147"/>
      </object_component>
      <object_component id="oc-2f6">
         <name>.debug_info</name>
         <load_address>0xfbfb</load_address>
         <run_address>0xfbfb</run_address>
         <size>0x23f</size>
         <input_file_ref idref="fl-148"/>
      </object_component>
      <object_component id="oc-2f0">
         <name>.debug_info</name>
         <load_address>0xfe3a</load_address>
         <run_address>0xfe3a</run_address>
         <size>0xfb</size>
         <input_file_ref idref="fl-148"/>
      </object_component>
      <object_component id="oc-2cf">
         <name>.debug_info</name>
         <load_address>0xff35</load_address>
         <run_address>0xff35</run_address>
         <size>0x2e3</size>
         <input_file_ref idref="fl-148"/>
      </object_component>
      <object_component id="oc-27e">
         <name>.debug_info</name>
         <load_address>0x10218</load_address>
         <run_address>0x10218</run_address>
         <size>0x107</size>
         <input_file_ref idref="fl-149"/>
      </object_component>
      <object_component id="oc-1ab">
         <name>.debug_info</name>
         <load_address>0x1031f</load_address>
         <run_address>0x1031f</run_address>
         <size>0xf6</size>
         <input_file_ref idref="fl-149"/>
      </object_component>
      <object_component id="oc-277">
         <name>.debug_info</name>
         <load_address>0x10415</load_address>
         <run_address>0x10415</run_address>
         <size>0x202</size>
         <input_file_ref idref="fl-149"/>
      </object_component>
      <object_component id="oc-1a9">
         <name>.debug_info</name>
         <load_address>0x10617</load_address>
         <run_address>0x10617</run_address>
         <size>0x149</size>
         <input_file_ref idref="fl-14a"/>
      </object_component>
      <object_component id="oc-7d">
         <name>.debug_info</name>
         <load_address>0x10760</load_address>
         <run_address>0x10760</run_address>
         <size>0x14a</size>
         <input_file_ref idref="fl-14a"/>
      </object_component>
      <object_component id="oc-271">
         <name>.debug_info</name>
         <load_address>0x108aa</load_address>
         <run_address>0x108aa</run_address>
         <size>0x5e</size>
         <input_file_ref idref="fl-14a"/>
      </object_component>
      <object_component id="oc-1a1">
         <name>.debug_info</name>
         <load_address>0x10908</load_address>
         <run_address>0x10908</run_address>
         <size>0x2a0</size>
         <input_file_ref idref="fl-14b"/>
      </object_component>
      <object_component id="oc-77">
         <name>.debug_info</name>
         <load_address>0x10ba8</load_address>
         <run_address>0x10ba8</run_address>
         <size>0x15a</size>
         <input_file_ref idref="fl-14b"/>
      </object_component>
      <object_component id="oc-24a">
         <name>.debug_info</name>
         <load_address>0x10d02</load_address>
         <run_address>0x10d02</run_address>
         <size>0x39</size>
         <input_file_ref idref="fl-14b"/>
      </object_component>
      <object_component id="oc-24f">
         <name>.debug_info</name>
         <load_address>0x10d3b</load_address>
         <run_address>0x10d3b</run_address>
         <size>0xcd</size>
         <input_file_ref idref="fl-14b"/>
      </object_component>
      <object_component id="oc-247">
         <name>.debug_info</name>
         <load_address>0x10e08</load_address>
         <run_address>0x10e08</run_address>
         <size>0x1c3</size>
         <input_file_ref idref="fl-14c"/>
      </object_component>
      <object_component id="oc-19c">
         <name>.debug_info</name>
         <load_address>0x10fcb</load_address>
         <run_address>0x10fcb</run_address>
         <size>0x17f</size>
         <input_file_ref idref="fl-14c"/>
      </object_component>
      <object_component id="oc-2a9">
         <name>.debug_info</name>
         <load_address>0x1114a</load_address>
         <run_address>0x1114a</run_address>
         <size>0x2c</size>
         <input_file_ref idref="fl-14c"/>
      </object_component>
      <object_component id="oc-2f3">
         <name>.debug_info</name>
         <load_address>0x11176</load_address>
         <run_address>0x11176</run_address>
         <size>0xd8</size>
         <input_file_ref idref="fl-14d"/>
      </object_component>
      <object_component id="oc-2e1">
         <name>.debug_info</name>
         <load_address>0x1124e</load_address>
         <run_address>0x1124e</run_address>
         <size>0x12d</size>
         <input_file_ref idref="fl-14e"/>
      </object_component>
      <object_component id="oc-2e6">
         <name>.debug_info</name>
         <load_address>0x1137b</load_address>
         <run_address>0x1137b</run_address>
         <size>0x109</size>
         <input_file_ref idref="fl-14f"/>
      </object_component>
      <object_component id="oc-2eb">
         <name>.debug_info</name>
         <load_address>0x11484</load_address>
         <run_address>0x11484</run_address>
         <size>0x11b</size>
         <input_file_ref idref="fl-150"/>
      </object_component>
      <object_component id="oc-2de">
         <name>.debug_info</name>
         <load_address>0x1159f</load_address>
         <run_address>0x1159f</run_address>
         <size>0x11b</size>
         <input_file_ref idref="fl-151"/>
      </object_component>
      <object_component id="oc-32a">
         <name>.debug_info</name>
         <load_address>0x116ba</load_address>
         <run_address>0x116ba</run_address>
         <size>0xbc</size>
      </object_component>
      <object_component id="oc-204">
         <name>.debug_line</name>
         <load_address>0x0</load_address>
         <run_address>0x0</run_address>
         <size>0x9c</size>
         <input_file_ref idref="fl-2"/>
      </object_component>
      <object_component id="oc-23f">
         <name>.debug_line</name>
         <load_address>0x9c</load_address>
         <run_address>0x9c</run_address>
         <size>0x2c</size>
         <input_file_ref idref="fl-2"/>
      </object_component>
      <object_component id="oc-25f">
         <name>.debug_line</name>
         <load_address>0xc8</load_address>
         <run_address>0xc8</run_address>
         <size>0x2a8</size>
         <input_file_ref idref="fl-2"/>
      </object_component>
      <object_component id="oc-201">
         <name>.debug_line</name>
         <load_address>0x370</load_address>
         <run_address>0x370</run_address>
         <size>0x2c</size>
         <input_file_ref idref="fl-2"/>
      </object_component>
      <object_component id="oc-184">
         <name>.debug_line</name>
         <load_address>0x39c</load_address>
         <run_address>0x39c</run_address>
         <size>0x20</size>
         <input_file_ref idref="fl-2"/>
      </object_component>
      <object_component id="oc-fa">
         <name>.debug_line</name>
         <load_address>0x3bc</load_address>
         <run_address>0x3bc</run_address>
         <size>0x60</size>
         <input_file_ref idref="fl-2"/>
      </object_component>
      <object_component id="oc-1f3">
         <name>.debug_line</name>
         <load_address>0x41c</load_address>
         <run_address>0x41c</run_address>
         <size>0x11b</size>
         <input_file_ref idref="fl-3"/>
      </object_component>
      <object_component id="oc-2c6">
         <name>.debug_line</name>
         <load_address>0x537</load_address>
         <run_address>0x537</run_address>
         <size>0x3a</size>
         <input_file_ref idref="fl-3"/>
      </object_component>
      <object_component id="oc-1a6">
         <name>.debug_line</name>
         <load_address>0x571</load_address>
         <run_address>0x571</run_address>
         <size>0x37b</size>
         <input_file_ref idref="fl-3"/>
      </object_component>
      <object_component id="oc-1f7">
         <name>.debug_line</name>
         <load_address>0x8ec</load_address>
         <run_address>0x8ec</run_address>
         <size>0x31</size>
         <input_file_ref idref="fl-3"/>
      </object_component>
      <object_component id="oc-1eb">
         <name>.debug_line</name>
         <load_address>0x91d</load_address>
         <run_address>0x91d</run_address>
         <size>0x30</size>
         <input_file_ref idref="fl-3"/>
      </object_component>
      <object_component id="oc-1fc">
         <name>.debug_line</name>
         <load_address>0x94d</load_address>
         <run_address>0x94d</run_address>
         <size>0x3a</size>
         <input_file_ref idref="fl-3"/>
      </object_component>
      <object_component id="oc-235">
         <name>.debug_line</name>
         <load_address>0x987</load_address>
         <run_address>0x987</run_address>
         <size>0x2f</size>
         <input_file_ref idref="fl-3"/>
      </object_component>
      <object_component id="oc-14c">
         <name>.debug_line</name>
         <load_address>0x9b6</load_address>
         <run_address>0x9b6</run_address>
         <size>0x20</size>
         <input_file_ref idref="fl-4"/>
      </object_component>
      <object_component id="oc-206">
         <name>.debug_line</name>
         <load_address>0x9d6</load_address>
         <run_address>0x9d6</run_address>
         <size>0x9f</size>
         <input_file_ref idref="fl-5"/>
      </object_component>
      <object_component id="oc-df">
         <name>.debug_line</name>
         <load_address>0xa75</load_address>
         <run_address>0xa75</run_address>
         <size>0xa8</size>
         <input_file_ref idref="fl-5"/>
      </object_component>
      <object_component id="oc-241">
         <name>.debug_line</name>
         <load_address>0xb1d</load_address>
         <run_address>0xb1d</run_address>
         <size>0x113</size>
         <input_file_ref idref="fl-6"/>
      </object_component>
      <object_component id="oc-41">
         <name>.debug_line</name>
         <load_address>0xc30</load_address>
         <run_address>0xc30</run_address>
         <size>0x1a8</size>
         <input_file_ref idref="fl-6"/>
      </object_component>
      <object_component id="oc-245">
         <name>.debug_line</name>
         <load_address>0xdd8</load_address>
         <run_address>0xdd8</run_address>
         <size>0x107</size>
         <input_file_ref idref="fl-7"/>
      </object_component>
      <object_component id="oc-243">
         <name>.debug_line</name>
         <load_address>0xedf</load_address>
         <run_address>0xedf</run_address>
         <size>0x31</size>
         <input_file_ref idref="fl-7"/>
      </object_component>
      <object_component id="oc-2b1">
         <name>.debug_line</name>
         <load_address>0xf10</load_address>
         <run_address>0xf10</run_address>
         <size>0x31</size>
         <input_file_ref idref="fl-7"/>
      </object_component>
      <object_component id="oc-46">
         <name>.debug_line</name>
         <load_address>0xf41</load_address>
         <run_address>0xf41</run_address>
         <size>0x1b0</size>
         <input_file_ref idref="fl-7"/>
      </object_component>
      <object_component id="oc-1e8">
         <name>.debug_line</name>
         <load_address>0x10f1</load_address>
         <run_address>0x10f1</run_address>
         <size>0x144</size>
         <input_file_ref idref="fl-8"/>
      </object_component>
      <object_component id="oc-208">
         <name>.debug_line</name>
         <load_address>0x1235</load_address>
         <run_address>0x1235</run_address>
         <size>0x30</size>
         <input_file_ref idref="fl-8"/>
      </object_component>
      <object_component id="oc-34">
         <name>.debug_line</name>
         <load_address>0x1265</load_address>
         <run_address>0x1265</run_address>
         <size>0x140</size>
         <input_file_ref idref="fl-8"/>
      </object_component>
      <object_component id="oc-1f0">
         <name>.debug_line</name>
         <load_address>0x13a5</load_address>
         <run_address>0x13a5</run_address>
         <size>0x30</size>
         <input_file_ref idref="fl-8"/>
      </object_component>
      <object_component id="oc-2d8">
         <name>.debug_line</name>
         <load_address>0x13d5</load_address>
         <run_address>0x13d5</run_address>
         <size>0xa4</size>
         <input_file_ref idref="fl-9"/>
      </object_component>
      <object_component id="oc-269">
         <name>.debug_line</name>
         <load_address>0x1479</load_address>
         <run_address>0x1479</run_address>
         <size>0x153</size>
         <input_file_ref idref="fl-9"/>
      </object_component>
      <object_component id="oc-238">
         <name>.debug_line</name>
         <load_address>0x15cc</load_address>
         <run_address>0x15cc</run_address>
         <size>0x154</size>
         <input_file_ref idref="fl-b"/>
      </object_component>
      <object_component id="oc-231">
         <name>.debug_line</name>
         <load_address>0x1720</load_address>
         <run_address>0x1720</run_address>
         <size>0x2f</size>
         <input_file_ref idref="fl-b"/>
      </object_component>
      <object_component id="oc-38">
         <name>.debug_line</name>
         <load_address>0x174f</load_address>
         <run_address>0x174f</run_address>
         <size>0x23a</size>
         <input_file_ref idref="fl-b"/>
      </object_component>
      <object_component id="oc-180">
         <name>.debug_line</name>
         <load_address>0x1989</load_address>
         <run_address>0x1989</run_address>
         <size>0x41</size>
         <input_file_ref idref="fl-c"/>
      </object_component>
      <object_component id="oc-49">
         <name>.debug_line</name>
         <load_address>0x19ca</load_address>
         <run_address>0x19ca</run_address>
         <size>0x41</size>
         <input_file_ref idref="fl-c"/>
      </object_component>
      <object_component id="oc-2f">
         <name>.debug_line</name>
         <load_address>0x1a0b</load_address>
         <run_address>0x1a0b</run_address>
         <size>0xa1</size>
         <input_file_ref idref="fl-c"/>
      </object_component>
      <object_component id="oc-29f">
         <name>.debug_line</name>
         <load_address>0x1aac</load_address>
         <run_address>0x1aac</run_address>
         <size>0x5b</size>
         <input_file_ref idref="fl-12"/>
      </object_component>
      <object_component id="oc-159">
         <name>.debug_line</name>
         <load_address>0x1b07</load_address>
         <run_address>0x1b07</run_address>
         <size>0x6b</size>
         <input_file_ref idref="fl-12"/>
      </object_component>
      <object_component id="oc-10d">
         <name>.debug_line</name>
         <load_address>0x1b72</load_address>
         <run_address>0x1b72</run_address>
         <size>0x6b</size>
         <input_file_ref idref="fl-12"/>
      </object_component>
      <object_component id="oc-125">
         <name>.debug_line</name>
         <load_address>0x1bdd</load_address>
         <run_address>0x1bdd</run_address>
         <size>0x6b</size>
         <input_file_ref idref="fl-12"/>
      </object_component>
      <object_component id="oc-105">
         <name>.debug_line</name>
         <load_address>0x1c48</load_address>
         <run_address>0x1c48</run_address>
         <size>0x6b</size>
         <input_file_ref idref="fl-12"/>
      </object_component>
      <object_component id="oc-129">
         <name>.debug_line</name>
         <load_address>0x1cb3</load_address>
         <run_address>0x1cb3</run_address>
         <size>0x6b</size>
         <input_file_ref idref="fl-12"/>
      </object_component>
      <object_component id="oc-151">
         <name>.debug_line</name>
[...]
      </symbol>
      <symbol id="sm-28f">
         <name>UART5_Init</name>
         <value>0x1b7b</value>
         <object_component_ref idref="oc-42"/>
      </symbol>
      <symbol id="sm-290">
         <name>dataSendBuffer</name>
         <value>0x200000cb</value>
         <object_component_ref idref="oc-262"/>
      </symbol>
      <symbol id="sm-291">
         <name>UART7_Init</name>
         <value>0x1c45</value>
         <object_component_ref idref="oc-42"/>
      </symbol>
      <symbol id="sm-292">
         <name>UART2_Init</name>
         <value>0x1b15</value>
         <object_component_ref idref="oc-42"/>
      </symbol>
      <symbol id="sm-2ce">
         <name>SysTick_Int_Count</name>
         <value>0x2000028c</value>
      </symbol>
      <symbol id="sm-2cf">
         <name>preMicroSecond_camera</name>
         <value>0x200004a8</value>
         <object_component_ref idref="oc-f3"/>
      </symbol>
      <symbol id="sm-2d0">
         <name>preMicroSecond_angle</name>
         <value>0x2000049c</value>
         <object_component_ref idref="oc-f3"/>
      </symbol>
      <symbol id="sm-2d1">
         <name>SycTick_Interrupt_Handler</name>
         <value>0x285b</value>
         <object_component_ref idref="oc-30"/>
      </symbol>
      <symbol id="sm-2d2">
         <name>Timer1_init</name>
         <value>0x2907</value>
         <object_component_ref idref="oc-30"/>
      </symbol>
      <symbol id="sm-2d3">
         <name>Timer0_init</name>
         <value>0x2981</value>
         <object_component_ref idref="oc-30"/>
      </symbol>
      <symbol id="sm-2d4">
         <name>Timer0_Interrupt_Handler</name>
         <value>0x29c3</value>
         <object_component_ref idref="oc-30"/>
      </symbol>
      <symbol id="sm-2d5">
         <name>getMicroSecond</name>
         <value>0x29e1</value>
         <object_component_ref idref="oc-30"/>
      </symbol>
      <symbol id="sm-2d6">
         <name>safe_flag</name>
         <value>0x200004b0</value>
         <object_component_ref idref="oc-f3"/>
      </symbol>
      <symbol id="sm-2d7">
         <name>preMicroSecond_position</name>
         <value>0x200004a0</value>
         <object_component_ref idref="oc-f3"/>
      </symbol>
      <symbol id="sm-2d8">
         <name>Timer1_Reset</name>
         <value>0x2975</value>
         <object_component_ref idref="oc-30"/>
      </symbol>
      <symbol id="sm-2d9">
         <name>preMicroSecond_sonar</name>
         <value>0x200004a4</value>
         <object_component_ref idref="oc-f3"/>
      </symbol>
      <symbol id="sm-2da">
         <name>Timer1_Interrupt_Handler</name>
         <value>0x294f</value>
         <object_component_ref idref="oc-30"/>
      </symbol>
      <symbol id="sm-2db">
         <name>seconds</name>
         <value>0x20000498</value>
         <object_component_ref idref="oc-f3"/>
      </symbol>
      <symbol id="sm-2dc">
         <name>sampling_time_second</name>
         <value>0x200004ac</value>
         <object_component_ref idref="oc-f3"/>
      </symbol>
      <symbol id="sm-2dd">
         <name>SysTick_Init</name>
         <value>0x2841</value>
         <object_component_ref idref="oc-30"/>
      </symbol>
      <symbol id="sm-2de">
         <name>SycTick_Int_Count</name>
         <value>0x200004b1</value>
         <object_component_ref idref="oc-f3"/>
      </symbol>
      <symbol id="sm-306">
         <name>Map_y</name>
         <value>0x1eed</value>
         <object_component_ref idref="oc-265"/>
      </symbol>
      <symbol id="sm-307">
         <name>set_int_value</name>
         <value>0x224b</value>
         <object_component_ref idref="oc-265"/>
      </symbol>
      <symbol id="sm-308">
         <name>int2num</name>
         <value>0x2113</value>
         <object_component_ref idref="oc-265"/>
      </symbol>
      <symbol id="sm-309">
         <name>set_float_value</name>
         <value>0x2211</value>
         <object_component_ref idref="oc-265"/>
      </symbol>
      <symbol id="sm-30a">
         <name>float2str</name>
         <value>0x1f41</value>
         <object_component_ref idref="oc-265"/>
      </symbol>
      <symbol id="sm-351">
         <name>UART1_Interrupt_Handler</name>
         <value>0x22d7</value>
         <object_component_ref idref="oc-36"/>
      </symbol>
      <symbol id="sm-352">
         <name>SerialPutStr_NonTer</name>
         <value>0x2547</value>
         <object_component_ref idref="oc-36"/>
      </symbol>
      <symbol id="sm-353">
         <name>set_position</name>
         <value>0x227d</value>
         <object_component_ref idref="oc-36"/>
      </symbol>
      <symbol id="sm-354">
         <name>UART0_Interrupt_Handler</name>
         <value>0x2329</value>
         <object_component_ref idref="oc-36"/>
      </symbol>
      <symbol id="sm-355">
         <name>SerialPutStrLn</name>
         <value>0x2517</value>
         <object_component_ref idref="oc-36"/>
      </symbol>
      <symbol id="sm-356">
         <name>Uart</name>
         <value>0x200001c4</value>
         <object_component_ref idref="oc-144"/>
      </symbol>
      <symbol id="sm-357">
         <name>UART6_Interrupt_Handler</name>
         <value>0x22bd</value>
         <object_component_ref idref="oc-36"/>
      </symbol>
      <symbol id="sm-358">
         <name>SerialPutChar</name>
         <value>0x24db</value>
         <object_component_ref idref="oc-36"/>
      </symbol>
      <symbol id="sm-359">
         <name>UART6_Init</name>
         <value>0x2383</value>
         <object_component_ref idref="oc-36"/>
      </symbol>
      <symbol id="sm-35a">
         <name>UART0_Init</name>
         <value>0x23db</value>
         <object_component_ref idref="oc-36"/>
      </symbol>
      <symbol id="sm-35b">
         <name>UART1_Init</name>
         <value>0x2431</value>
         <object_component_ref idref="oc-36"/>
      </symbol>
      <symbol id="sm-35c">
         <name>SerialTerminator</name>
         <value>0x25a7</value>
         <object_component_ref idref="oc-36"/>
      </symbol>
      <symbol id="sm-35d">
         <name>SerialPutStr</name>
         <value>0x24ef</value>
         <object_component_ref idref="oc-36"/>
      </symbol>
      <symbol id="sm-35e">
         <name>SerialGetStr</name>
         <value>0x2567</value>
         <object_component_ref idref="oc-36"/>
      </symbol>
      <symbol id="sm-35f">
         <name>SerialPutData</name>
         <value>0x24a3</value>
         <object_component_ref idref="oc-36"/>
      </symbol>
      <symbol id="sm-37b">
         <name>ResetISR</name>
         <value>0x3915</value>
         <object_component_ref idref="oc-2a"/>
      </symbol>
      <symbol id="sm-37c">
         <name>g_pfnVectors</name>
         <value>0x0</value>
         <object_component_ref idref="oc-f"/>
      </symbol>
      <symbol id="sm-3ff">
         <name>UARTTxIntModeSet</name>
         <value>0x38fd</value>
         <object_component_ref idref="oc-154"/>
      </symbol>
      <symbol id="sm-400">
         <name>UARTConfigSetExpClk</name>
         <value>0x3711</value>
         <object_component_ref idref="oc-11a"/>
      </symbol>
      <symbol id="sm-401">
         <name>UARTDisable</name>
         <value>0x37d5</value>
         <object_component_ref idref="oc-223"/>
      </symbol>
      <symbol id="sm-402">
         <name>UARTIntEnable</name>
         <value>0x3965</value>
         <object_component_ref idref="oc-120"/>
      </symbol>
      <symbol id="sm-403">
         <name>UARTCharsAvail</name>
         <value>0x38f1</value>
         <object_component_ref idref="oc-166"/>
      </symbol>
      <symbol id="sm-404">
         <name>UARTClockSourceSet</name>
         <value>0x397f</value>
         <object_component_ref idref="oc-12c"/>
      </symbol>
      <symbol id="sm-405">
         <name>UARTCharPut</name>
         <value>0x393f</value>
         <object_component_ref idref="oc-138"/>
      </symbol>
      <symbol id="sm-406">
         <name>UARTEnable</name>
         <value>0x3849</value>
         <object_component_ref idref="oc-132"/>
      </symbol>
      <symbol id="sm-407">
         <name>UARTFIFOEnable</name>
         <value>0x3949</value>
         <object_component_ref idref="oc-14e"/>
      </symbol>
      <symbol id="sm-408">
         <name>UARTIntClear</name>
         <value>0x3995</value>
         <object_component_ref idref="oc-102"/>
      </symbol>
      <symbol id="sm-409">
         <name>UARTIntStatus</name>
         <value>0x3953</value>
         <object_component_ref idref="oc-108"/>
      </symbol>
      <symbol id="sm-40a">
         <name>UARTCharGet</name>
         <value>0x3935</value>
         <object_component_ref idref="oc-13e"/>
      </symbol>
      <symbol id="sm-40b">
         <name>UARTFIFOLevelSet</name>
         <value>0x3985</value>
         <object_component_ref idref="oc-126"/>
      </symbol>
      <symbol id="sm-446">
         <name>TimerLoadSet</name>
         <value>0x3883</value>
         <object_component_ref idref="oc-b1"/>
      </symbol>
      <symbol id="sm-447">
         <name>TimerEnable</name>
         <value>0x38c9</value>
         <object_component_ref idref="oc-cf"/>
      </symbol>
      <symbol id="sm-448">
         <name>TimerValueGet</name>
         <value>0x392b</value>
         <object_component_ref idref="oc-e1"/>
      </symbol>
      <symbol id="sm-449">
         <name>TimerIntEnable</name>
         <value>0x395d</value>
         <object_component_ref idref="oc-c9"/>
      </symbol>
      <symbol id="sm-44a">
         <name>TimerConfigure</name>
         <value>0x34f5</value>
         <object_component_ref idref="oc-ab"/>
      </symbol>
      <symbol id="sm-44b">
         <name>TimerIntClear</name>
         <value>0x3991</value>
         <object_component_ref idref="oc-d5"/>
      </symbol>
      <symbol id="sm-46e">
         <name>SysTickEnable</name>
         <value>0x3821</value>
         <object_component_ref idref="oc-9f"/>
      </symbol>
      <symbol id="sm-46f">
         <name>SysTickIntEnable</name>
         <value>0x3835</value>
         <object_component_ref idref="oc-99"/>
      </symbol>
      <symbol id="sm-470">
         <name>SysTickPeriodSet</name>
         <value>0x38a9</value>
         <object_component_ref idref="oc-93"/>
      </symbol>
      <symbol id="sm-4cb">
         <name>SysCtlClockSet</name>
         <value>0x306d</value>
         <object_component_ref idref="oc-254"/>
      </symbol>
      <symbol id="sm-4cc">
         <name>SysCtlDelay</name>
         <value>0x3979</value>
         <object_component_ref idref="oc-25a"/>
      </symbol>
      <symbol id="sm-4cd">
         <name>SysCtlPeripheralEnable</name>
         <value>0x3751</value>
         <object_component_ref idref="oc-a5"/>
      </symbol>
      <symbol id="sm-4ce">
         <name>SysCtlClockGet</name>
         <value>0x2e59</value>
         <object_component_ref idref="oc-8d"/>
      </symbol>
      <symbol id="sm-50d">
         <name>IntPrioritySet</name>
         <value>0x37b1</value>
         <object_component_ref idref="oc-c3"/>
      </symbol>
      <symbol id="sm-50e">
         <name>IntEnable</name>
         <value>0x3495</value>
         <object_component_ref idref="oc-bd"/>
      </symbol>
      <symbol id="sm-50f">
         <name>IntMasterEnable</name>
         <value>0x3921</value>
         <object_component_ref idref="oc-b7"/>
      </symbol>
      <symbol id="sm-55f">
         <name>GPIOPinConfigure</name>
         <value>0x3685</value>
         <object_component_ref idref="oc-10e"/>
      </symbol>
      <symbol id="sm-560">
         <name>GPIOPinTypeUART</name>
         <value>0x3871</value>
         <object_component_ref idref="oc-114"/>
      </symbol>
      <symbol id="sm-561">
         <name>GPIOPinTypeGPIOOutput</name>
         <value>0x37f1</value>
         <object_component_ref idref="oc-15a"/>
      </symbol>
      <symbol id="sm-562">
         <name>GPIOPinRead</name>
         <value>0x396d</value>
         <object_component_ref idref="oc-1df"/>
      </symbol>
      <symbol id="sm-563">
         <name>GPIODirModeSet</name>
         <value>0x3785</value>
         <object_component_ref idref="oc-216"/>
      </symbol>
      <symbol id="sm-564">
         <name>GPIOPinWrite</name>
         <value>0x3973</value>
         <object_component_ref idref="oc-160"/>
      </symbol>
      <symbol id="sm-565">
         <name>GPIOPadConfigSet</name>
         <value>0x2d29</value>
         <object_component_ref idref="oc-21c"/>
      </symbol>
      <symbol id="sm-56f">
         <name>CPUcpsie</name>
         <value>0x38e5</value>
         <object_component_ref idref="oc-1c7"/>
      </symbol>
      <symbol id="sm-57c">
         <name>atof</name>
         <value>0x3895</value>
         <object_component_ref idref="oc-2b8"/>
      </symbol>
      <symbol id="sm-592">
         <name>atoi</name>
         <value>0x35a1</value>
         <object_component_ref idref="oc-fc"/>
      </symbol>
      <symbol id="sm-5a4">
         <name>_c_int00</name>
         <value>0x3551</value>
         <object_component_ref idref="oc-24"/>
      </symbol>
      <symbol id="sm-5a5">
         <name>__stack</name>
         <value>0x20000298</value>
         <object_component_ref idref="oc-29"/>
      </symbol>
      <symbol id="sm-5bc">
         <name>__TI_decompress_none</name>
         <value>0x38d7</value>
         <object_component_ref idref="oc-12"/>
      </symbol>
      <symbol id="sm-5e4">
         <name>__TI_decompress_rle24</name>
         <value>0x398b</value>
         <object_component_ref idref="oc-18"/>
      </symbol>
      <symbol id="sm-5f6">
         <name>__TI_zero_init</name>
         <value>0x3909</value>
         <object_component_ref idref="oc-1e"/>
      </symbol>
      <symbol id="sm-601">
         <name>_ctypes_</name>
         <value>0x39a0</value>
         <object_component_ref idref="oc-209"/>
      </symbol>
      <symbol id="sm-620">
         <name>C$$EXIT</name>
         <value>0x36cd</value>
         <object_component_ref idref="oc-82"/>
      </symbol>
      <symbol id="sm-621">
         <name>abort</name>
         <value>0x36d1</value>
         <object_component_ref idref="oc-82"/>
      </symbol>
      <symbol id="sm-622">
         <name>exit</name>
         <value>0x36d9</value>
         <object_component_ref idref="oc-82"/>
      </symbol>
      <symbol id="sm-623">
         <name>__TI_dtors_ptr</name>
         <value>0x200004c0</value>
         <object_component_ref idref="oc-1ad"/>
      </symbol>
      <symbol id="sm-624">
         <name>__TI_cleanup_ptr</name>
         <value>0x200004bc</value>
         <object_component_ref idref="oc-1ad"/>
      </symbol>
      <symbol id="sm-630">
         <name>__aeabi_d2f</name>
         <value>0x3639</value>
         <object_component_ref idref="oc-2be"/>
      </symbol>
      <symbol id="sm-63f">
         <name>isdigit</name>
         <value>0x38b9</value>
         <object_component_ref idref="oc-2b2"/>
      </symbol>
      <symbol id="sm-65a">
         <name>memcpy</name>
         <value>0x3221</value>
         <object_component_ref idref="oc-4b"/>
      </symbol>
      <symbol id="sm-65b">
         <name>__aeabi_memcpy</name>
         <value>0x3221</value>
         <object_component_ref idref="oc-4b"/>
      </symbol>
      <symbol id="sm-65c">
         <name>__aeabi_memcpy8</name>
         <value>0x3221</value>
         <object_component_ref idref="oc-4b"/>
      </symbol>
      <symbol id="sm-65d">
         <name>__aeabi_memcpy4</name>
         <value>0x3221</value>
         <object_component_ref idref="oc-4b"/>
      </symbol>
      <symbol id="sm-66c">
         <name>__aeabi_memset</name>
         <value>0x3345</value>
         <object_component_ref idref="oc-64"/>
      </symbol>
      <symbol id="sm-66d">
         <name>memset</name>
         <value>0x334b</value>
         <object_component_ref idref="oc-64"/>
      </symbol>
      <symbol id="sm-66e">
         <name>__aeabi_memset8</name>
         <value>0x3345</value>
         <object_component_ref idref="oc-64"/>
      </symbol>
      <symbol id="sm-66f">
         <name>__aeabi_memset4</name>
         <value>0x3345</value>
         <object_component_ref idref="oc-64"/>
      </symbol>
      <symbol id="sm-670">
         <name>__aeabi_memclr8</name>
         <value>0x3343</value>
         <object_component_ref idref="oc-64"/>
      </symbol>
      <symbol id="sm-671">
         <name>__aeabi_memclr4</name>
         <value>0x3343</value>
         <object_component_ref idref="oc-64"/>
      </symbol>
      <symbol id="sm-672">
         <name>__aeabi_memclr</name>
         <value>0x3343</value>
         <object_component_ref idref="oc-64"/>
      </symbol>
      <symbol id="sm-67c">
         <name>_system_pre_init</name>
         <value>0x3999</value>
         <object_component_ref idref="oc-70"/>
      </symbol>
      <symbol id="sm-684">
         <name>main_func_sp</name>
         <value>0x200004c8</value>
         <object_component_ref idref="oc-88"/>
      </symbol>
      <symbol id="sm-6c3">
         <name>strtod</name>
         <value>0x2605</value>
         <object_component_ref idref="oc-2ce"/>
      </symbol>
      <symbol id="sm-6dc">
         <name>_nop</name>
         <value>0x386b</value>
         <object_component_ref idref="oc-276"/>
      </symbol>
      <symbol id="sm-6dd">
         <name>_lock</name>
         <value>0x200004b4</value>
         <object_component_ref idref="oc-1aa"/>
      </symbol>
      <symbol id="sm-6de">
         <name>_unlock</name>
         <value>0x200004b8</value>
         <object_component_ref idref="oc-1aa"/>
      </symbol>
      <symbol id="sm-6df">
         <name>_register_lock</name>
         <value>0x3863</value>
         <object_component_ref idref="oc-276"/>
      </symbol>
      <symbol id="sm-6e0">
         <name>_register_unlock</name>
         <value>0x385d</value>
         <object_component_ref idref="oc-276"/>
      </symbol>
      <symbol id="sm-6f5">
         <name>_args_main</name>
         <value>0x3809</value>
         <object_component_ref idref="oc-7c"/>
      </symbol>
      <symbol id="sm-71b">
         <name>__TI_auto_init</name>
         <value>0x33bd</value>
         <object_component_ref idref="oc-76"/>
      </symbol>
      <symbol id="sm-735">
         <name>copy_in</name>
         <value>0x35ed</value>
         <object_component_ref idref="oc-19a"/>
      </symbol>
      <symbol id="sm-73d">
         <name>_Errno</name>
         <value>0x200004c4</value>
         <object_component_ref idref="oc-2f2"/>
      </symbol>
      <symbol id="sm-761">
         <name>__aeabi_dsub</name>
         <value>0x2a3d</value>
         <object_component_ref idref="oc-2e0"/>
      </symbol>
      <symbol id="sm-762">
         <name>__aeabi_dadd</name>
         <value>0x2a47</value>
         <object_component_ref idref="oc-2e0"/>
      </symbol>
      <symbol id="sm-779">
         <name>__aeabi_cdcmpeq</name>
         <value>0x32bd</value>
         <object_component_ref idref="oc-2e5"/>
      </symbol>
      <symbol id="sm-77a">
         <name>__aeabi_cdcmple</name>
         <value>0x32bd</value>
         <object_component_ref idref="oc-2e5"/>
      </symbol>
      <symbol id="sm-79a">
         <name>__aeabi_ddiv</name>
         <value>0x2bf3</value>
         <object_component_ref idref="oc-2ea"/>
      </symbol>
      <symbol id="sm-7b1">
         <name>__aeabi_dmul</name>
         <value>0x2f71</value>
         <object_component_ref idref="oc-2db"/>
      </symbol>
      <symbol id="sm-7b2">
         <name>__TI_static_base__</name>
         <value>0x0</value>
      </symbol>
      <symbol id="sm-7b5">
         <name>SHT$$INIT_ARRAY$$Limit</name>
         <value>0x0</value>
      </symbol>
      <symbol id="sm-7b6">
         <name>SHT$$INIT_ARRAY$$Base</name>
         <value>0x0</value>
      </symbol>
   </symbol_table>
   <title>Link successful</title>
</link_info>
