******************************************************************************
                  TI ARM Linker PC v5.2.2                      
******************************************************************************
>> Linked Mon Jun 26 19:39:55 2017

OUTPUT FILE NAME:   <SensorHub.out>
ENTRY POINT SYMBOL: "_c_int00"  address: 00004051


MEMORY CONFIGURATION

         name            origin    length      used     unused   attr    fill
----------------------  --------  ---------  --------  --------  ----  --------
  FLASH                 00000000   00040000  00004c48  0003b3b8  R  X
  SRAM                  20000000   00008000  00000665  0000799b  RW X


SEGMENT ALLOCATION MAP

run origin  load origin   length   init length attrs members
----------  ----------- ---------- ----------- ----- -------
00000000    00000000    00004c50   00004c50    r-x
  00000000    00000000    0000026c   0000026c    r-- .intvecs
  0000026c    0000026c    000044c8   000044c8    r-x .text
  00004738    00004738    000004ac   000004ac    r-- .const
  00004be8    00004be8    00000068   00000068    r-- .cinit
20000000    20000000    0000066c   00000000    rw-
  20000000    20000000    000002f9   00000000    rw- .bss
  200002fc    200002fc    00000200   00000000    rw- .stack
  20000500    20000500    0000016c   00000000    rw- .data


SECTION ALLOCATION MAP

 output                                  attributes/
section   page    origin      length       input sections
--------  ----  ----------  ----------   ----------------
.intvecs   0    00000000    0000026c     
                  00000000    0000026c     tm4c123gh6pm_startup_ccs.obj (.intvecs)

.text      0    0000026c    000044c8     
                  0000026c    00000710     mpu6050.obj (.text)
                  0000097c    00000534     mainSensorHub.obj (.text)
                  00000eb0    000004a8     myRS485.obj (.text)
                  00001358    00000454     IMU.obj (.text)
                  000017ac    000003cc     mySerial.obj (.text)
                  00001b78    000003bc     myI2C.obj (.text)
                  00001f34    00000390     numManipulate.obj (.text)
                  000022c4    00000358     ZMP.obj (.text)
                  0000261c    00000294     rtsv7M4_T_le_v4SPD16_eabi.lib : xsin.obj (.text)
                  000028b0    0000023c                                   : strtod.obj (.text)
                  00002aec    000001fc     myTimer.obj (.text)
                  00002ce8    000001b6     rtsv7M4_T_le_v4SPD16_eabi.lib : fd_add_t2.obj (.text)
                  00002e9e    00000002     --HOLE-- [fill = 0]
                  00002ea0    0000018c                                   : xatan.obj (.text)
                  0000302c    0000017c                                   : atan2.obj (.text)
                  000031a8    00000174                                   : fmod.obj (.text)
                  0000331c    00000148                                   : sqrt.obj (.text)
                  00003464    00000136                                   : fd_div_t2.obj (.text)
                  0000359a    00000130     driverlib.lib : gpio.obj (.text:GPIOPadConfigSet)
                  000036ca    00000002     --HOLE-- [fill = 0]
                  000036cc    00000118                   : sysctl.obj (.text:SysCtlClockGet)
                  000037e4    00000110     rtsv7M4_T_le_v4SPD16_eabi.lib : xdscale.obj (.text)
                  000038f4    000000fc                                   : fd_mul_t2.obj (.text)
                  000039f0    000000f0     driverlib.lib : sysctl.obj (.text:SysCtlClockSet)
                  00003ae0    000000be     rtsv7M4_T_le_v4SPD16_eabi.lib : xdnorm.obj (.text)
                  00003b9e    0000009c                                   : memcpy_t2.obj (.text)
                  00003c3a    00000086                                   : fd_cmp_t2.obj (.text:__aeabi_cdcmple)
                  00003cc0    0000007a                                   : memset_t2.obj (.text)
                  00003d3a    00000002     --HOLE-- [fill = 0]
                  00003d3c    00000074     myIO.obj (.text)
                  00003db0    0000006c     rtsv7M4_T_le_v4SPD16_eabi.lib : autoinit.obj (.text)
                  00003e1c    0000006a                                   : copy_decompress_rle.obj (.text)
                  00003e86    00000066                                   : xdunscal.obj (.text)
                  00003eec    00000060     driverlib.lib : interrupt.obj (.text:IntEnable)
                  00003f4c    0000005c                   : timer.obj (.text:TimerConfigure)
                  00003fa8    00000056                   : gpio.obj (.text:GPIOIntTypeSet)
                  00003ffe    00000002     --HOLE-- [fill = 0]
                  00004000    00000050                   : sysctl.obj (.text:SysCtlPeripheralReset)
                  00004050    00000050     rtsv7M4_T_le_v4SPD16_eabi.lib : boot.obj (.text)
                  000040a0    0000004c                                   : atoi.obj (.text)
                  000040ec    0000004c                                   : cpy_tbl.obj (.text)
                  00004138    0000004a                                   : fd_tos_t2.obj (.text)
                  00004182    00000002     --HOLE-- [fill = 0]
                  00004184    00000048     driverlib.lib : gpio.obj (.text:GPIOPinConfigure)
                  000041cc    00000048                   : i2c.obj (.text:I2CMasterInitExpClk)
                  00004214    00000048     rtsv7M4_T_le_v4SPD16_eabi.lib : fd_toi_t2.obj (.text)
                  0000425c    00000044                                   : exit.obj (.text)
                  000042a0    00000040     driverlib.lib : uart.obj (.text:UARTConfigSetExpClk)
                  000042e0    00000040     rtsv7M4_T_le_v4SPD16_eabi.lib : signal.obj (.text)
                  00004320    00000038                                   : fs_tod_t2.obj (.text)
                  00004358    00000034     driverlib.lib : sysctl.obj (.text:SysCtlPeripheralEnable)
                  0000438c    00000034     rtsv7M4_T_le_v4SPD16_eabi.lib : feraiseexcept.obj (.text)
                  000043c0    00000030                                   : xferaise.obj (.text)
                  000043f0    0000002e                                   : i_tofd_t2.obj (.text)
                  0000441e    0000002e                                   : raise.obj (.text)
                  0000444c    0000002a     driverlib.lib : gpio.obj (.text:GPIODirModeSet)
                  00004476    00000002     --HOLE-- [fill = 0]
                  00004478    00000024                   : interrupt.obj (.text:IntPrioritySet)
                  0000449c    0000001c                   : uart.obj (.text:UARTDisable)
                  000044b8    0000001a     rtsv7M4_T_le_v4SPD16_eabi.lib : cos.obj (.text)
                  000044d2    0000001a                                   : sin.obj (.text)
                  000044ec    00000018     driverlib.lib : gpio.obj (.text:GPIOPinTypeGPIOOutput)
                  00004504    00000018     rtsv7M4_T_le_v4SPD16_eabi.lib : args_main.obj (.text)
                  0000451c    00000016     driverlib.lib : i2c.obj (.text:I2CMasterErr)
                  00004532    00000002     --HOLE-- [fill = 0]
                  00004534    00000014                   : systick.obj (.text:SysTickEnable)
                  00004548    00000014                   : systick.obj (.text:SysTickIntEnable)
                  0000455c    00000014                   : uart.obj (.text:UARTEnable)
                  00004570    00000014     rtsv7M4_T_le_v4SPD16_eabi.lib : _lock.obj (.text)
                  00004584    00000012     driverlib.lib : gpio.obj (.text:GPIOPinTypeGPIOInput)
                  00004596    00000012                   : gpio.obj (.text:GPIOPinTypeI2C)
                  000045a8    00000012                   : gpio.obj (.text:GPIOPinTypeI2CSCL)
                  000045ba    00000012                   : gpio.obj (.text:GPIOPinTypeUART)
                  000045cc    00000012                   : timer.obj (.text:TimerLoadSet)
                  000045de    00000012     rtsv7M4_T_le_v4SPD16_eabi.lib : atof.obj (.text)
                  000045f0    00000010     driverlib.lib : systick.obj (.text:SysTickPeriodSet)
                  00004600    00000010     rtsv7M4_T_le_v4SPD16_eabi.lib : isdigit.obj (.text)
                  00004610    0000000e     driverlib.lib : gpio.obj (.text:GPIOIntStatus)
                  0000461e    0000000e                   : timer.obj (.text:TimerEnable)
                  0000462c    0000000e     rtsv7M4_T_le_v4SPD16_eabi.lib : copy_decompress_none.obj (.text:decompress:none)
                  0000463a    0000000c     driverlib.lib : cpu.obj (.text:CPUcpsie)
                  00004646    0000000c                   : gpio.obj (.text:GPIOIntEnable)
                  00004652    0000000c                   : uart.obj (.text:UARTCharsAvail)
                  0000465e    0000000c                   : uart.obj (.text:UARTTxIntModeSet)
                  0000466a    0000000c     rtsv7M4_T_le_v4SPD16_eabi.lib : copy_zero_init.obj (.text:decompress:ZI)
                  00004676    0000000c     tm4c123gh6pm_startup_ccs.obj (.text)
                  00004682    0000000a     driverlib.lib : i2c.obj (.text:I2CMasterDisable)
                  0000468c    0000000a                   : i2c.obj (.text:I2CMasterEnable)
                  00004696    0000000a                   : interrupt.obj (.text:IntMasterEnable)
                  000046a0    0000000a                   : timer.obj (.text:TimerValueGet)
                  000046aa    0000000a                   : uart.obj (.text:UARTCharGet)
                  000046b4    0000000a                   : uart.obj (.text:UARTCharPut)
                  000046be    0000000a                   : uart.obj (.text:UARTFIFOEnable)
                  000046c8    0000000a                   : uart.obj (.text:UARTIntStatus)
                  000046d2    00000008                   : i2c.obj (.text:I2CMasterBusy)
                  000046da    00000008                   : i2c.obj (.text:I2CMasterSlaveAddrSet)
                  000046e2    00000008                   : timer.obj (.text:TimerIntEnable)
                  000046ea    00000008                   : uart.obj (.text:UARTIntEnable)
                  000046f2    00000006                   : cpu.obj (.text:CPUbasepriSet)
                  000046f8    00000006                   : gpio.obj (.text:GPIOIntClear)
                  000046fe    00000006                   : gpio.obj (.text:GPIOPinRead)
                  00004704    00000006                   : gpio.obj (.text:GPIOPinWrite)
                  0000470a    00000006                   : sysctl.obj (.text:SysCtlDelay)
                  00004710    00000006                   : uart.obj (.text:UARTFIFOLevelSet)
                  00004716    00000006     rtsv7M4_T_le_v4SPD16_eabi.lib : copy_decompress_rle.obj (.text:decompress:rle24)
                  0000471c    00000004     driverlib.lib : i2c.obj (.text:I2CMasterControl)
                  00004720    00000004                   : i2c.obj (.text:I2CMasterDataGet)
                  00004724    00000004                   : i2c.obj (.text:I2CMasterDataPut)
                  00004728    00000004                   : timer.obj (.text:TimerIntClear)
                  0000472c    00000004                   : uart.obj (.text:UARTIntClear)
                  00004730    00000004     rtsv7M4_T_le_v4SPD16_eabi.lib : pre_init.obj (.text)

.const     0    00004738    000004ac     
                  00004738    00000101     rtsv7M4_T_le_v4SPD16_eabi.lib : ctype.obj (.const:.string:_ctypes_)
                  00004839    00000003     --HOLE-- [fill = 0]
                  0000483c    0000009c     driverlib.lib : interrupt.obj (.const:g_pui32Regs)
                  000048d8    00000098     rtsv7M4_T_le_v4SPD16_eabi.lib : strtod.obj (.const)
                  00004970    00000090     driverlib.lib : gpio.obj (.const:g_pui32GPIOBaseAddrs)
                  00004a00    00000088     rtsv7M4_T_le_v4SPD16_eabi.lib : xatan.obj (.const)
                  00004a88    00000080                                   : xsin.obj (.const)
                  00004b08    00000070     driverlib.lib : interrupt.obj (.const)
                  00004b78    0000006c                   : sysctl.obj (.const:g_pui32Xtals)

.cinit     0    00004be8    00000068     
                  00004be8    00000042     (.cinit..data.load) [load image, compression = rle]
                  00004c2a    00000002     --HOLE-- [fill = 0]
                  00004c2c    0000000c     (__TI_handler_table)
                  00004c38    00000008     (.cinit..bss.load) [load image, compression = zero_init]
                  00004c40    00000010     (__TI_cinit_table)

.init_array 
*          0    00000000    00000000     UNINITIALIZED

.bss       0    20000000    000002f9     UNINITIALIZED
                  20000000    00000067     mySerial.obj (.bss:serialPC)
                  20000067    00000067     ZMP.obj (.bss:serialZMPLeft)
                  200000ce    00000067     ZMP.obj (.bss:serialZMPRight)
                  20000135    00000001     (.common:Flag)
                  20000136    00000001     (.common:FlagTimer)
                  20000137    00000001     (.common:samReadBusy)
                  20000138    00000060     SAM.obj (.bss:samPosition12)
                  20000198    00000038     mpu6050.obj (.bss:MPU6050)
                  200001d0    00000034     IMU.obj (.bss:IMU)
                  20000204    0000002c     ZMP.obj (.bss:zmpLeft)
                  20000230    0000002c     ZMP.obj (.bss:zmpRight)
                  2000025c    00000018     (.common:samD)
                  20000274    00000018     (.common:samDataAvail)
                  2000028c    00000018     (.common:samI)
                  200002a4    00000018     (.common:samLoad8)
                  200002bc    00000018     (.common:samP)
                  200002d4    00000018     (.common:samPosition8)
                  200002ec    00000006     (.common:SysTick_Int_Count)
                  200002f2    00000004     (.common:toggle_led)
                  200002f6    00000001     (.common:samReadCurrentID_C2)
                  200002f7    00000001     (.common:samReadCurrentID_C4)
                  200002f8    00000001     (.common:samReadMode)

.TI.noinit 
*          0    20000000    00000000     UNINITIALIZED

.stack     0    200002fc    00000200     UNINITIALIZED
                  200002fc    00000200     --HOLE--

.data      0    20000500    0000016c     UNINITIALIZED
                  20000500    000000b0     rtsv7M4_T_le_v4SPD16_eabi.lib : signal.obj (.data:sigtable)
                  200005b0    00000080                                   : xvalues.obj (.data)
                  20000630    0000001a     myTimer.obj (.data)
                  2000064a    00000002     mpu6050.obj (.data)
                  2000064c    00000008     rtsv7M4_T_le_v4SPD16_eabi.lib : _lock.obj (.data)
                  20000654    00000008                                   : exit.obj (.data)
                  2000065c    00000008                                   : feraiseexcept.obj (.data)
                  20000664    00000004                                   : errno.obj (.data)
                  20000668    00000004                                   : stkdepth_vars.obj (.data)

.TI.persistent 
*          0    20000500    00000000     UNINITIALIZED


LINKER GENERATED COPY TABLES

__TI_cinit_table @ 00004c40 records: 2, size/record: 8, table size: 16
	.data: load addr=00004be8, load size=00000042 bytes, run addr=20000500, run size=0000016c bytes, compression=rle
	.bss: load addr=00004c38, load size=00000008 bytes, run addr=20000000, run size=000002f9 bytes, compression=zero_init


LINKER GENERATED HANDLER TABLE

__TI_handler_table @ 00004c2c records: 3, size/record: 4, table size: 12
	index: 0, handler: __TI_decompress_rle24
	index: 1, handler: __TI_decompress_none
	index: 2, handler: __TI_zero_init


GLOBAL SYMBOLS: SORTED ALPHABETICALLY BY Name 

address   name                     
-------   ----                     
0000425d  C$$EXIT                  
000046f3  CPUbasepriSet            
0000463b  CPUcpsie                 
0000026d  Calib_Gyro               
20000135  Flag                     
20000136  FlagTimer                
00000501  GPIOD_Interrupt_Handler  
0000444d  GPIODirModeSet           
000046f9  GPIOIntClear             
00004647  GPIOIntEnable            
00004611  GPIOIntStatus            
00003fa9  GPIOIntTypeSet           
0000359b  GPIOPadConfigSet         
00004185  GPIOPinConfigure         
000046ff  GPIOPinRead              
00004585  GPIOPinTypeGPIOInput     
000044ed  GPIOPinTypeGPIOOutput    
00004597  GPIOPinTypeI2C           
000045a9  GPIOPinTypeI2CSCL        
000045bb  GPIOPinTypeUART          
00004705  GPIOPinWrite             
00001e41  I2C0_Init                
00001eb5  I2C1_Init                
00001e7b  I2C2_Init                
000046d3  I2CMasterBusy            
0000471d  I2CMasterControl         
00004721  I2CMasterDataGet         
00004725  I2CMasterDataPut         
00004683  I2CMasterDisable         
0000468d  I2CMasterEnable          
0000451d  I2CMasterErr             
000041cd  I2CMasterInitExpClk      
000046db  I2CMasterSlaveAddrSet    
00001ca3  I2C_Read                 
00001be9  I2C_Write                
00001b79  I2C_WriteByte            
200001d0  IMU                      
00001359  IMU_init                 
00003eed  IntEnable                
00004697  IntMasterEnable          
000046f3  IntPriorityMaskSet       
00004479  IntPrioritySet           
20000198  MPU6050                  
0000061d  MPU6050DataAccelGetRaw   
00000745  MPU6050DataGetRaw        
00000675  MPU6050DataGyroGetRaw    
000006cd  MPU6050DataTempGetRaw    
000004cb  MPU6050_INTpin_Init      
0000053d  MPU6050_Init             
00001f35  Map_y                    
00000eb1  RS485_2_Init             
000011c5  RS485_3_Init             
0000102f  RS485_4_Init             
00004677  ResetISR                 
UNDEFED   SHT$$INIT_ARRAY$$Base    
UNDEFED   SHT$$INIT_ARRAY$$Limit   
00001aab  SerialPutChar            
00001a73  SerialPutData            
00001abf  SerialPutStr             
00001b05  SerialPutStrLn           
00001b35  SerialPutStr_NonTer      
000018a3  SerialSendData           
000018cb  SerialSend_1_Position12  
00001929  SerialSend_1_Position8   
000019b7  SerialSend_All_Position  
000019c7  SerialSend_PID           
00001b5d  SerialTerminator         
20000649  SycTick_Int_Count        
00002b07  SycTick_Interrupt_Handler
000036cd  SysCtlClockGet           
000039f1  SysCtlClockSet           
0000470b  SysCtlDelay              
00004359  SysCtlPeripheralEnable   
00004001  SysCtlPeripheralReset    
00004535  SysTickEnable            
00004549  SysTickIntEnable         
000045f1  SysTickPeriodSet         
00002aed  SysTick_Init             
200002ec  SysTick_Int_Count        
00002c6f  Timer0_Interrupt_Handler 
00002c2d  Timer0_init              
00002bfb  Timer1_Interrupt_Handler 
00002c21  Timer1_Reset             
00002bb3  Timer1_init              
00003f4d  TimerConfigure           
0000461f  TimerEnable              
00004729  TimerIntClear            
000046e3  TimerIntEnable           
000045cd  TimerLoadSet             
000046a1  TimerValueGet            
00002489  UART1_Init               
000024f1  UART1_Interrupt_Handler  
00000f39  UART2_Interrupt_Handler  
00001265  UART3_Interrupt_Handler  
000010ab  UART4_Interrupt_Handler  
000017ad  UART5_Init               
00001805  UART5_Interrupt_Handler  
000023a7  UART6_Init               
0000240d  UART6_Interrupt_Handler  
000022c5  UART7_Init               
0000232b  UART7_Interrupt_Handler  
000046ab  UARTCharGet              
000046b5  UARTCharPut              
00004653  UARTCharsAvail           
000042a1  UARTConfigSetExpClk      
0000449d  UARTDisable              
0000455d  UARTEnable               
000046bf  UARTFIFOEnable           
00004711  UARTFIFOLevelSet         
0000472d  UARTIntClear             
000046eb  UARTIntEnable            
000046c9  UARTIntStatus            
0000465f  UARTTxIntModeSet         
00000b43  ZMP_left_update          
00000c6d  ZMP_right_update         
00002589  ZMP_send_bytes           
00002ea1  _Atan                    
200005b0  _Denorm                  
00003ae1  _Dnorm                   
000037e5  _Dscale                  
00003e87  _Dunscale                
200005c0  _Eps                     
20000664  _Errno                   
2000065c  _Fenv                    
000043c1  _Feraise                 
200005d0  _Hugeval                 
200005e0  _Inf                     
200005f0  _Nan                     
20000610  _Rteps                   
0000261d  _Sin                     
20000600  _Snan                    
20000660  _Tls_setup__Fenv         
20000620  _Xbig                    
20000628  _Zero                    
200004fc  __STACK_END              
00000200  __STACK_SIZE             
200004fc  __STACK_TOP              
00004c40  __TI_CINIT_Base          
00004c50  __TI_CINIT_Limit         
00004c2c  __TI_Handler_Table_Base  
00004c38  __TI_Handler_Table_Limit 
00003db1  __TI_auto_init           
20000654  __TI_cleanup_ptr         
0000462d  __TI_decompress_none     
00004717  __TI_decompress_rle24    
20000658  __TI_dtors_ptr           
00000000  __TI_static_base__       
0000466b  __TI_zero_init           
00003c3b  __aeabi_cdcmpeq          
00003c3b  __aeabi_cdcmple          
00004139  __aeabi_d2f              
00004215  __aeabi_d2iz             
00002cf3  __aeabi_dadd             
00003465  __aeabi_ddiv             
000038f5  __aeabi_dmul             
00002ce9  __aeabi_dsub             
00004321  __aeabi_f2d              
000043f1  __aeabi_i2d              
00003cc1  __aeabi_memclr           
00003cc1  __aeabi_memclr4          
00003cc1  __aeabi_memclr8          
00003b9f  __aeabi_memcpy           
00003b9f  __aeabi_memcpy4          
00003b9f  __aeabi_memcpy8          
00003cc3  __aeabi_memset           
00003cc3  __aeabi_memset4          
00003cc3  __aeabi_memset8          
ffffffff  __binit__                
ffffffff  __c_args__               
200002fc  __stack                  
00004505  _args_main               
00004051  _c_int00                 
00004738  _ctypes_                 
2000064c  _lock                    
0000457f  _nop                     
00004577  _register_lock           
00004571  _register_unlock         
00004731  _system_pre_init         
20000650  _unlock                  
00004261  abort                    
0000136d  angle                    
0000302d  atan2                    
000045df  atof                     
000040a1  atoi                     
ffffffff  binit                    
00000b0d  communication            
000040ed  copy_in                  
000044b9  cos                      
00000d85  display_com              
00004269  exit                     
0000438d  feraiseexcept            
2000064b  flag_I2C_connection      
2000064a  flag_MPU6050_INTpin      
00001f89  float2str                
000031a9  fmod                     
00000000  g_pfnVectors             
00002c8d  getMicroSecond           
0000256d  getRawZMPData            
0000215b  int2num                  
00004601  isdigit                  
00003d4f  led                      
0000097d  main                     
20000668  main_func_sp             
00003b9f  memcpy                   
00003cc9  memset                   
00003d3d  myIO_init                
20000634  preMicroSecond_angle     
20000640  preMicroSecond_camera    
20000638  preMicroSecond_position  
2000063c  preMicroSecond_sonar     
0000441f  raise                    
20000648  safe_flag                
2000025c  samD                     
20000274  samDataAvail             
2000028c  samI                     
200002a4  samLoad8                 
200002bc  samP                     
20000138  samPosition12            
200002d4  samPosition8             
20000137  samReadBusy              
200002f6  samReadCurrentID_C2      
200002f7  samReadCurrentID_C4      
200002f8  samReadMode              
20000644  sampling_time_second     
20000630  seconds                  
00001881  serialGetData            
20000000  serialPC                 
20000067  serialZMPLeft            
200000ce  serialZMPRight           
00002259  set_float_value          
00002293  set_int_value            
000042e1  signal                   
000044d3  sin                      
0000331d  sqrt                     
000028b1  strtod                   
00000a3f  task_100Hz               
00000a55  task_200Hz               
00000a29  task_20Hz                
00000a7f  task_50Hz                
00000ab7  task_IMU                 
200002f2  toggle_led               
0000080d  update_accelerometer     
20000204  zmpLeft                  
20000230  zmpRight                 


GLOBAL SYMBOLS: SORTED BY Symbol Address 

address   name                     
-------   ----                     
00000000  __TI_static_base__       
00000000  g_pfnVectors             
00000200  __STACK_SIZE             
0000026d  Calib_Gyro               
000004cb  MPU6050_INTpin_Init      
00000501  GPIOD_Interrupt_Handler  
0000053d  MPU6050_Init             
0000061d  MPU6050DataAccelGetRaw   
00000675  MPU6050DataGyroGetRaw    
000006cd  MPU6050DataTempGetRaw    
00000745  MPU6050DataGetRaw        
0000080d  update_accelerometer     
0000097d  main                     
00000a29  task_20Hz                
00000a3f  task_100Hz               
00000a55  task_200Hz               
00000a7f  task_50Hz                
00000ab7  task_IMU                 
00000b0d  communication            
00000b43  ZMP_left_update          
00000c6d  ZMP_right_update         
00000d85  display_com              
00000eb1  RS485_2_Init             
00000f39  UART2_Interrupt_Handler  
0000102f  RS485_4_Init             
000010ab  UART4_Interrupt_Handler  
000011c5  RS485_3_Init             
00001265  UART3_Interrupt_Handler  
00001359  IMU_init                 
0000136d  angle                    
000017ad  UART5_Init               
00001805  UART5_Interrupt_Handler  
00001881  serialGetData            
000018a3  SerialSendData           
000018cb  SerialSend_1_Position12  
00001929  SerialSend_1_Position8   
000019b7  SerialSend_All_Position  
000019c7  SerialSend_PID           
00001a73  SerialPutData            
00001aab  SerialPutChar            
00001abf  SerialPutStr             
00001b05  SerialPutStrLn           
00001b35  SerialPutStr_NonTer      
00001b5d  SerialTerminator         
00001b79  I2C_WriteByte            
00001be9  I2C_Write                
00001ca3  I2C_Read                 
00001e41  I2C0_Init                
00001e7b  I2C2_Init                
00001eb5  I2C1_Init                
00001f35  Map_y                    
00001f89  float2str                
0000215b  int2num                  
00002259  set_float_value          
00002293  set_int_value            
000022c5  UART7_Init               
0000232b  UART7_Interrupt_Handler  
000023a7  UART6_Init               
0000240d  UART6_Interrupt_Handler  
00002489  UART1_Init               
000024f1  UART1_Interrupt_Handler  
0000256d  getRawZMPData            
00002589  ZMP_send_bytes           
0000261d  _Sin                     
000028b1  strtod                   
00002aed  SysTick_Init             
00002b07  SycTick_Interrupt_Handler
00002bb3  Timer1_init              
00002bfb  Timer1_Interrupt_Handler 
00002c21  Timer1_Reset             
00002c2d  Timer0_init              
00002c6f  Timer0_Interrupt_Handler 
00002c8d  getMicroSecond           
00002ce9  __aeabi_dsub             
00002cf3  __aeabi_dadd             
00002ea1  _Atan                    
0000302d  atan2                    
000031a9  fmod                     
0000331d  sqrt                     
00003465  __aeabi_ddiv             
0000359b  GPIOPadConfigSet         
000036cd  SysCtlClockGet           
000037e5  _Dscale                  
000038f5  __aeabi_dmul             
000039f1  SysCtlClockSet           
00003ae1  _Dnorm                   
00003b9f  __aeabi_memcpy           
00003b9f  __aeabi_memcpy4          
00003b9f  __aeabi_memcpy8          
00003b9f  memcpy                   
00003c3b  __aeabi_cdcmpeq          
00003c3b  __aeabi_cdcmple          
00003cc1  __aeabi_memclr           
00003cc1  __aeabi_memclr4          
00003cc1  __aeabi_memclr8          
00003cc3  __aeabi_memset           
00003cc3  __aeabi_memset4          
00003cc3  __aeabi_memset8          
00003cc9  memset                   
00003d3d  myIO_init                
00003d4f  led                      
00003db1  __TI_auto_init           
00003e87  _Dunscale                
00003eed  IntEnable                
00003f4d  TimerConfigure           
00003fa9  GPIOIntTypeSet           
00004001  SysCtlPeripheralReset    
00004051  _c_int00                 
000040a1  atoi                     
000040ed  copy_in                  
00004139  __aeabi_d2f              
00004185  GPIOPinConfigure         
000041cd  I2CMasterInitExpClk      
00004215  __aeabi_d2iz             
0000425d  C$$EXIT                  
00004261  abort                    
00004269  exit                     
000042a1  UARTConfigSetExpClk      
000042e1  signal                   
00004321  __aeabi_f2d              
00004359  SysCtlPeripheralEnable   
0000438d  feraiseexcept            
000043c1  _Feraise                 
000043f1  __aeabi_i2d              
0000441f  raise                    
0000444d  GPIODirModeSet           
00004479  IntPrioritySet           
0000449d  UARTDisable              
000044b9  cos                      
000044d3  sin                      
000044ed  GPIOPinTypeGPIOOutput    
00004505  _args_main               
0000451d  I2CMasterErr             
00004535  SysTickEnable            
00004549  SysTickIntEnable         
0000455d  UARTEnable               
00004571  _register_unlock         
00004577  _register_lock           
0000457f  _nop                     
00004585  GPIOPinTypeGPIOInput     
00004597  GPIOPinTypeI2C           
000045a9  GPIOPinTypeI2CSCL        
000045bb  GPIOPinTypeUART          
000045cd  TimerLoadSet             
000045df  atof                     
000045f1  SysTickPeriodSet         
00004601  isdigit                  
00004611  GPIOIntStatus            
0000461f  TimerEnable              
0000462d  __TI_decompress_none     
0000463b  CPUcpsie                 
00004647  GPIOIntEnable            
00004653  UARTCharsAvail           
0000465f  UARTTxIntModeSet         
0000466b  __TI_zero_init           
00004677  ResetISR                 
00004683  I2CMasterDisable         
0000468d  I2CMasterEnable          
00004697  IntMasterEnable          
000046a1  TimerValueGet            
000046ab  UARTCharGet              
000046b5  UARTCharPut              
000046bf  UARTFIFOEnable           
000046c9  UARTIntStatus            
000046d3  I2CMasterBusy            
000046db  I2CMasterSlaveAddrSet    
000046e3  TimerIntEnable           
000046eb  UARTIntEnable            
000046f3  CPUbasepriSet            
000046f3  IntPriorityMaskSet       
000046f9  GPIOIntClear             
000046ff  GPIOPinRead              
00004705  GPIOPinWrite             
0000470b  SysCtlDelay              
00004711  UARTFIFOLevelSet         
00004717  __TI_decompress_rle24    
0000471d  I2CMasterControl         
00004721  I2CMasterDataGet         
00004725  I2CMasterDataPut         
00004729  TimerIntClear            
0000472d  UARTIntClear             
00004731  _system_pre_init         
00004738  _ctypes_                 
00004c2c  __TI_Handler_Table_Base  
00004c38  __TI_Handler_Table_Limit 
00004c40  __TI_CINIT_Base          
00004c50  __TI_CINIT_Limit         
20000000  serialPC                 
20000067  serialZMPLeft            
200000ce  serialZMPRight           
20000135  Flag                     
20000136  FlagTimer                
20000137  samReadBusy              
20000138  samPosition12            
20000198  MPU6050                  
200001d0  IMU                      
20000204  zmpLeft                  
20000230  zmpRight                 
2000025c  samD                     
20000274  samDataAvail             
2000028c  samI                     
200002a4  samLoad8                 
200002bc  samP                     
200002d4  samPosition8             
200002ec  SysTick_Int_Count        
200002f2  toggle_led               
200002f6  samReadCurrentID_C2      
200002f7  samReadCurrentID_C4      
200002f8  samReadMode              
200002fc  __stack                  
200004fc  __STACK_END              
200004fc  __STACK_TOP              
200005b0  _Denorm                  
200005c0  _Eps                     
200005d0  _Hugeval                 
200005e0  _Inf                     
200005f0  _Nan                     
20000600  _Snan                    
20000610  _Rteps                   
20000620  _Xbig                    
20000628  _Zero                    
20000630  seconds                  
20000634  preMicroSecond_angle     
20000638  preMicroSecond_position  
2000063c  preMicroSecond_sonar     
20000640  preMicroSecond_camera    
20000644  sampling_time_second     
20000648  safe_flag                
20000649  SycTick_Int_Count        
2000064a  flag_MPU6050_INTpin      
2000064b  flag_I2C_connection      
2000064c  _lock                    
20000650  _unlock                  
20000654  __TI_cleanup_ptr         
20000658  __TI_dtors_ptr           
2000065c  _Fenv                    
20000660  _Tls_setup__Fenv         
20000664  _Errno                   
20000668  main_func_sp             
ffffffff  __binit__                
ffffffff  __c_args__               
ffffffff  binit                    
UNDEFED   SHT$$INIT_ARRAY$$Base    
UNDEFED   SHT$$INIT_ARRAY$$Limit   

[244 symbols]
