<?xml version="1.0"?>
<link_info>
   <banner>TI ARM Linker PC v5.2.2</banner>
   <copyright>Copyright (c) 1996-2015 Texas Instruments Incorporated</copyright>
   <link_time>0x5951009b</link_time>
   <link_errors>0x0</link_errors>
   <output_file>SensorHub.out</output_file>
   <entry_point>
      <name>_c_int00</name>
      <address>0x4051</address>
   </entry_point>
   <input_file_list>
      <input_file id="fl-2">
         <path>.\</path>
         <kind>object</kind>
         <file>IMU.obj</file>
         <name>IMU.obj</name>
      </input_file>
      <input_file id="fl-3">
         <path>.\</path>
         <kind>object</kind>
         <file>SAM.obj</file>
         <name>SAM.obj</name>
      </input_file>
      <input_file id="fl-4">
         <path>.\</path>
         <kind>object</kind>
         <file>ZMP.obj</file>
         <name>ZMP.obj</name>
      </input_file>
      <input_file id="fl-5">
         <path>.\</path>
         <kind>object</kind>
         <file>mainSensorHub.obj</file>
         <name>mainSensorHub.obj</name>
      </input_file>
      <input_file id="fl-6">
         <path>.\</path>
         <kind>object</kind>
         <file>mpu6050.obj</file>
         <name>mpu6050.obj</name>
      </input_file>
      <input_file id="fl-7">
         <path>.\</path>
         <kind>object</kind>
         <file>myFIFO.obj</file>
         <name>myFIFO.obj</name>
      </input_file>
      <input_file id="fl-8">
         <path>.\</path>
         <kind>object</kind>
         <file>myI2C.obj</file>
         <name>myI2C.obj</name>
      </input_file>
      <input_file id="fl-9">
         <path>.\</path>
         <kind>object</kind>
         <file>myIO.obj</file>
         <name>myIO.obj</name>
      </input_file>
      <input_file id="fl-a">
         <path>.\</path>
         <kind>object</kind>
         <file>myRS485.obj</file>
         <name>myRS485.obj</name>
      </input_file>
      <input_file id="fl-b">
         <path>.\</path>
         <kind>object</kind>
         <file>mySerial.obj</file>
         <name>mySerial.obj</name>
      </input_file>
      <input_file id="fl-c">
         <path>.\</path>
         <kind>object</kind>
         <file>myTimer.obj</file>
         <name>myTimer.obj</name>
      </input_file>
      <input_file id="fl-d">
         <path>.\</path>
         <kind>object</kind>
         <file>numManipulate.obj</file>
         <name>numManipulate.obj</name>
      </input_file>
      <input_file id="fl-e">
         <path>.\</path>
         <kind>object</kind>
         <file>ringbuf.obj</file>
         <name>ringbuf.obj</name>
      </input_file>
      <input_file id="fl-f">
         <path>.\</path>
         <kind>object</kind>
         <file>tm4c123gh6pm_startup_ccs.obj</file>
         <name>tm4c123gh6pm_startup_ccs.obj</name>
      </input_file>
      <input_file id="fl-15">
         <path>C:\ti\TivaWare_C_Series-2.1.0.12573\driverlib\ccs\Debug\</path>
         <kind>archive</kind>
         <file>driverlib.lib</file>
         <name>uart.obj</name>
      </input_file>
      <input_file id="fl-16">
         <path>C:\ti\TivaWare_C_Series-2.1.0.12573\driverlib\ccs\Debug\</path>
         <kind>archive</kind>
         <file>driverlib.lib</file>
         <name>timer.obj</name>
      </input_file>
      <input_file id="fl-17">
         <path>C:\ti\TivaWare_C_Series-2.1.0.12573\driverlib\ccs\Debug\</path>
         <kind>archive</kind>
         <file>driverlib.lib</file>
         <name>systick.obj</name>
      </input_file>
      <input_file id="fl-18">
         <path>C:\ti\TivaWare_C_Series-2.1.0.12573\driverlib\ccs\Debug\</path>
         <kind>archive</kind>
         <file>driverlib.lib</file>
         <name>sysctl.obj</name>
      </input_file>
      <input_file id="fl-19">
         <path>C:\ti\TivaWare_C_Series-2.1.0.12573\driverlib\ccs\Debug\</path>
         <kind>archive</kind>
         <file>driverlib.lib</file>
         <name>interrupt.obj</name>
      </input_file>
      <input_file id="fl-1a">
         <path>C:\ti\TivaWare_C_Series-2.1.0.12573\driverlib\ccs\Debug\</path>
         <kind>archive</kind>
         <file>driverlib.lib</file>
         <name>i2c.obj</name>
      </input_file>
      <input_file id="fl-1b">
         <path>C:\ti\TivaWare_C_Series-2.1.0.12573\driverlib\ccs\Debug\</path>
         <kind>archive</kind>
         <file>driverlib.lib</file>
         <name>gpio.obj</name>
      </input_file>
      <input_file id="fl-1c">
         <path>C:\ti\TivaWare_C_Series-2.1.0.12573\driverlib\ccs\Debug\</path>
         <kind>archive</kind>
         <file>driverlib.lib</file>
         <name>cpu.obj</name>
      </input_file>
      <input_file id="fl-13e">
         <path>C:\ti\ccsv6\tools\compiler\ti-cgt-arm_5.2.2\lib\</path>
         <kind>archive</kind>
         <file>rtsv7M4_T_le_v4SPD16_eabi.lib</file>
         <name>atan2.obj</name>
      </input_file>
      <input_file id="fl-13f">
         <path>C:\ti\ccsv6\tools\compiler\ti-cgt-arm_5.2.2\lib\</path>
         <kind>archive</kind>
         <file>rtsv7M4_T_le_v4SPD16_eabi.lib</file>
         <name>atof.obj</name>
      </input_file>
      <input_file id="fl-140">
         <path>C:\ti\ccsv6\tools\compiler\ti-cgt-arm_5.2.2\lib\</path>
         <kind>archive</kind>
         <file>rtsv7M4_T_le_v4SPD16_eabi.lib</file>
         <name>atoi.obj</name>
      </input_file>
      <input_file id="fl-141">
         <path>C:\ti\ccsv6\tools\compiler\ti-cgt-arm_5.2.2\lib\</path>
         <kind>archive</kind>
         <file>rtsv7M4_T_le_v4SPD16_eabi.lib</file>
         <name>boot.obj</name>
      </input_file>
      <input_file id="fl-142">
         <path>C:\ti\ccsv6\tools\compiler\ti-cgt-arm_5.2.2\lib\</path>
         <kind>archive</kind>
         <file>rtsv7M4_T_le_v4SPD16_eabi.lib</file>
         <name>copy_decompress_none.obj</name>
      </input_file>
      <input_file id="fl-143">
         <path>C:\ti\ccsv6\tools\compiler\ti-cgt-arm_5.2.2\lib\</path>
         <kind>archive</kind>
         <file>rtsv7M4_T_le_v4SPD16_eabi.lib</file>
         <name>copy_decompress_rle.obj</name>
      </input_file>
      <input_file id="fl-144">
         <path>C:\ti\ccsv6\tools\compiler\ti-cgt-arm_5.2.2\lib\</path>
         <kind>archive</kind>
         <file>rtsv7M4_T_le_v4SPD16_eabi.lib</file>
         <name>copy_zero_init.obj</name>
      </input_file>
      <input_file id="fl-145">
         <path>C:\ti\ccsv6\tools\compiler\ti-cgt-arm_5.2.2\lib\</path>
         <kind>archive</kind>
         <file>rtsv7M4_T_le_v4SPD16_eabi.lib</file>
         <name>cos.obj</name>
      </input_file>
      <input_file id="fl-146">
         <path>C:\ti\ccsv6\tools\compiler\ti-cgt-arm_5.2.2\lib\</path>
         <kind>archive</kind>
         <file>rtsv7M4_T_le_v4SPD16_eabi.lib</file>
         <name>ctype.obj</name>
      </input_file>
      <input_file id="fl-147">
         <path>C:\ti\ccsv6\tools\compiler\ti-cgt-arm_5.2.2\lib\</path>
         <kind>archive</kind>
         <file>rtsv7M4_T_le_v4SPD16_eabi.lib</file>
         <name>exit.obj</name>
      </input_file>
      <input_file id="fl-148">
         <path>C:\ti\ccsv6\tools\compiler\ti-cgt-arm_5.2.2\lib\</path>
         <kind>archive</kind>
         <file>rtsv7M4_T_le_v4SPD16_eabi.lib</file>
         <name>fd_add_t2.obj</name>
      </input_file>
      <input_file id="fl-149">
         <path>C:\ti\ccsv6\tools\compiler\ti-cgt-arm_5.2.2\lib\</path>
         <kind>archive</kind>
         <file>rtsv7M4_T_le_v4SPD16_eabi.lib</file>
         <name>fd_cmp_t2.obj</name>
      </input_file>
      <input_file id="fl-14a">
         <path>C:\ti\ccsv6\tools\compiler\ti-cgt-arm_5.2.2\lib\</path>
         <kind>archive</kind>
         <file>rtsv7M4_T_le_v4SPD16_eabi.lib</file>
         <name>fd_div_t2.obj</name>
      </input_file>
      <input_file id="fl-14b">
         <path>C:\ti\ccsv6\tools\compiler\ti-cgt-arm_5.2.2\lib\</path>
         <kind>archive</kind>
         <file>rtsv7M4_T_le_v4SPD16_eabi.lib</file>
         <name>fd_mul_t2.obj</name>
      </input_file>
      <input_file id="fl-14c">
         <path>C:\ti\ccsv6\tools\compiler\ti-cgt-arm_5.2.2\lib\</path>
         <kind>archive</kind>
         <file>rtsv7M4_T_le_v4SPD16_eabi.lib</file>
         <name>fd_tos_t2.obj</name>
      </input_file>
      <input_file id="fl-14d">
         <path>C:\ti\ccsv6\tools\compiler\ti-cgt-arm_5.2.2\lib\</path>
         <kind>archive</kind>
         <file>rtsv7M4_T_le_v4SPD16_eabi.lib</file>
         <name>fs_tod_t2.obj</name>
      </input_file>
      <input_file id="fl-14e">
         <path>C:\ti\ccsv6\tools\compiler\ti-cgt-arm_5.2.2\lib\</path>
         <kind>archive</kind>
         <file>rtsv7M4_T_le_v4SPD16_eabi.lib</file>
         <name>i_tofd_t2.obj</name>
      </input_file>
      <input_file id="fl-14f">
         <path>C:\ti\ccsv6\tools\compiler\ti-cgt-arm_5.2.2\lib\</path>
         <kind>archive</kind>
         <file>rtsv7M4_T_le_v4SPD16_eabi.lib</file>
         <name>isdigit.obj</name>
      </input_file>
      <input_file id="fl-150">
         <path>C:\ti\ccsv6\tools\compiler\ti-cgt-arm_5.2.2\lib\</path>
         <kind>archive</kind>
         <file>rtsv7M4_T_le_v4SPD16_eabi.lib</file>
         <name>memcpy_t2.obj</name>
      </input_file>
      <input_file id="fl-151">
         <path>C:\ti\ccsv6\tools\compiler\ti-cgt-arm_5.2.2\lib\</path>
         <kind>archive</kind>
         <file>rtsv7M4_T_le_v4SPD16_eabi.lib</file>
         <name>memset_t2.obj</name>
      </input_file>
      <input_file id="fl-152">
         <path>C:\ti\ccsv6\tools\compiler\ti-cgt-arm_5.2.2\lib\</path>
         <kind>archive</kind>
         <file>rtsv7M4_T_le_v4SPD16_eabi.lib</file>
         <name>pre_init.obj</name>
      </input_file>
      <input_file id="fl-153">
         <path>C:\ti\ccsv6\tools\compiler\ti-cgt-arm_5.2.2\lib\</path>
         <kind>archive</kind>
         <file>rtsv7M4_T_le_v4SPD16_eabi.lib</file>
         <name>sin.obj</name>
      </input_file>
      <input_file id="fl-154">
         <path>C:\ti\ccsv6\tools\compiler\ti-cgt-arm_5.2.2\lib\</path>
         <kind>archive</kind>
         <file>rtsv7M4_T_le_v4SPD16_eabi.lib</file>
         <name>sqrt.obj</name>
      </input_file>
      <input_file id="fl-155">
         <path>C:\ti\ccsv6\tools\compiler\ti-cgt-arm_5.2.2\lib\</path>
         <kind>archive</kind>
         <file>rtsv7M4_T_le_v4SPD16_eabi.lib</file>
         <name>stkdepth_vars.obj</name>
      </input_file>
      <input_file id="fl-156">
         <path>C:\ti\ccsv6\tools\compiler\ti-cgt-arm_5.2.2\lib\</path>
         <kind>archive</kind>
         <file>rtsv7M4_T_le_v4SPD16_eabi.lib</file>
         <name>strtod.obj</name>
      </input_file>
      <input_file id="fl-157">
         <path>C:\ti\ccsv6\tools\compiler\ti-cgt-arm_5.2.2\lib\</path>
         <kind>archive</kind>
         <file>rtsv7M4_T_le_v4SPD16_eabi.lib</file>
         <name>xatan.obj</name>
      </input_file>
      <input_file id="fl-158">
         <path>C:\ti\ccsv6\tools\compiler\ti-cgt-arm_5.2.2\lib\</path>
         <kind>archive</kind>
         <file>rtsv7M4_T_le_v4SPD16_eabi.lib</file>
         <name>xdscale.obj</name>
      </input_file>
      <input_file id="fl-159">
         <path>C:\ti\ccsv6\tools\compiler\ti-cgt-arm_5.2.2\lib\</path>
         <kind>archive</kind>
         <file>rtsv7M4_T_le_v4SPD16_eabi.lib</file>
         <name>xdunscal.obj</name>
      </input_file>
      <input_file id="fl-15a">
         <path>C:\ti\ccsv6\tools\compiler\ti-cgt-arm_5.2.2\lib\</path>
         <kind>archive</kind>
         <file>rtsv7M4_T_le_v4SPD16_eabi.lib</file>
         <name>xferaise.obj</name>
      </input_file>
      <input_file id="fl-15b">
         <path>C:\ti\ccsv6\tools\compiler\ti-cgt-arm_5.2.2\lib\</path>
         <kind>archive</kind>
         <file>rtsv7M4_T_le_v4SPD16_eabi.lib</file>
         <name>xsin.obj</name>
      </input_file>
      <input_file id="fl-15c">
         <path>C:\ti\ccsv6\tools\compiler\ti-cgt-arm_5.2.2\lib\</path>
         <kind>archive</kind>
         <file>rtsv7M4_T_le_v4SPD16_eabi.lib</file>
         <name>xvalues.obj</name>
      </input_file>
      <input_file id="fl-15d">
         <path>C:\ti\ccsv6\tools\compiler\ti-cgt-arm_5.2.2\lib\</path>
         <kind>archive</kind>
         <file>rtsv7M4_T_le_v4SPD16_eabi.lib</file>
         <name>_lock.obj</name>
      </input_file>
      <input_file id="fl-15e">
         <path>C:\ti\ccsv6\tools\compiler\ti-cgt-arm_5.2.2\lib\</path>
         <kind>archive</kind>
         <file>rtsv7M4_T_le_v4SPD16_eabi.lib</file>
         <name>args_main.obj</name>
      </input_file>
      <input_file id="fl-15f">
         <path>C:\ti\ccsv6\tools\compiler\ti-cgt-arm_5.2.2\lib\</path>
         <kind>archive</kind>
         <file>rtsv7M4_T_le_v4SPD16_eabi.lib</file>
         <name>autoinit.obj</name>
      </input_file>
      <input_file id="fl-160">
         <path>C:\ti\ccsv6\tools\compiler\ti-cgt-arm_5.2.2\lib\</path>
         <kind>archive</kind>
         <file>rtsv7M4_T_le_v4SPD16_eabi.lib</file>
         <name>cpy_tbl.obj</name>
      </input_file>
      <input_file id="fl-161">
         <path>C:\ti\ccsv6\tools\compiler\ti-cgt-arm_5.2.2\lib\</path>
         <kind>archive</kind>
         <file>rtsv7M4_T_le_v4SPD16_eabi.lib</file>
         <name>errno.obj</name>
      </input_file>
      <input_file id="fl-162">
         <path>C:\ti\ccsv6\tools\compiler\ti-cgt-arm_5.2.2\lib\</path>
         <kind>archive</kind>
         <file>rtsv7M4_T_le_v4SPD16_eabi.lib</file>
         <name>fd_toi_t2.obj</name>
      </input_file>
      <input_file id="fl-163">
         <path>C:\ti\ccsv6\tools\compiler\ti-cgt-arm_5.2.2\lib\</path>
         <kind>archive</kind>
         <file>rtsv7M4_T_le_v4SPD16_eabi.lib</file>
         <name>feraiseexcept.obj</name>
      </input_file>
      <input_file id="fl-164">
         <path>C:\ti\ccsv6\tools\compiler\ti-cgt-arm_5.2.2\lib\</path>
         <kind>archive</kind>
         <file>rtsv7M4_T_le_v4SPD16_eabi.lib</file>
         <name>fmod.obj</name>
      </input_file>
      <input_file id="fl-165">
         <path>C:\ti\ccsv6\tools\compiler\ti-cgt-arm_5.2.2\lib\</path>
         <kind>archive</kind>
         <file>rtsv7M4_T_le_v4SPD16_eabi.lib</file>
         <name>raise.obj</name>
      </input_file>
      <input_file id="fl-166">
         <path>C:\ti\ccsv6\tools\compiler\ti-cgt-arm_5.2.2\lib\</path>
         <kind>archive</kind>
         <file>rtsv7M4_T_le_v4SPD16_eabi.lib</file>
         <name>signal.obj</name>
      </input_file>
      <input_file id="fl-167">
         <path>C:\ti\ccsv6\tools\compiler\ti-cgt-arm_5.2.2\lib\</path>
         <kind>archive</kind>
         <file>rtsv7M4_T_le_v4SPD16_eabi.lib</file>
         <name>xdnorm.obj</name>
      </input_file>
   </input_file_list>
   <object_component_list>
      <object_component id="oc-f">
         <name>.intvecs</name>
         <load_address>0x0</load_address>
         <run_address>0x0</run_address>
         <size>0x26c</size>
         <input_file_ref idref="fl-f"/>
      </object_component>
      <object_component id="oc-36">
         <name>.text</name>
         <load_address>0x26c</load_address>
         <run_address>0x26c</run_address>
         <size>0x710</size>
         <input_file_ref idref="fl-6"/>
      </object_component>
      <object_component id="oc-1f4">
         <name>.text</name>
         <load_address>0x97c</load_address>
         <run_address>0x97c</run_address>
         <size>0x534</size>
         <input_file_ref idref="fl-5"/>
      </object_component>
      <object_component id="oc-42">
         <name>.text</name>
         <load_address>0xeb0</load_address>
         <run_address>0xeb0</run_address>
         <size>0x4a8</size>
         <input_file_ref idref="fl-a"/>
      </object_component>
      <object_component id="oc-33c">
         <name>.text</name>
         <load_address>0x1358</load_address>
         <run_address>0x1358</run_address>
         <size>0x454</size>
         <input_file_ref idref="fl-2"/>
      </object_component>
      <object_component id="oc-48">
         <name>.text</name>
         <load_address>0x17ac</load_address>
         <run_address>0x17ac</run_address>
         <size>0x3cc</size>
         <input_file_ref idref="fl-b"/>
      </object_component>
      <object_component id="oc-12b">
         <name>.text</name>
         <load_address>0x1b78</load_address>
         <run_address>0x1b78</run_address>
         <size>0x3bc</size>
         <input_file_ref idref="fl-8"/>
      </object_component>
      <object_component id="oc-104">
         <name>.text</name>
         <load_address>0x1f34</load_address>
         <run_address>0x1f34</run_address>
         <size>0x390</size>
         <input_file_ref idref="fl-d"/>
      </object_component>
      <object_component id="oc-3c">
         <name>.text</name>
         <load_address>0x22c4</load_address>
         <run_address>0x22c4</run_address>
         <size>0x358</size>
         <input_file_ref idref="fl-4"/>
      </object_component>
      <object_component id="oc-41d">
         <name>.text</name>
         <load_address>0x261c</load_address>
         <run_address>0x261c</run_address>
         <size>0x294</size>
         <input_file_ref idref="fl-15b"/>
      </object_component>
      <object_component id="oc-37c">
         <name>.text</name>
         <load_address>0x28b0</load_address>
         <run_address>0x28b0</run_address>
         <size>0x23c</size>
         <input_file_ref idref="fl-156"/>
      </object_component>
      <object_component id="oc-30">
         <name>.text</name>
         <load_address>0x2aec</load_address>
         <run_address>0x2aec</run_address>
         <size>0x1fc</size>
         <input_file_ref idref="fl-c"/>
      </object_component>
      <object_component id="oc-150">
         <name>.text</name>
         <load_address>0x2ce8</load_address>
         <run_address>0x2ce8</run_address>
         <size>0x1b6</size>
         <input_file_ref idref="fl-148"/>
      </object_component>
      <object_component id="oc-415">
         <name>.text</name>
         <load_address>0x2ea0</load_address>
         <run_address>0x2ea0</run_address>
         <size>0x18c</size>
         <input_file_ref idref="fl-157"/>
      </object_component>
      <object_component id="oc-3ce">
         <name>.text</name>
         <load_address>0x302c</load_address>
         <run_address>0x302c</run_address>
         <size>0x17c</size>
         <input_file_ref idref="fl-13e"/>
      </object_component>
      <object_component id="oc-449">
         <name>.text</name>
         <load_address>0x31a8</load_address>
         <run_address>0x31a8</run_address>
         <size>0x174</size>
         <input_file_ref idref="fl-164"/>
      </object_component>
      <object_component id="oc-14a">
         <name>.text</name>
         <load_address>0x331c</load_address>
         <run_address>0x331c</run_address>
         <size>0x148</size>
         <input_file_ref idref="fl-154"/>
      </object_component>
      <object_component id="oc-2e9">
         <name>.text</name>
         <load_address>0x3464</load_address>
         <run_address>0x3464</run_address>
         <size>0x136</size>
         <input_file_ref idref="fl-14a"/>
      </object_component>
      <object_component id="oc-28b">
         <name>.text:GPIOPadConfigSet</name>
         <load_address>0x359a</load_address>
         <run_address>0x359a</run_address>
         <size>0x130</size>
         <input_file_ref idref="fl-1b"/>
      </object_component>
      <object_component id="oc-93">
         <name>.text:SysCtlClockGet</name>
         <load_address>0x36cc</load_address>
         <run_address>0x36cc</run_address>
         <size>0x118</size>
         <input_file_ref idref="fl-18"/>
      </object_component>
      <object_component id="oc-2ee">
         <name>.text</name>
         <load_address>0x37e4</load_address>
         <run_address>0x37e4</run_address>
         <size>0x110</size>
         <input_file_ref idref="fl-158"/>
      </object_component>
      <object_component id="oc-140">
         <name>.text</name>
         <load_address>0x38f4</load_address>
         <run_address>0x38f4</run_address>
         <size>0xfc</size>
         <input_file_ref idref="fl-14b"/>
      </object_component>
      <object_component id="oc-336">
         <name>.text:SysCtlClockSet</name>
         <load_address>0x39f0</load_address>
         <run_address>0x39f0</run_address>
         <size>0xf0</size>
         <input_file_ref idref="fl-18"/>
      </object_component>
      <object_component id="oc-3a0">
         <name>.text</name>
         <load_address>0x3ae0</load_address>
         <run_address>0x3ae0</run_address>
         <size>0xbe</size>
         <input_file_ref idref="fl-167"/>
      </object_component>
      <object_component id="oc-51">
         <name>.text</name>
         <load_address>0x3b9e</load_address>
         <run_address>0x3b9e</run_address>
         <size>0x9c</size>
         <input_file_ref idref="fl-150"/>
      </object_component>
      <object_component id="oc-3ef">
         <name>.text:__aeabi_cdcmple</name>
         <load_address>0x3c3a</load_address>
         <run_address>0x3c3a</run_address>
         <size>0x86</size>
         <input_file_ref idref="fl-149"/>
      </object_component>
      <object_component id="oc-6a">
         <name>.text</name>
         <load_address>0x3cc0</load_address>
         <run_address>0x3cc0</run_address>
         <size>0x7a</size>
         <input_file_ref idref="fl-151"/>
      </object_component>
      <object_component id="oc-e1">
         <name>.text</name>
         <load_address>0x3d3c</load_address>
         <run_address>0x3d3c</run_address>
         <size>0x74</size>
         <input_file_ref idref="fl-9"/>
      </object_component>
      <object_component id="oc-7c">
         <name>.text</name>
         <load_address>0x3db0</load_address>
         <run_address>0x3db0</run_address>
         <size>0x6c</size>
         <input_file_ref idref="fl-15f"/>
      </object_component>
      <object_component id="oc-5d">
         <name>.text</name>
         <load_address>0x3e1c</load_address>
         <run_address>0x3e1c</run_address>
         <size>0x6a</size>
         <input_file_ref idref="fl-143"/>
      </object_component>
      <object_component id="oc-2e3">
         <name>.text</name>
         <load_address>0x3e86</load_address>
         <run_address>0x3e86</run_address>
         <size>0x66</size>
         <input_file_ref idref="fl-159"/>
      </object_component>
      <object_component id="oc-c3">
         <name>.text:IntEnable</name>
         <load_address>0x3eec</load_address>
         <run_address>0x3eec</run_address>
         <size>0x60</size>
         <input_file_ref idref="fl-19"/>
      </object_component>
      <object_component id="oc-b1">
         <name>.text:TimerConfigure</name>
         <load_address>0x3f4c</load_address>
         <run_address>0x3f4c</run_address>
         <size>0x5c</size>
         <input_file_ref idref="fl-16"/>
      </object_component>
      <object_component id="oc-110">
         <name>.text:GPIOIntTypeSet</name>
         <load_address>0x3fa8</load_address>
         <run_address>0x3fa8</run_address>
         <size>0x56</size>
         <input_file_ref idref="fl-1b"/>
      </object_component>
      <object_component id="oc-2bd">
         <name>.text:SysCtlPeripheralReset</name>
         <load_address>0x4000</load_address>
         <run_address>0x4000</run_address>
         <size>0x50</size>
         <input_file_ref idref="fl-18"/>
      </object_component>
      <object_component id="oc-24">
         <name>.text</name>
         <load_address>0x4050</load_address>
         <run_address>0x4050</run_address>
         <size>0x50</size>
         <input_file_ref idref="fl-141"/>
      </object_component>
      <object_component id="oc-27d">
         <name>.text</name>
         <load_address>0x40a0</load_address>
         <run_address>0x40a0</run_address>
         <size>0x4c</size>
         <input_file_ref idref="fl-140"/>
      </object_component>
      <object_component id="oc-1ec">
         <name>.text</name>
         <load_address>0x40ec</load_address>
         <run_address>0x40ec</run_address>
         <size>0x4c</size>
         <input_file_ref idref="fl-160"/>
      </object_component>
      <object_component id="oc-145">
         <name>.text</name>
         <load_address>0x4138</load_address>
         <run_address>0x4138</run_address>
         <size>0x4a</size>
         <input_file_ref idref="fl-14c"/>
      </object_component>
      <object_component id="oc-157">
         <name>.text:GPIOPinConfigure</name>
         <load_address>0x4184</load_address>
         <run_address>0x4184</run_address>
         <size>0x48</size>
         <input_file_ref idref="fl-1b"/>
      </object_component>
      <object_component id="oc-2c3">
         <name>.text:I2CMasterInitExpClk</name>
         <load_address>0x41cc</load_address>
         <run_address>0x41cc</run_address>
         <size>0x48</size>
         <input_file_ref idref="fl-1a"/>
      </object_component>
      <object_component id="oc-44f">
         <name>.text</name>
         <load_address>0x4214</load_address>
         <run_address>0x4214</run_address>
         <size>0x48</size>
         <input_file_ref idref="fl-162"/>
      </object_component>
      <object_component id="oc-88">
         <name>.text</name>
         <load_address>0x425c</load_address>
         <run_address>0x425c</run_address>
         <size>0x44</size>
         <input_file_ref idref="fl-147"/>
      </object_component>
      <object_component id="oc-163">
         <name>.text:UARTConfigSetExpClk</name>
         <load_address>0x42a0</load_address>
         <run_address>0x42a0</run_address>
         <size>0x40</size>
         <input_file_ref idref="fl-15"/>
      </object_component>
      <object_component id="oc-430">
         <name>.text</name>
         <load_address>0x42e0</load_address>
         <run_address>0x42e0</run_address>
         <size>0x40</size>
         <input_file_ref idref="fl-166"/>
      </object_component>
      <object_component id="oc-13b">
         <name>.text</name>
         <load_address>0x4320</load_address>
         <run_address>0x4320</run_address>
         <size>0x38</size>
         <input_file_ref idref="fl-14d"/>
      </object_component>
      <object_component id="oc-ab">
         <name>.text:SysCtlPeripheralEnable</name>
         <load_address>0x4358</load_address>
         <run_address>0x4358</run_address>
         <size>0x34</size>
         <input_file_ref idref="fl-18"/>
      </object_component>
      <object_component id="oc-3ab">
         <name>.text</name>
         <load_address>0x438c</load_address>
         <run_address>0x438c</run_address>
         <size>0x34</size>
         <input_file_ref idref="fl-163"/>
      </object_component>
      <object_component id="oc-2f4">
         <name>.text</name>
         <load_address>0x43c0</load_address>
         <run_address>0x43c0</run_address>
         <size>0x30</size>
         <input_file_ref idref="fl-15a"/>
      </object_component>
      <object_component id="oc-3c9">
         <name>.text</name>
         <load_address>0x43f0</load_address>
         <run_address>0x43f0</run_address>
         <size>0x2e</size>
         <input_file_ref idref="fl-14e"/>
      </object_component>
      <object_component id="oc-407">
         <name>.text</name>
         <load_address>0x441e</load_address>
         <run_address>0x441e</run_address>
         <size>0x2e</size>
         <input_file_ref idref="fl-165"/>
      </object_component>
      <object_component id="oc-285">
         <name>.text:GPIODirModeSet</name>
         <load_address>0x444c</load_address>
         <run_address>0x444c</run_address>
         <size>0x2a</size>
         <input_file_ref idref="fl-1b"/>
      </object_component>
      <object_component id="oc-c9">
         <name>.text:IntPrioritySet</name>
         <load_address>0x4478</load_address>
         <run_address>0x4478</run_address>
         <size>0x24</size>
         <input_file_ref idref="fl-19"/>
      </object_component>
      <object_component id="oc-306">
         <name>.text:UARTDisable</name>
         <load_address>0x449c</load_address>
         <run_address>0x449c</run_address>
         <size>0x1c</size>
         <input_file_ref idref="fl-15"/>
      </object_component>
      <object_component id="oc-3d4">
         <name>.text</name>
         <load_address>0x44b8</load_address>
         <run_address>0x44b8</run_address>
         <size>0x1a</size>
         <input_file_ref idref="fl-145"/>
      </object_component>
      <object_component id="oc-3da">
         <name>.text</name>
         <load_address>0x44d2</load_address>
         <run_address>0x44d2</run_address>
         <size>0x1a</size>
         <input_file_ref idref="fl-153"/>
      </object_component>
      <object_component id="oc-1b2">
         <name>.text:GPIOPinTypeGPIOOutput</name>
         <load_address>0x44ec</load_address>
         <run_address>0x44ec</run_address>
         <size>0x18</size>
         <input_file_ref idref="fl-1b"/>
      </object_component>
      <object_component id="oc-82">
         <name>.text</name>
         <load_address>0x4504</load_address>
         <run_address>0x4504</run_address>
         <size>0x18</size>
         <input_file_ref idref="fl-15e"/>
      </object_component>
      <object_component id="oc-2b1">
         <name>.text:I2CMasterErr</name>
         <load_address>0x451c</load_address>
         <run_address>0x451c</run_address>
         <size>0x16</size>
         <input_file_ref idref="fl-1a"/>
      </object_component>
      <object_component id="oc-a5">
         <name>.text:SysTickEnable</name>
         <load_address>0x4534</load_address>
         <run_address>0x4534</run_address>
         <size>0x14</size>
         <input_file_ref idref="fl-17"/>
      </object_component>
      <object_component id="oc-9f">
         <name>.text:SysTickIntEnable</name>
         <load_address>0x4548</load_address>
         <run_address>0x4548</run_address>
         <size>0x14</size>
         <input_file_ref idref="fl-17"/>
      </object_component>
      <object_component id="oc-169">
         <name>.text:UARTEnable</name>
         <load_address>0x455c</load_address>
         <run_address>0x455c</run_address>
         <size>0x14</size>
         <input_file_ref idref="fl-15"/>
      </object_component>
      <object_component id="oc-354">
         <name>.text</name>
         <load_address>0x4570</load_address>
         <run_address>0x4570</run_address>
         <size>0x14</size>
         <input_file_ref idref="fl-15d"/>
      </object_component>
      <object_component id="oc-10a">
         <name>.text:GPIOPinTypeGPIOInput</name>
         <load_address>0x4584</load_address>
         <run_address>0x4584</run_address>
         <size>0x12</size>
         <input_file_ref idref="fl-1b"/>
      </object_component>
      <object_component id="oc-2cf">
         <name>.text:GPIOPinTypeI2C</name>
         <load_address>0x4596</load_address>
         <run_address>0x4596</run_address>
         <size>0x12</size>
         <input_file_ref idref="fl-1b"/>
      </object_component>
      <object_component id="oc-2d5">
         <name>.text:GPIOPinTypeI2CSCL</name>
         <load_address>0x45a8</load_address>
         <run_address>0x45a8</run_address>
         <size>0x12</size>
         <input_file_ref idref="fl-1b"/>
      </object_component>
      <object_component id="oc-15d">
         <name>.text:GPIOPinTypeUART</name>
         <load_address>0x45ba</load_address>
         <run_address>0x45ba</run_address>
         <size>0x12</size>
         <input_file_ref idref="fl-1b"/>
      </object_component>
      <object_component id="oc-b7">
         <name>.text:TimerLoadSet</name>
         <load_address>0x45cc</load_address>
         <run_address>0x45cc</run_address>
         <size>0x12</size>
         <input_file_ref idref="fl-16"/>
      </object_component>
      <object_component id="oc-277">
         <name>.text</name>
         <load_address>0x45de</load_address>
         <run_address>0x45de</run_address>
         <size>0x12</size>
         <input_file_ref idref="fl-13f"/>
      </object_component>
      <object_component id="oc-99">
         <name>.text:SysTickPeriodSet</name>
         <load_address>0x45f0</load_address>
         <run_address>0x45f0</run_address>
         <size>0x10</size>
         <input_file_ref idref="fl-17"/>
      </object_component>
      <object_component id="oc-271">
         <name>.text</name>
         <load_address>0x4600</load_address>
         <run_address>0x4600</run_address>
         <size>0x10</size>
         <input_file_ref idref="fl-14f"/>
      </object_component>
      <object_component id="oc-11c">
         <name>.text:GPIOIntStatus</name>
         <load_address>0x4610</load_address>
         <run_address>0x4610</run_address>
         <size>0xe</size>
         <input_file_ref idref="fl-1b"/>
      </object_component>
      <object_component id="oc-d5">
         <name>.text:TimerEnable</name>
         <load_address>0x461e</load_address>
         <run_address>0x461e</run_address>
         <size>0xe</size>
         <input_file_ref idref="fl-16"/>
      </object_component>
      <object_component id="oc-12">
         <name>.text:decompress:none</name>
         <load_address>0x462c</load_address>
         <run_address>0x462c</run_address>
         <size>0xe</size>
         <input_file_ref idref="fl-142"/>
      </object_component>
      <object_component id="oc-219">
         <name>.text:CPUcpsie</name>
         <load_address>0x463a</load_address>
         <run_address>0x463a</run_address>
         <size>0xc</size>
         <input_file_ref idref="fl-1c"/>
      </object_component>
      <object_component id="oc-116">
         <name>.text:GPIOIntEnable</name>
         <load_address>0x4646</load_address>
         <run_address>0x4646</run_address>
         <size>0xc</size>
         <input_file_ref idref="fl-1b"/>
      </object_component>
      <object_component id="oc-193">
         <name>.text:UARTCharsAvail</name>
         <load_address>0x4652</load_address>
         <run_address>0x4652</run_address>
         <size>0xc</size>
         <input_file_ref idref="fl-15"/>
      </object_component>
      <object_component id="oc-1ac">
         <name>.text:UARTTxIntModeSet</name>
         <load_address>0x465e</load_address>
         <run_address>0x465e</run_address>
         <size>0xc</size>
         <input_file_ref idref="fl-15"/>
      </object_component>
      <object_component id="oc-1e">
         <name>.text:decompress:ZI</name>
         <load_address>0x466a</load_address>
         <run_address>0x466a</run_address>
         <size>0xc</size>
         <input_file_ref idref="fl-144"/>
      </object_component>
      <object_component id="oc-2a">
         <name>.text</name>
         <load_address>0x4676</load_address>
         <run_address>0x4676</run_address>
         <size>0xc</size>
         <input_file_ref idref="fl-f"/>
      </object_component>
      <object_component id="oc-2b7">
         <name>.text:I2CMasterDisable</name>
         <load_address>0x4682</load_address>
         <run_address>0x4682</run_address>
         <size>0xa</size>
         <input_file_ref idref="fl-1a"/>
      </object_component>
      <object_component id="oc-394">
         <name>.text:I2CMasterEnable</name>
         <load_address>0x468c</load_address>
         <run_address>0x468c</run_address>
         <size>0xa</size>
         <input_file_ref idref="fl-1a"/>
      </object_component>
      <object_component id="oc-bd">
         <name>.text:IntMasterEnable</name>
         <load_address>0x4696</load_address>
         <run_address>0x4696</run_address>
         <size>0xa</size>
         <input_file_ref idref="fl-19"/>
      </object_component>
      <object_component id="oc-e7">
         <name>.text:TimerValueGet</name>
         <load_address>0x46a0</load_address>
         <run_address>0x46a0</run_address>
         <size>0xa</size>
         <input_file_ref idref="fl-16"/>
      </object_component>
      <object_component id="oc-18d">
         <name>.text:UARTCharGet</name>
         <load_address>0x46aa</load_address>
         <run_address>0x46aa</run_address>
         <size>0xa</size>
         <input_file_ref idref="fl-15"/>
      </object_component>
      <object_component id="oc-199">
         <name>.text:UARTCharPut</name>
         <load_address>0x46b4</load_address>
         <run_address>0x46b4</run_address>
         <size>0xa</size>
         <input_file_ref idref="fl-15"/>
      </object_component>
      <object_component id="oc-16f">
         <name>.text:UARTFIFOEnable</name>
         <load_address>0x46be</load_address>
         <run_address>0x46be</run_address>
         <size>0xa</size>
         <input_file_ref idref="fl-15"/>
      </object_component>
      <object_component id="oc-181">
         <name>.text:UARTIntStatus</name>
         <load_address>0x46c8</load_address>
         <run_address>0x46c8</run_address>
         <size>0xa</size>
         <input_file_ref idref="fl-15"/>
      </object_component>
      <object_component id="oc-2ab">
         <name>.text:I2CMasterBusy</name>
         <load_address>0x46d2</load_address>
         <run_address>0x46d2</run_address>
         <size>0x8</size>
         <input_file_ref idref="fl-1a"/>
      </object_component>
      <object_component id="oc-299">
         <name>.text:I2CMasterSlaveAddrSet</name>
         <load_address>0x46da</load_address>
         <run_address>0x46da</run_address>
         <size>0x8</size>
         <input_file_ref idref="fl-1a"/>
      </object_component>
      <object_component id="oc-cf">
         <name>.text:TimerIntEnable</name>
         <load_address>0x46e2</load_address>
         <run_address>0x46e2</run_address>
         <size>0x8</size>
         <input_file_ref idref="fl-16"/>
      </object_component>
      <object_component id="oc-17b">
         <name>.text:UARTIntEnable</name>
         <load_address>0x46ea</load_address>
         <run_address>0x46ea</run_address>
         <size>0x8</size>
         <input_file_ref idref="fl-15"/>
      </object_component>
      <object_component id="oc-135">
         <name>.text:CPUbasepriSet</name>
         <load_address>0x46f2</load_address>
         <run_address>0x46f2</run_address>
         <size>0x6</size>
         <input_file_ref idref="fl-1c"/>
      </object_component>
      <object_component id="oc-122">
         <name>.text:GPIOIntClear</name>
         <load_address>0x46f8</load_address>
         <run_address>0x46f8</run_address>
         <size>0x6</size>
         <input_file_ref idref="fl-1b"/>
      </object_component>
      <object_component id="oc-231">
         <name>.text:GPIOPinRead</name>
         <load_address>0x46fe</load_address>
         <run_address>0x46fe</run_address>
         <size>0x6</size>
         <input_file_ref idref="fl-1b"/>
      </object_component>
      <object_component id="oc-1b8">
         <name>.text:GPIOPinWrite</name>
         <load_address>0x4704</load_address>
         <run_address>0x4704</run_address>
         <size>0x6</size>
         <input_file_ref idref="fl-1b"/>
      </object_component>
      <object_component id="oc-131">
         <name>.text:SysCtlDelay</name>
         <load_address>0x470a</load_address>
         <run_address>0x470a</run_address>
         <size>0x6</size>
         <input_file_ref idref="fl-18"/>
      </object_component>
      <object_component id="oc-175">
         <name>.text:UARTFIFOLevelSet</name>
         <load_address>0x4710</load_address>
         <run_address>0x4710</run_address>
         <size>0x6</size>
         <input_file_ref idref="fl-15"/>
      </object_component>
      <object_component id="oc-18">
         <name>.text:decompress:rle24</name>
         <load_address>0x4716</load_address>
         <run_address>0x4716</run_address>
         <size>0x6</size>
         <input_file_ref idref="fl-143"/>
      </object_component>
      <object_component id="oc-2a5">
         <name>.text:I2CMasterControl</name>
         <load_address>0x471c</load_address>
         <run_address>0x471c</run_address>
         <size>0x4</size>
         <input_file_ref idref="fl-1a"/>
      </object_component>
      <object_component id="oc-2c9">
         <name>.text:I2CMasterDataGet</name>
         <load_address>0x4720</load_address>
         <run_address>0x4720</run_address>
         <size>0x4</size>
         <input_file_ref idref="fl-1a"/>
      </object_component>
      <object_component id="oc-29f">
         <name>.text:I2CMasterDataPut</name>
         <load_address>0x4724</load_address>
         <run_address>0x4724</run_address>
         <size>0x4</size>
         <input_file_ref idref="fl-1a"/>
      </object_component>
      <object_component id="oc-db">
         <name>.text:TimerIntClear</name>
         <load_address>0x4728</load_address>
         <run_address>0x4728</run_address>
         <size>0x4</size>
         <input_file_ref idref="fl-16"/>
      </object_component>
      <object_component id="oc-187">
         <name>.text:UARTIntClear</name>
         <load_address>0x472c</load_address>
         <run_address>0x472c</run_address>
         <size>0x4</size>
         <input_file_ref idref="fl-15"/>
      </object_component>
      <object_component id="oc-76">
         <name>.text</name>
         <load_address>0x4730</load_address>
         <run_address>0x4730</run_address>
         <size>0x4</size>
         <input_file_ref idref="fl-152"/>
      </object_component>
      <object_component id="oc-377">
         <name>.const:.string:_ctypes_</name>
         <load_address>0x4738</load_address>
         <run_address>0x4738</run_address>
         <size>0x101</size>
         <input_file_ref idref="fl-146"/>
      </object_component>
      <object_component id="oc-22a">
         <name>.const:g_pui32Regs</name>
         <load_address>0x483c</load_address>
         <run_address>0x483c</run_address>
         <size>0x9c</size>
         <input_file_ref idref="fl-19"/>
      </object_component>
      <object_component id="oc-3f4">
         <name>.const</name>
         <load_address>0x48d8</load_address>
         <run_address>0x48d8</run_address>
         <size>0x98</size>
         <input_file_ref idref="fl-156"/>
      </object_component>
      <object_component id="oc-301">
         <name>.const:g_pui32GPIOBaseAddrs</name>
         <load_address>0x4970</load_address>
         <run_address>0x4970</run_address>
         <size>0x90</size>
         <input_file_ref idref="fl-1b"/>
      </object_component>
      <object_component id="oc-443">
         <name>.const</name>
         <load_address>0x4a00</load_address>
         <run_address>0x4a00</run_address>
         <size>0x88</size>
         <input_file_ref idref="fl-157"/>
      </object_component>
      <object_component id="oc-454">
         <name>.const</name>
         <load_address>0x4a88</load_address>
         <run_address>0x4a88</run_address>
         <size>0x80</size>
         <input_file_ref idref="fl-15b"/>
      </object_component>
      <object_component id="oc-225">
         <name>.const</name>
         <load_address>0x4b08</load_address>
         <run_address>0x4b08</run_address>
         <size>0x70</size>
         <input_file_ref idref="fl-19"/>
      </object_component>
      <object_component id="oc-207">
         <name>.const:g_pui32Xtals</name>
         <load_address>0x4b78</load_address>
         <run_address>0x4b78</run_address>
         <size>0x6c</size>
         <input_file_ref idref="fl-18"/>
      </object_component>
      <object_component id="oc-4a2">
         <name>.cinit..data.load</name>
         <load_address>0x4be8</load_address>
         <run_address>0x4be8</run_address>
         <size>0x42</size>
      </object_component>
      <object_component id="oc-4a0">
         <name>__TI_handler_table</name>
         <load_address>0x4c2c</load_address>
         <run_address>0x4c2c</run_address>
         <size>0xc</size>
      </object_component>
      <object_component id="oc-4a3">
         <name>.cinit..bss.load</name>
         <load_address>0x4c38</load_address>
         <run_address>0x4c38</run_address>
         <size>0x8</size>
      </object_component>
      <object_component id="oc-4a1">
         <name>__TI_cinit_table</name>
         <load_address>0x4c40</load_address>
         <run_address>0x4c40</run_address>
         <size>0x10</size>
      </object_component>
      <object_component id="oc-29">
         <name>.stack</name>
         <uninitialized>true</uninitialized>
         <run_address>0x200002fc</run_address>
         <size>0x0</size>
         <input_file_ref idref="fl-141"/>
      </object_component>
      <object_component id="oc-4a4">
         <name>.stack</name>
         <uninitialized>true</uninitialized>
         <run_address>0x200002fc</run_address>
         <size>0x0</size>
      </object_component>
      <object_component id="oc-349">
         <name>.bss:IMU</name>
         <uninitialized>true</uninitialized>
         <run_address>0x200001d0</run_address>
         <size>0x34</size>
         <input_file_ref idref="fl-2"/>
      </object_component>
      <object_component id="oc-1c1">
         <name>.bss:samPosition12</name>
         <uninitialized>true</uninitialized>
         <run_address>0x20000138</run_address>
         <size>0x60</size>
         <input_file_ref idref="fl-3"/>
      </object_component>
      <object_component id="oc-19f">
         <name>.bss:serialZMPLeft</name>
         <uninitialized>true</uninitialized>
         <run_address>0x20000067</run_address>
         <size>0x67</size>
         <input_file_ref idref="fl-4"/>
      </object_component>
      <object_component id="oc-1a2">
         <name>.bss:serialZMPRight</name>
         <uninitialized>true</uninitialized>
         <run_address>0x200000ce</run_address>
         <size>0x67</size>
         <input_file_ref idref="fl-4"/>
      </object_component>
      <object_component id="oc-343">
         <name>.bss:zmpLeft</name>
         <uninitialized>true</uninitialized>
         <run_address>0x20000204</run_address>
         <size>0x2c</size>
         <input_file_ref idref="fl-4"/>
      </object_component>
      <object_component id="oc-346">
         <name>.bss:zmpRight</name>
         <uninitialized>true</uninitialized>
         <run_address>0x20000230</run_address>
         <size>0x2c</size>
         <input_file_ref idref="fl-4"/>
      </object_component>
      <object_component id="oc-132">
         <name>.bss:MPU6050</name>
         <uninitialized>true</uninitialized>
         <run_address>0x20000198</run_address>
         <size>0x38</size>
         <input_file_ref idref="fl-6"/>
      </object_component>
      <object_component id="oc-1cc">
         <name>.bss:serialPC</name>
         <uninitialized>true</uninitialized>
         <run_address>0x20000000</run_address>
         <size>0x67</size>
         <input_file_ref idref="fl-b"/>
      </object_component>
      <object_component id="oc-f0">
         <name>.common:FlagTimer</name>
         <uninitialized>true</uninitialized>
         <run_address>0x20000136</run_address>
         <size>0x1</size>
      </object_component>
      <object_component id="oc-1c0">
         <name>.common:samPosition8</name>
         <uninitialized>true</uninitialized>
         <run_address>0x200002d4</run_address>
         <size>0x18</size>
      </object_component>
      <object_component id="oc-1be">
         <name>.common:samLoad8</name>
         <uninitialized>true</uninitialized>
         <run_address>0x200002a4</run_address>
         <size>0x18</size>
      </object_component>
      <object_component id="oc-1c8">
         <name>.common:samDataAvail</name>
         <uninitialized>true</uninitialized>
         <run_address>0x20000274</run_address>
         <size>0x18</size>
      </object_component>
      <object_component id="oc-1c4">
         <name>.common:samP</name>
         <uninitialized>true</uninitialized>
         <run_address>0x200002bc</run_address>
         <size>0x18</size>
      </object_component>
      <object_component id="oc-1c6">
         <name>.common:samI</name>
         <uninitialized>true</uninitialized>
         <run_address>0x2000028c</run_address>
         <size>0x18</size>
      </object_component>
      <object_component id="oc-1c5">
         <name>.common:samD</name>
         <uninitialized>true</uninitialized>
         <run_address>0x2000025c</run_address>
         <size>0x18</size>
      </object_component>
      <object_component id="oc-f5">
         <name>.common:samReadBusy</name>
         <uninitialized>true</uninitialized>
         <run_address>0x20000137</run_address>
         <size>0x1</size>
      </object_component>
      <object_component id="oc-1c7">
         <name>.common:samReadMode</name>
         <uninitialized>true</uninitialized>
         <run_address>0x200002f8</run_address>
         <size>0x1</size>
      </object_component>
      <object_component id="oc-1c9">
         <name>.common:samReadCurrentID_C4</name>
         <uninitialized>true</uninitialized>
         <run_address>0x200002f7</run_address>
         <size>0x1</size>
      </object_component>
      <object_component id="oc-1bf">
         <name>.common:samReadCurrentID_C2</name>
         <uninitialized>true</uninitialized>
         <run_address>0x200002f6</run_address>
         <size>0x1</size>
      </object_component>
      <object_component id="oc-342">
         <name>.common:Flag</name>
         <uninitialized>true</uninitialized>
         <run_address>0x20000135</run_address>
         <size>0x1</size>
      </object_component>
      <object_component id="oc-f8">
         <name>.common:toggle_led</name>
         <uninitialized>true</uninitialized>
         <run_address>0x200002f2</run_address>
         <size>0x4</size>
      </object_component>
      <object_component id="oc-ed">
         <name>.common:SysTick_Int_Count</name>
         <uninitialized>true</uninitialized>
         <run_address>0x200002ec</run_address>
         <size>0x6</size>
      </object_component>
      <object_component id="oc-128">
         <name>.data</name>
         <load_address>0x2000064a</load_address>
         <run_address>0x2000064a</run_address>
         <size>0x2</size>
         <input_file_ref idref="fl-6"/>
      </object_component>
      <object_component id="oc-fb">
         <name>.data</name>
         <load_address>0x20000630</load_address>
         <run_address>0x20000630</run_address>
         <size>0x1a</size>
         <input_file_ref idref="fl-c"/>
      </object_component>
      <object_component id="oc-1ff">
         <name>.data</name>
         <load_address>0x20000654</load_address>
         <run_address>0x20000654</run_address>
         <size>0x8</size>
         <input_file_ref idref="fl-147"/>
      </object_component>
      <object_component id="oc-8e">
         <name>.data</name>
         <load_address>0x20000668</load_address>
         <run_address>0x20000668</run_address>
         <size>0x4</size>
         <input_file_ref idref="fl-155"/>
      </object_component>
      <object_component id="oc-2fa">
         <name>.data</name>
         <load_address>0x200005b0</load_address>
         <run_address>0x200005b0</run_address>
         <size>0x80</size>
         <input_file_ref idref="fl-15c"/>
      </object_component>
      <object_component id="oc-1fc">
         <name>.data</name>
         <load_address>0x2000064c</load_address>
         <run_address>0x2000064c</run_address>
         <size>0x8</size>
         <input_file_ref idref="fl-15d"/>
      </object_component>
      <object_component id="oc-3b1">
         <name>.data</name>
         <load_address>0x20000664</load_address>
         <run_address>0x20000664</run_address>
         <size>0x4</size>
         <input_file_ref idref="fl-161"/>
      </object_component>
      <object_component id="oc-40d">
         <name>.data</name>
         <load_address>0x2000065c</load_address>
         <run_address>0x2000065c</run_address>
         <size>0x8</size>
         <input_file_ref idref="fl-163"/>
      </object_component>
      <object_component id="oc-45c">
         <name>.data:sigtable</name>
         <load_address>0x20000500</load_address>
         <run_address>0x20000500</run_address>
         <size>0xb0</size>
         <input_file_ref idref="fl-166"/>
      </object_component>
      <object_component id="oc-f1">
         <name>.debug_info</name>
         <load_address>0x0</load_address>
         <run_address>0x0</run_address>
         <size>0x1f8</size>
         <input_file_ref idref="fl-2"/>
      </object_component>
      <object_component id="oc-34a">
         <name>.debug_info</name>
         <load_address>0x1f8</load_address>
         <run_address>0x1f8</run_address>
         <size>0xcf</size>
         <input_file_ref idref="fl-2"/>
      </object_component>
      <object_component id="oc-33e">
         <name>.debug_info</name>
         <load_address>0x2c7</load_address>
         <run_address>0x2c7</run_address>
         <size>0x62c</size>
         <input_file_ref idref="fl-2"/>
      </object_component>
      <object_component id="oc-246">
         <name>.debug_info</name>
         <load_address>0x8f3</load_address>
         <run_address>0x8f3</run_address>
         <size>0x18a</size>
         <input_file_ref idref="fl-2"/>
      </object_component>
      <object_component id="oc-23b">
         <name>.debug_info</name>
         <load_address>0xa7d</load_address>
         <run_address>0xa7d</run_address>
         <size>0xc3</size>
         <input_file_ref idref="fl-2"/>
      </object_component>
      <object_component id="oc-257">
         <name>.debug_info</name>
         <load_address>0xb40</load_address>
         <run_address>0xb40</run_address>
         <size>0x13a</size>
         <input_file_ref idref="fl-2"/>
      </object_component>
      <object_component id="oc-1d3">
         <name>.debug_info</name>
         <load_address>0xc7a</load_address>
         <run_address>0xc7a</run_address>
         <size>0x84</size>
         <input_file_ref idref="fl-2"/>
      </object_component>
      <object_component id="oc-ff">
         <name>.debug_info</name>
         <load_address>0xcfe</load_address>
         <run_address>0xcfe</run_address>
         <size>0x18b</size>
         <input_file_ref idref="fl-2"/>
      </object_component>
      <object_component id="oc-f6">
         <name>.debug_info</name>
         <load_address>0xe89</load_address>
         <run_address>0xe89</run_address>
         <size>0x305</size>
         <input_file_ref idref="fl-3"/>
      </object_component>
      <object_component id="oc-1c2">
         <name>.debug_info</name>
         <load_address>0x118e</load_address>
         <run_address>0x118e</run_address>
         <size>0xe3</size>
         <input_file_ref idref="fl-3"/>
      </object_component>
      <object_component id="oc-268">
         <name>.debug_info</name>
         <load_address>0x1271</load_address>
         <run_address>0x1271</run_address>
         <size>0xd6</size>
         <input_file_ref idref="fl-3"/>
      </object_component>
      <object_component id="oc-1ab">
         <name>.debug_info</name>
         <load_address>0x1347</load_address>
         <run_address>0x1347</run_address>
         <size>0x440</size>
         <input_file_ref idref="fl-4"/>
      </object_component>
      <object_component id="oc-1a0">
         <name>.debug_info</name>
         <load_address>0x1787</load_address>
         <run_address>0x1787</run_address>
         <size>0xe3</size>
         <input_file_ref idref="fl-4"/>
      </object_component>
      <object_component id="oc-1a3">
         <name>.debug_info</name>
         <load_address>0x186a</load_address>
         <run_address>0x186a</run_address>
         <size>0xe5</size>
         <input_file_ref idref="fl-4"/>
      </object_component>
      <object_component id="oc-344">
         <name>.debug_info</name>
         <load_address>0x194f</load_address>
         <run_address>0x194f</run_address>
         <size>0xd7</size>
         <input_file_ref idref="fl-4"/>
      </object_component>
      <object_component id="oc-347">
         <name>.debug_info</name>
         <load_address>0x1a26</load_address>
         <run_address>0x1a26</run_address>
         <size>0xd9</size>
         <input_file_ref idref="fl-4"/>
      </object_component>
      <object_component id="oc-3d">
         <name>.debug_info</name>
         <load_address>0x1aff</load_address>
         <run_address>0x1aff</run_address>
         <size>0xa02</size>
         <input_file_ref idref="fl-4"/>
      </object_component>
      <object_component id="oc-24d">
         <name>.debug_info</name>
         <load_address>0x2501</load_address>
         <run_address>0x2501</run_address>
         <size>0x86</size>
         <input_file_ref idref="fl-4"/>
      </object_component>
      <object_component id="oc-25c">
         <name>.debug_info</name>
         <load_address>0x2587</load_address>
         <run_address>0x2587</run_address>
         <size>0x9a</size>
         <input_file_ref idref="fl-4"/>
      </object_component>
      <object_component id="oc-1a6">
         <name>.debug_info</name>
         <load_address>0x2621</load_address>
         <run_address>0x2621</run_address>
         <size>0x8b</size>
         <input_file_ref idref="fl-4"/>
      </object_component>
      <object_component id="oc-f3">
         <name>.debug_info</name>
         <load_address>0x26ac</load_address>
         <run_address>0x26ac</run_address>
         <size>0x68f</size>
         <input_file_ref idref="fl-5"/>
      </object_component>
      <object_component id="oc-1f6">
         <name>.debug_info</name>
         <load_address>0x2d3b</load_address>
         <run_address>0x2d3b</run_address>
         <size>0x9b2</size>
         <input_file_ref idref="fl-5"/>
      </object_component>
      <object_component id="oc-261">
         <name>.debug_info</name>
         <load_address>0x36ed</load_address>
         <run_address>0x36ed</run_address>
         <size>0x18a</size>
         <input_file_ref idref="fl-5"/>
      </object_component>
      <object_component id="oc-252">
         <name>.debug_info</name>
         <load_address>0x3877</load_address>
         <run_address>0x3877</run_address>
         <size>0x51</size>
         <input_file_ref idref="fl-5"/>
      </object_component>
      <object_component id="oc-156">
         <name>.debug_info</name>
         <load_address>0x38c8</load_address>
         <run_address>0x38c8</run_address>
         <size>0x53c</size>
         <input_file_ref idref="fl-6"/>
      </object_component>
      <object_component id="oc-129">
         <name>.debug_info</name>
         <load_address>0x3e04</load_address>
         <run_address>0x3e04</run_address>
         <size>0x12a</size>
         <input_file_ref idref="fl-6"/>
      </object_component>
      <object_component id="oc-133">
         <name>.debug_info</name>
         <load_address>0x3f2e</load_address>
         <run_address>0x3f2e</run_address>
         <size>0xdb</size>
         <input_file_ref idref="fl-6"/>
      </object_component>
      <object_component id="oc-37">
         <name>.debug_info</name>
         <load_address>0x4009</load_address>
         <run_address>0x4009</run_address>
         <size>0xc29</size>
         <input_file_ref idref="fl-6"/>
      </object_component>
      <object_component id="oc-2dc">
         <name>.debug_info</name>
         <load_address>0x4c32</load_address>
         <run_address>0x4c32</run_address>
         <size>0x3e6</size>
         <input_file_ref idref="fl-8"/>
      </object_component>
      <object_component id="oc-12e">
         <name>.debug_info</name>
         <load_address>0x5018</load_address>
         <run_address>0x5018</run_address>
         <size>0xd85</size>
         <input_file_ref idref="fl-8"/>
      </object_component>
      <object_component id="oc-f9">
         <name>.debug_info</name>
         <load_address>0x5d9d</load_address>
         <run_address>0x5d9d</run_address>
         <size>0x255</size>
         <input_file_ref idref="fl-9"/>
      </object_component>
      <object_component id="oc-e2">
         <name>.debug_info</name>
         <load_address>0x5ff2</load_address>
         <run_address>0x5ff2</run_address>
         <size>0x233</size>
         <input_file_ref idref="fl-9"/>
      </object_component>
      <object_component id="oc-1cb">
         <name>.debug_info</name>
         <load_address>0x6225</load_address>
         <run_address>0x6225</run_address>
         <size>0x665</size>
         <input_file_ref idref="fl-a"/>
      </object_component>
      <object_component id="oc-43">
         <name>.debug_info</name>
         <load_address>0x688a</load_address>
         <run_address>0x688a</run_address>
         <size>0xac9</size>
         <input_file_ref idref="fl-a"/>
      </object_component>
      <object_component id="oc-1d0">
         <name>.debug_info</name>
         <load_address>0x7353</load_address>
         <run_address>0x7353</run_address>
         <size>0x429</size>
         <input_file_ref idref="fl-b"/>
      </object_component>
      <object_component id="oc-1cd">
         <name>.debug_info</name>
         <load_address>0x777c</load_address>
         <run_address>0x777c</run_address>
         <size>0xde</size>
         <input_file_ref idref="fl-b"/>
      </object_component>
      <object_component id="oc-49">
         <name>.debug_info</name>
         <load_address>0x785a</load_address>
         <run_address>0x785a</run_address>
         <size>0xe4e</size>
         <input_file_ref idref="fl-b"/>
      </object_component>
      <object_component id="oc-ee">
         <name>.debug_info</name>
         <load_address>0x86a8</load_address>
         <run_address>0x86a8</run_address>
         <size>0x43a</size>
         <input_file_ref idref="fl-c"/>
      </object_component>
      <object_component id="oc-fc">
         <name>.debug_info</name>
         <load_address>0x8ae2</load_address>
         <run_address>0x8ae2</run_address>
         <size>0x256</size>
         <input_file_ref idref="fl-c"/>
      </object_component>
      <object_component id="oc-33">
         <name>.debug_info</name>
         <load_address>0x8d38</load_address>
         <run_address>0x8d38</run_address>
         <size>0x5d3</size>
         <input_file_ref idref="fl-c"/>
      </object_component>
      <object_component id="oc-23f">
         <name>.debug_info</name>
         <load_address>0x930b</load_address>
         <run_address>0x930b</run_address>
         <size>0x11c</size>
         <input_file_ref idref="fl-c"/>
      </object_component>
      <object_component id="oc-284">
         <name>.debug_info</name>
         <load_address>0x9427</load_address>
         <run_address>0x9427</run_address>
         <size>0x17b</size>
         <input_file_ref idref="fl-d"/>
      </object_component>
      <object_component id="oc-106">
         <name>.debug_info</name>
         <load_address>0x95a2</load_address>
         <run_address>0x95a2</run_address>
         <size>0x5b2</size>
         <input_file_ref idref="fl-d"/>
      </object_component>
      <object_component id="oc-50">
         <name>.debug_info</name>
         <load_address>0x9b54</load_address>
         <run_address>0x9b54</run_address>
         <size>0x36b</size>
         <input_file_ref idref="fl-f"/>
      </object_component>
      <object_component id="oc-10">
         <name>.debug_info</name>
         <load_address>0x9ebf</load_address>
         <run_address>0x9ebf</run_address>
         <size>0xf6</size>
         <input_file_ref idref="fl-f"/>
      </object_component>
      <object_component id="oc-2c">
         <name>.debug_info</name>
         <load_address>0x9fb5</load_address>
         <run_address>0x9fb5</run_address>
         <size>0x273</size>
         <input_file_ref idref="fl-f"/>
      </object_component>
      <object_component id="oc-30d">
         <name>.debug_info</name>
         <load_address>0xa228</load_address>
         <run_address>0xa228</run_address>
         <size>0x1ce</size>
         <input_file_ref idref="fl-15"/>
      </object_component>
      <object_component id="oc-1af">
         <name>.debug_info</name>
         <load_address>0xa3f6</load_address>
         <run_address>0xa3f6</run_address>
         <size>0x1e9</size>
         <input_file_ref idref="fl-15"/>
      </object_component>
      <object_component id="oc-184">
         <name>.debug_info</name>
         <load_address>0xa5df</load_address>
         <run_address>0xa5df</run_address>
         <size>0x1e3</size>
         <input_file_ref idref="fl-15"/>
      </object_component>
      <object_component id="oc-17e">
         <name>.debug_info</name>
         <load_address>0xa7c2</load_address>
         <run_address>0xa7c2</run_address>
         <size>0x1f3</size>
         <input_file_ref idref="fl-15"/>
      </object_component>
      <object_component id="oc-18a">
         <name>.debug_info</name>
         <load_address>0xa9b5</load_address>
         <run_address>0xa9b5</run_address>
         <size>0x1f1</size>
         <input_file_ref idref="fl-15"/>
      </object_component>
      <object_component id="oc-178">
         <name>.debug_info</name>
         <load_address>0xaba6</load_address>
         <run_address>0xaba6</run_address>
         <size>0x233</size>
         <input_file_ref idref="fl-15"/>
      </object_component>
      <object_component id="oc-172">
         <name>.debug_info</name>
         <load_address>0xadd9</load_address>
         <run_address>0xadd9</run_address>
         <size>0x1b3</size>
         <input_file_ref idref="fl-15"/>
      </object_component>
      <object_component id="oc-16c">
         <name>.debug_info</name>
         <load_address>0xaf8c</load_address>
         <run_address>0xaf8c</run_address>
         <size>0x1ab</size>
         <input_file_ref idref="fl-15"/>
      </object_component>
      <object_component id="oc-309">
         <name>.debug_info</name>
         <load_address>0xb137</load_address>
         <run_address>0xb137</run_address>
         <size>0x233</size>
         <input_file_ref idref="fl-15"/>
      </object_component>
      <object_component id="oc-166">
         <name>.debug_info</name>
         <load_address>0xb36a</load_address>
         <run_address>0xb36a</run_address>
         <size>0x28a</size>
         <input_file_ref idref="fl-15"/>
      </object_component>
      <object_component id="oc-196">
         <name>.debug_info</name>
         <load_address>0xb5f4</load_address>
         <run_address>0xb5f4</run_address>
         <size>0x1b7</size>
         <input_file_ref idref="fl-15"/>
      </object_component>
      <object_component id="oc-19c">
         <name>.debug_info</name>
         <load_address>0xb7ab</load_address>
         <run_address>0xb7ab</run_address>
         <size>0x25d</size>
         <input_file_ref idref="fl-15"/>
      </object_component>
      <object_component id="oc-190">
         <name>.debug_info</name>
         <load_address>0xba08</load_address>
         <run_address>0xba08</run_address>
         <size>0x237</size>
         <input_file_ref idref="fl-15"/>
      </object_component>
      <object_component id="oc-220">
         <name>.debug_info</name>
         <load_address>0xbc3f</load_address>
         <run_address>0xbc3f</run_address>
         <size>0x90</size>
         <input_file_ref idref="fl-15"/>
      </object_component>
      <object_component id="oc-20b">
         <name>.debug_info</name>
         <load_address>0xbccf</load_address>
         <run_address>0xbccf</run_address>
         <size>0x18b</size>
         <input_file_ref idref="fl-15"/>
      </object_component>
      <object_component id="oc-217">
         <name>.debug_info</name>
         <load_address>0xbe5a</load_address>
         <run_address>0xbe5a</run_address>
         <size>0x1cf</size>
         <input_file_ref idref="fl-16"/>
      </object_component>
      <object_component id="oc-ea">
         <name>.debug_info</name>
         <load_address>0xc029</load_address>
         <run_address>0xc029</run_address>
         <size>0x1ee</size>
         <input_file_ref idref="fl-16"/>
      </object_component>
      <object_component id="oc-ba">
         <name>.debug_info</name>
         <load_address>0xc217</load_address>
         <run_address>0xc217</run_address>
         <size>0x21e</size>
         <input_file_ref idref="fl-16"/>
      </object_component>
      <object_component id="oc-d2">
         <name>.debug_info</name>
         <load_address>0xc435</load_address>
         <run_address>0xc435</run_address>
         <size>0x1f8</size>
         <input_file_ref idref="fl-16"/>
      </object_component>
      <object_component id="oc-de">
         <name>.debug_info</name>
         <load_address>0xc62d</load_address>
         <run_address>0xc62d</run_address>
         <size>0x1f6</size>
         <input_file_ref idref="fl-16"/>
      </object_component>
      <object_component id="oc-d8">
         <name>.debug_info</name>
         <load_address>0xc823</load_address>
         <run_address>0xc823</run_address>
         <size>0x1e3</size>
         <input_file_ref idref="fl-16"/>
      </object_component>
      <object_component id="oc-b4">
         <name>.debug_info</name>
         <load_address>0xca06</load_address>
         <run_address>0xca06</run_address>
         <size>0x1f0</size>
         <input_file_ref idref="fl-16"/>
      </object_component>
      <object_component id="oc-211">
         <name>.debug_info</name>
         <load_address>0xcbf6</load_address>
         <run_address>0xcbf6</run_address>
         <size>0x144</size>
         <input_file_ref idref="fl-17"/>
      </object_component>
      <object_component id="oc-9b">
         <name>.debug_info</name>
         <load_address>0xcd3a</load_address>
         <run_address>0xcd3a</run_address>
         <size>0x1c5</size>
         <input_file_ref idref="fl-17"/>
      </object_component>
      <object_component id="oc-a0">
         <name>.debug_info</name>
         <load_address>0xceff</load_address>
         <run_address>0xceff</run_address>
         <size>0x18b</size>
         <input_file_ref idref="fl-17"/>
      </object_component>
      <object_component id="oc-a6">
         <name>.debug_info</name>
         <load_address>0xd08a</load_address>
         <run_address>0xd08a</run_address>
         <size>0x185</size>
         <input_file_ref idref="fl-17"/>
      </object_component>
      <object_component id="oc-215">
         <name>.debug_info</name>
         <load_address>0xd20f</load_address>
         <run_address>0xd20f</run_address>
         <size>0x226</size>
         <input_file_ref idref="fl-18"/>
      </object_component>
      <object_component id="oc-208">
         <name>.debug_info</name>
         <load_address>0xd435</load_address>
         <run_address>0xd435</run_address>
         <size>0xff</size>
         <input_file_ref idref="fl-18"/>
      </object_component>
      <object_component id="oc-2c0">
         <name>.debug_info</name>
         <load_address>0xd534</load_address>
         <run_address>0xd534</run_address>
         <size>0x281</size>
         <input_file_ref idref="fl-18"/>
      </object_component>
      <object_component id="oc-ae">
         <name>.debug_info</name>
         <load_address>0xd7b5</load_address>
         <run_address>0xd7b5</run_address>
         <size>0x1e1</size>
         <input_file_ref idref="fl-18"/>
      </object_component>
      <object_component id="oc-337">
         <name>.debug_info</name>
         <load_address>0xd996</load_address>
         <run_address>0xd996</run_address>
         <size>0x363</size>
         <input_file_ref idref="fl-18"/>
      </object_component>
      <object_component id="oc-94">
         <name>.debug_info</name>
         <load_address>0xdcf9</load_address>
         <run_address>0xdcf9</run_address>
         <size>0x219</size>
         <input_file_ref idref="fl-18"/>
      </object_component>
      <object_component id="oc-368">
         <name>.debug_info</name>
         <load_address>0xdf12</load_address>
         <run_address>0xdf12</run_address>
         <size>0x5f</size>
         <input_file_ref idref="fl-18"/>
      </object_component>
      <object_component id="oc-229">
         <name>.debug_info</name>
         <load_address>0xdf71</load_address>
         <run_address>0xdf71</run_address>
         <size>0x1ba</size>
         <input_file_ref idref="fl-19"/>
      </object_component>
      <object_component id="oc-226">
         <name>.debug_info</name>
         <load_address>0xe12b</load_address>
         <run_address>0xe12b</run_address>
         <size>0x1c2</size>
         <input_file_ref idref="fl-19"/>
      </object_component>
      <object_component id="oc-22b">
         <name>.debug_info</name>
         <load_address>0xe2ed</load_address>
         <run_address>0xe2ed</run_address>
         <size>0x100</size>
         <input_file_ref idref="fl-19"/>
      </object_component>
      <object_component id="oc-ca">
         <name>.debug_info</name>
         <load_address>0xe3ed</load_address>
         <run_address>0xe3ed</run_address>
         <size>0x22d</size>
         <input_file_ref idref="fl-19"/>
      </object_component>
      <object_component id="oc-be">
         <name>.debug_info</name>
         <load_address>0xe61a</load_address>
         <run_address>0xe61a</run_address>
         <size>0x1a2</size>
         <input_file_ref idref="fl-19"/>
      </object_component>
      <object_component id="oc-c4">
         <name>.debug_info</name>
         <load_address>0xe7bc</load_address>
         <run_address>0xe7bc</run_address>
         <size>0x1cc</size>
         <input_file_ref idref="fl-19"/>
      </object_component>
      <object_component id="oc-38d">
         <name>.debug_info</name>
         <load_address>0xe988</load_address>
         <run_address>0xe988</run_address>
         <size>0x1d8</size>
         <input_file_ref idref="fl-1a"/>
      </object_component>
      <object_component id="oc-29a">
         <name>.debug_info</name>
         <load_address>0xeb60</load_address>
         <run_address>0xeb60</run_address>
         <size>0x232</size>
         <input_file_ref idref="fl-1a"/>
      </object_component>
      <object_component id="oc-395">
         <name>.debug_info</name>
         <load_address>0xed92</load_address>
         <run_address>0xed92</run_address>
         <size>0x1b2</size>
         <input_file_ref idref="fl-1a"/>
      </object_component>
      <object_component id="oc-2c4">
         <name>.debug_info</name>
         <load_address>0xef44</load_address>
         <run_address>0xef44</run_address>
         <size>0x24c</size>
         <input_file_ref idref="fl-1a"/>
      </object_component>
      <object_component id="oc-2b2">
         <name>.debug_info</name>
         <load_address>0xf190</load_address>
         <run_address>0xf190</run_address>
         <size>0x1cd</size>
         <input_file_ref idref="fl-1a"/>
      </object_component>
      <object_component id="oc-2b8">
         <name>.debug_info</name>
         <load_address>0xf35d</load_address>
         <run_address>0xf35d</run_address>
         <size>0x1b4</size>
         <input_file_ref idref="fl-1a"/>
      </object_component>
      <object_component id="oc-2a0">
         <name>.debug_info</name>
         <load_address>0xf511</load_address>
         <run_address>0xf511</run_address>
         <size>0x1e2</size>
         <input_file_ref idref="fl-1a"/>
      </object_component>
      <object_component id="oc-2ca">
         <name>.debug_info</name>
         <load_address>0xf6f3</load_address>
         <run_address>0xf6f3</run_address>
         <size>0x1b8</size>
         <input_file_ref idref="fl-1a"/>
      </object_component>
      <object_component id="oc-2a6">
         <name>.debug_info</name>
         <load_address>0xf8ab</load_address>
         <run_address>0xf8ab</run_address>
         <size>0x1e2</size>
         <input_file_ref idref="fl-1a"/>
      </object_component>
      <object_component id="oc-2ac">
         <name>.debug_info</name>
         <load_address>0xfa8d</load_address>
         <run_address>0xfa8d</run_address>
         <size>0x1b2</size>
         <input_file_ref idref="fl-1a"/>
      </object_component>
      <object_component id="oc-293">
         <name>.debug_info</name>
         <load_address>0xfc3f</load_address>
         <run_address>0xfc3f</run_address>
         <size>0x1d7</size>
         <input_file_ref idref="fl-1b"/>
      </object_component>
      <object_component id="oc-302">
         <name>.debug_info</name>
         <load_address>0xfe16</load_address>
         <run_address>0xfe16</run_address>
         <size>0x10d</size>
         <input_file_ref idref="fl-1b"/>
      </object_component>
      <object_component id="oc-1b9">
         <name>.debug_info</name>
         <load_address>0xff23</load_address>
         <run_address>0xff23</run_address>
         <size>0x207</size>
         <input_file_ref idref="fl-1b"/>
      </object_component>
      <object_component id="oc-286">
         <name>.debug_info</name>
         <load_address>0x1012a</load_address>
         <run_address>0x1012a</run_address>
         <size>0x217</size>
         <input_file_ref idref="fl-1b"/>
      </object_component>
      <object_component id="oc-28c">
         <name>.debug_info</name>
         <load_address>0x10341</load_address>
         <run_address>0x10341</run_address>
         <size>0x312</size>
         <input_file_ref idref="fl-1b"/>
      </object_component>
      <object_component id="oc-15e">
         <name>.debug_info</name>
         <load_address>0x10653</load_address>
         <run_address>0x10653</run_address>
         <size>0x1df</size>
         <input_file_ref idref="fl-1b"/>
      </object_component>
      <object_component id="oc-2d7">
         <name>.debug_info</name>
         <load_address>0x10832</load_address>
         <run_address>0x10832</run_address>
         <size>0x1e3</size>
         <input_file_ref idref="fl-1b"/>
      </object_component>
      <object_component id="oc-2d1">
         <name>.debug_info</name>
         <load_address>0x10a15</load_address>
         <run_address>0x10a15</run_address>
         <size>0x1dd</size>
         <input_file_ref idref="fl-1b"/>
      </object_component>
      <object_component id="oc-1b4">
         <name>.debug_info</name>
         <load_address>0x10bf2</load_address>
         <run_address>0x10bf2</run_address>
         <size>0x1eb</size>
         <input_file_ref idref="fl-1b"/>
      </object_component>
      <object_component id="oc-10c">
         <name>.debug_info</name>
         <load_address>0x10ddd</load_address>
         <run_address>0x10ddd</run_address>
         <size>0x1e9</size>
         <input_file_ref idref="fl-1b"/>
      </object_component>
      <object_component id="oc-232">
         <name>.debug_info</name>
         <load_address>0x10fc6</load_address>
         <run_address>0x10fc6</run_address>
         <size>0x1df</size>
         <input_file_ref idref="fl-1b"/>
      </object_component>
      <object_component id="oc-158">
         <name>.debug_info</name>
         <load_address>0x111a5</load_address>
         <run_address>0x111a5</run_address>
         <size>0x1e4</size>
         <input_file_ref idref="fl-1b"/>
      </object_component>
      <object_component id="oc-111">
         <name>.debug_info</name>
         <load_address>0x11389</load_address>
         <run_address>0x11389</run_address>
         <size>0x21f</size>
         <input_file_ref idref="fl-1b"/>
      </object_component>
      <object_component id="oc-11d">
         <name>.debug_info</name>
         <load_address>0x115a8</load_address>
         <run_address>0x115a8</run_address>
         <size>0x1e3</size>
         <input_file_ref idref="fl-1b"/>
      </object_component>
      <object_component id="oc-117">
[...]
      </symbol>
      <symbol id="sm-3fd">
         <name>UARTDisable</name>
         <value>0x449d</value>
         <object_component_ref idref="oc-306"/>
      </symbol>
      <symbol id="sm-3fe">
         <name>UARTIntEnable</name>
         <value>0x46eb</value>
         <object_component_ref idref="oc-17b"/>
      </symbol>
      <symbol id="sm-3ff">
         <name>UARTCharsAvail</name>
         <value>0x4653</value>
         <object_component_ref idref="oc-193"/>
      </symbol>
      <symbol id="sm-400">
         <name>UARTCharPut</name>
         <value>0x46b5</value>
         <object_component_ref idref="oc-199"/>
      </symbol>
      <symbol id="sm-401">
         <name>UARTEnable</name>
         <value>0x455d</value>
         <object_component_ref idref="oc-169"/>
      </symbol>
      <symbol id="sm-402">
         <name>UARTFIFOEnable</name>
         <value>0x46bf</value>
         <object_component_ref idref="oc-16f"/>
      </symbol>
      <symbol id="sm-403">
         <name>UARTIntClear</name>
         <value>0x472d</value>
         <object_component_ref idref="oc-187"/>
      </symbol>
      <symbol id="sm-404">
         <name>UARTIntStatus</name>
         <value>0x46c9</value>
         <object_component_ref idref="oc-181"/>
      </symbol>
      <symbol id="sm-405">
         <name>UARTCharGet</name>
         <value>0x46ab</value>
         <object_component_ref idref="oc-18d"/>
      </symbol>
      <symbol id="sm-406">
         <name>UARTFIFOLevelSet</name>
         <value>0x4711</value>
         <object_component_ref idref="oc-175"/>
      </symbol>
      <symbol id="sm-441">
         <name>TimerLoadSet</name>
         <value>0x45cd</value>
         <object_component_ref idref="oc-b7"/>
      </symbol>
      <symbol id="sm-442">
         <name>TimerEnable</name>
         <value>0x461f</value>
         <object_component_ref idref="oc-d5"/>
      </symbol>
      <symbol id="sm-443">
         <name>TimerValueGet</name>
         <value>0x46a1</value>
         <object_component_ref idref="oc-e7"/>
      </symbol>
      <symbol id="sm-444">
         <name>TimerIntEnable</name>
         <value>0x46e3</value>
         <object_component_ref idref="oc-cf"/>
      </symbol>
      <symbol id="sm-445">
         <name>TimerConfigure</name>
         <value>0x3f4d</value>
         <object_component_ref idref="oc-b1"/>
      </symbol>
      <symbol id="sm-446">
         <name>TimerIntClear</name>
         <value>0x4729</value>
         <object_component_ref idref="oc-db"/>
      </symbol>
      <symbol id="sm-469">
         <name>SysTickEnable</name>
         <value>0x4535</value>
         <object_component_ref idref="oc-a5"/>
      </symbol>
      <symbol id="sm-46a">
         <name>SysTickIntEnable</name>
         <value>0x4549</value>
         <object_component_ref idref="oc-9f"/>
      </symbol>
      <symbol id="sm-46b">
         <name>SysTickPeriodSet</name>
         <value>0x45f1</value>
         <object_component_ref idref="oc-99"/>
      </symbol>
      <symbol id="sm-4d4">
         <name>SysCtlClockSet</name>
         <value>0x39f1</value>
         <object_component_ref idref="oc-336"/>
      </symbol>
      <symbol id="sm-4d5">
         <name>SysCtlDelay</name>
         <value>0x470b</value>
         <object_component_ref idref="oc-131"/>
      </symbol>
      <symbol id="sm-4d6">
         <name>SysCtlPeripheralEnable</name>
         <value>0x4359</value>
         <object_component_ref idref="oc-ab"/>
      </symbol>
      <symbol id="sm-4d7">
         <name>SysCtlClockGet</name>
         <value>0x36cd</value>
         <object_component_ref idref="oc-93"/>
      </symbol>
      <symbol id="sm-4d8">
         <name>SysCtlPeripheralReset</name>
         <value>0x4001</value>
         <object_component_ref idref="oc-2bd"/>
      </symbol>
      <symbol id="sm-517">
         <name>IntPrioritySet</name>
         <value>0x4479</value>
         <object_component_ref idref="oc-c9"/>
      </symbol>
      <symbol id="sm-518">
         <name>IntEnable</name>
         <value>0x3eed</value>
         <object_component_ref idref="oc-c3"/>
      </symbol>
      <symbol id="sm-519">
         <name>IntMasterEnable</name>
         <value>0x4697</value>
         <object_component_ref idref="oc-bd"/>
      </symbol>
      <symbol id="sm-56c">
         <name>I2CMasterDataPut</name>
         <value>0x4725</value>
         <object_component_ref idref="oc-29f"/>
      </symbol>
      <symbol id="sm-56d">
         <name>I2CMasterInitExpClk</name>
         <value>0x41cd</value>
         <object_component_ref idref="oc-2c3"/>
      </symbol>
      <symbol id="sm-56e">
         <name>I2CMasterSlaveAddrSet</name>
         <value>0x46db</value>
         <object_component_ref idref="oc-299"/>
      </symbol>
      <symbol id="sm-56f">
         <name>I2CMasterDataGet</name>
         <value>0x4721</value>
         <object_component_ref idref="oc-2c9"/>
      </symbol>
      <symbol id="sm-570">
         <name>I2CMasterErr</name>
         <value>0x451d</value>
         <object_component_ref idref="oc-2b1"/>
      </symbol>
      <symbol id="sm-571">
         <name>I2CMasterControl</name>
         <value>0x471d</value>
         <object_component_ref idref="oc-2a5"/>
      </symbol>
      <symbol id="sm-572">
         <name>I2CMasterBusy</name>
         <value>0x46d3</value>
         <object_component_ref idref="oc-2ab"/>
      </symbol>
      <symbol id="sm-573">
         <name>I2CMasterEnable</name>
         <value>0x468d</value>
         <object_component_ref idref="oc-394"/>
      </symbol>
      <symbol id="sm-574">
         <name>I2CMasterDisable</name>
         <value>0x4683</value>
         <object_component_ref idref="oc-2b7"/>
      </symbol>
      <symbol id="sm-5fc">
         <name>GPIOPinConfigure</name>
         <value>0x4185</value>
         <object_component_ref idref="oc-157"/>
      </symbol>
      <symbol id="sm-5fd">
         <name>GPIOPinTypeI2CSCL</name>
         <value>0x45a9</value>
         <object_component_ref idref="oc-2d5"/>
      </symbol>
      <symbol id="sm-5fe">
         <name>GPIOIntEnable</name>
         <value>0x4647</value>
         <object_component_ref idref="oc-116"/>
      </symbol>
      <symbol id="sm-5ff">
         <name>GPIOPinTypeI2C</name>
         <value>0x4597</value>
         <object_component_ref idref="oc-2cf"/>
      </symbol>
      <symbol id="sm-600">
         <name>GPIOIntTypeSet</name>
         <value>0x3fa9</value>
         <object_component_ref idref="oc-110"/>
      </symbol>
      <symbol id="sm-601">
         <name>GPIOPinTypeGPIOInput</name>
         <value>0x4585</value>
         <object_component_ref idref="oc-10a"/>
      </symbol>
      <symbol id="sm-602">
         <name>GPIOIntClear</name>
         <value>0x46f9</value>
         <object_component_ref idref="oc-122"/>
      </symbol>
      <symbol id="sm-603">
         <name>GPIOPinTypeUART</name>
         <value>0x45bb</value>
         <object_component_ref idref="oc-15d"/>
      </symbol>
      <symbol id="sm-604">
         <name>GPIOIntStatus</name>
         <value>0x4611</value>
         <object_component_ref idref="oc-11c"/>
      </symbol>
      <symbol id="sm-605">
         <name>GPIOPinTypeGPIOOutput</name>
         <value>0x44ed</value>
         <object_component_ref idref="oc-1b2"/>
      </symbol>
      <symbol id="sm-606">
         <name>GPIOPinRead</name>
         <value>0x46ff</value>
         <object_component_ref idref="oc-231"/>
      </symbol>
      <symbol id="sm-607">
         <name>GPIODirModeSet</name>
         <value>0x444d</value>
         <object_component_ref idref="oc-285"/>
      </symbol>
      <symbol id="sm-608">
         <name>GPIOPinWrite</name>
         <value>0x4705</value>
         <object_component_ref idref="oc-1b8"/>
      </symbol>
      <symbol id="sm-609">
         <name>GPIOPadConfigSet</name>
         <value>0x359b</value>
         <object_component_ref idref="oc-28b"/>
      </symbol>
      <symbol id="sm-61b">
         <name>CPUbasepriSet</name>
         <value>0x46f3</value>
         <object_component_ref idref="oc-135"/>
      </symbol>
      <symbol id="sm-61c">
         <name>CPUcpsie</name>
         <value>0x463b</value>
         <object_component_ref idref="oc-219"/>
      </symbol>
      <symbol id="sm-63d">
         <name>atan2</name>
         <value>0x302d</value>
         <object_component_ref idref="oc-3ce"/>
      </symbol>
      <symbol id="sm-64a">
         <name>atof</name>
         <value>0x45df</value>
         <object_component_ref idref="oc-277"/>
      </symbol>
      <symbol id="sm-660">
         <name>atoi</name>
         <value>0x40a1</value>
         <object_component_ref idref="oc-27d"/>
      </symbol>
      <symbol id="sm-672">
         <name>_c_int00</name>
         <value>0x4051</value>
         <object_component_ref idref="oc-24"/>
      </symbol>
      <symbol id="sm-673">
         <name>__stack</name>
         <value>0x200002fc</value>
         <object_component_ref idref="oc-29"/>
      </symbol>
      <symbol id="sm-68a">
         <name>__TI_decompress_none</name>
         <value>0x462d</value>
         <object_component_ref idref="oc-12"/>
      </symbol>
      <symbol id="sm-6b2">
         <name>__TI_decompress_rle24</name>
         <value>0x4717</value>
         <object_component_ref idref="oc-18"/>
      </symbol>
      <symbol id="sm-6c4">
         <name>__TI_zero_init</name>
         <value>0x466b</value>
         <object_component_ref idref="oc-1e"/>
      </symbol>
      <symbol id="sm-6d1">
         <name>cos</name>
         <value>0x44b9</value>
         <object_component_ref idref="oc-3d4"/>
      </symbol>
      <symbol id="sm-6dc">
         <name>_ctypes_</name>
         <value>0x4738</value>
         <object_component_ref idref="oc-377"/>
      </symbol>
      <symbol id="sm-6fb">
         <name>C$$EXIT</name>
         <value>0x425d</value>
         <object_component_ref idref="oc-88"/>
      </symbol>
      <symbol id="sm-6fc">
         <name>abort</name>
         <value>0x4261</value>
         <object_component_ref idref="oc-88"/>
      </symbol>
      <symbol id="sm-6fd">
         <name>exit</name>
         <value>0x4269</value>
         <object_component_ref idref="oc-88"/>
      </symbol>
      <symbol id="sm-6fe">
         <name>__TI_dtors_ptr</name>
         <value>0x20000658</value>
         <object_component_ref idref="oc-1ff"/>
      </symbol>
      <symbol id="sm-6ff">
         <name>__TI_cleanup_ptr</name>
         <value>0x20000654</value>
         <object_component_ref idref="oc-1ff"/>
      </symbol>
      <symbol id="sm-723">
         <name>__aeabi_dsub</name>
         <value>0x2ce9</value>
         <object_component_ref idref="oc-150"/>
      </symbol>
      <symbol id="sm-724">
         <name>__aeabi_dadd</name>
         <value>0x2cf3</value>
         <object_component_ref idref="oc-150"/>
      </symbol>
      <symbol id="sm-73b">
         <name>__aeabi_cdcmpeq</name>
         <value>0x3c3b</value>
         <object_component_ref idref="oc-3ef"/>
      </symbol>
      <symbol id="sm-73c">
         <name>__aeabi_cdcmple</name>
         <value>0x3c3b</value>
         <object_component_ref idref="oc-3ef"/>
      </symbol>
      <symbol id="sm-75c">
         <name>__aeabi_ddiv</name>
         <value>0x3465</value>
         <object_component_ref idref="oc-2e9"/>
      </symbol>
      <symbol id="sm-773">
         <name>__aeabi_dmul</name>
         <value>0x38f5</value>
         <object_component_ref idref="oc-140"/>
      </symbol>
      <symbol id="sm-77f">
         <name>__aeabi_d2f</name>
         <value>0x4139</value>
         <object_component_ref idref="oc-145"/>
      </symbol>
      <symbol id="sm-78d">
         <name>__aeabi_f2d</name>
         <value>0x4321</value>
         <object_component_ref idref="oc-13b"/>
      </symbol>
      <symbol id="sm-799">
         <name>__aeabi_i2d</name>
         <value>0x43f1</value>
         <object_component_ref idref="oc-3c9"/>
      </symbol>
      <symbol id="sm-7a8">
         <name>isdigit</name>
         <value>0x4601</value>
         <object_component_ref idref="oc-271"/>
      </symbol>
      <symbol id="sm-7c3">
         <name>memcpy</name>
         <value>0x3b9f</value>
         <object_component_ref idref="oc-51"/>
      </symbol>
      <symbol id="sm-7c4">
         <name>__aeabi_memcpy</name>
         <value>0x3b9f</value>
         <object_component_ref idref="oc-51"/>
      </symbol>
      <symbol id="sm-7c5">
         <name>__aeabi_memcpy8</name>
         <value>0x3b9f</value>
         <object_component_ref idref="oc-51"/>
      </symbol>
      <symbol id="sm-7c6">
         <name>__aeabi_memcpy4</name>
         <value>0x3b9f</value>
         <object_component_ref idref="oc-51"/>
      </symbol>
      <symbol id="sm-7d5">
         <name>__aeabi_memset</name>
         <value>0x3cc3</value>
         <object_component_ref idref="oc-6a"/>
      </symbol>
      <symbol id="sm-7d6">
         <name>memset</name>
         <value>0x3cc9</value>
         <object_component_ref idref="oc-6a"/>
      </symbol>
      <symbol id="sm-7d7">
         <name>__aeabi_memset8</name>
         <value>0x3cc3</value>
         <object_component_ref idref="oc-6a"/>
      </symbol>
      <symbol id="sm-7d8">
         <name>__aeabi_memset4</name>
         <value>0x3cc3</value>
         <object_component_ref idref="oc-6a"/>
      </symbol>
      <symbol id="sm-7d9">
         <name>__aeabi_memclr8</name>
         <value>0x3cc1</value>
         <object_component_ref idref="oc-6a"/>
      </symbol>
      <symbol id="sm-7da">
         <name>__aeabi_memclr4</name>
         <value>0x3cc1</value>
         <object_component_ref idref="oc-6a"/>
      </symbol>
      <symbol id="sm-7db">
         <name>__aeabi_memclr</name>
         <value>0x3cc1</value>
         <object_component_ref idref="oc-6a"/>
      </symbol>
      <symbol id="sm-7e5">
         <name>_system_pre_init</name>
         <value>0x4731</value>
         <object_component_ref idref="oc-76"/>
      </symbol>
      <symbol id="sm-7f2">
         <name>sin</name>
         <value>0x44d3</value>
         <object_component_ref idref="oc-3da"/>
      </symbol>
      <symbol id="sm-811">
         <name>sqrt</name>
         <value>0x331d</value>
         <object_component_ref idref="oc-14a"/>
      </symbol>
      <symbol id="sm-819">
         <name>main_func_sp</name>
         <value>0x20000668</value>
         <object_component_ref idref="oc-8e"/>
      </symbol>
      <symbol id="sm-858">
         <name>strtod</name>
         <value>0x28b1</value>
         <object_component_ref idref="oc-37c"/>
      </symbol>
      <symbol id="sm-87e">
         <name>_Atan</name>
         <value>0x2ea1</value>
         <object_component_ref idref="oc-415"/>
      </symbol>
      <symbol id="sm-89a">
         <name>_Dscale</name>
         <value>0x37e5</value>
         <object_component_ref idref="oc-2ee"/>
      </symbol>
      <symbol id="sm-8ae">
         <name>_Dunscale</name>
         <value>0x3e87</value>
         <object_component_ref idref="oc-2e3"/>
      </symbol>
      <symbol id="sm-8bd">
         <name>_Feraise</name>
         <value>0x43c1</value>
         <object_component_ref idref="oc-2f4"/>
      </symbol>
      <symbol id="sm-8f7">
         <name>_Sin</name>
         <value>0x261d</value>
         <object_component_ref idref="oc-41d"/>
      </symbol>
      <symbol id="sm-907">
         <name>_Rteps</name>
         <value>0x20000610</value>
         <object_component_ref idref="oc-2fa"/>
      </symbol>
      <symbol id="sm-908">
         <name>_Zero</name>
         <value>0x20000628</value>
         <object_component_ref idref="oc-2fa"/>
      </symbol>
      <symbol id="sm-909">
         <name>_Hugeval</name>
         <value>0x200005d0</value>
         <object_component_ref idref="oc-2fa"/>
      </symbol>
      <symbol id="sm-90a">
         <name>_Snan</name>
         <value>0x20000600</value>
         <object_component_ref idref="oc-2fa"/>
      </symbol>
      <symbol id="sm-90b">
         <name>_Nan</name>
         <value>0x200005f0</value>
         <object_component_ref idref="oc-2fa"/>
      </symbol>
      <symbol id="sm-90c">
         <name>_Inf</name>
         <value>0x200005e0</value>
         <object_component_ref idref="oc-2fa"/>
      </symbol>
      <symbol id="sm-90d">
         <name>_Xbig</name>
         <value>0x20000620</value>
         <object_component_ref idref="oc-2fa"/>
      </symbol>
      <symbol id="sm-90e">
         <name>_Eps</name>
         <value>0x200005c0</value>
         <object_component_ref idref="oc-2fa"/>
      </symbol>
      <symbol id="sm-90f">
         <name>_Denorm</name>
         <value>0x200005b0</value>
         <object_component_ref idref="oc-2fa"/>
      </symbol>
      <symbol id="sm-928">
         <name>_nop</name>
         <value>0x457f</value>
         <object_component_ref idref="oc-354"/>
      </symbol>
      <symbol id="sm-929">
         <name>_lock</name>
         <value>0x2000064c</value>
         <object_component_ref idref="oc-1fc"/>
      </symbol>
      <symbol id="sm-92a">
         <name>_unlock</name>
         <value>0x20000650</value>
         <object_component_ref idref="oc-1fc"/>
      </symbol>
      <symbol id="sm-92b">
         <name>_register_lock</name>
         <value>0x4577</value>
         <object_component_ref idref="oc-354"/>
      </symbol>
      <symbol id="sm-92c">
         <name>_register_unlock</name>
         <value>0x4571</value>
         <object_component_ref idref="oc-354"/>
      </symbol>
      <symbol id="sm-941">
         <name>_args_main</name>
         <value>0x4505</value>
         <object_component_ref idref="oc-82"/>
      </symbol>
      <symbol id="sm-967">
         <name>__TI_auto_init</name>
         <value>0x3db1</value>
         <object_component_ref idref="oc-7c"/>
      </symbol>
      <symbol id="sm-981">
         <name>copy_in</name>
         <value>0x40ed</value>
         <object_component_ref idref="oc-1ec"/>
      </symbol>
      <symbol id="sm-989">
         <name>_Errno</name>
         <value>0x20000664</value>
         <object_component_ref idref="oc-3b1"/>
      </symbol>
      <symbol id="sm-997">
         <name>__aeabi_d2iz</name>
         <value>0x4215</value>
         <object_component_ref idref="oc-44f"/>
      </symbol>
      <symbol id="sm-9b5">
         <name>feraiseexcept</name>
         <value>0x438d</value>
         <object_component_ref idref="oc-3ab"/>
      </symbol>
      <symbol id="sm-9b6">
         <name>_Tls_setup__Fenv</name>
         <value>0x20000660</value>
         <object_component_ref idref="oc-40d"/>
      </symbol>
      <symbol id="sm-9b7">
         <name>_Fenv</name>
         <value>0x2000065c</value>
         <object_component_ref idref="oc-40d"/>
      </symbol>
      <symbol id="sm-9db">
         <name>fmod</name>
         <value>0x31a9</value>
         <object_component_ref idref="oc-449"/>
      </symbol>
      <symbol id="sm-9ef">
         <name>raise</name>
         <value>0x441f</value>
         <object_component_ref idref="oc-407"/>
      </symbol>
      <symbol id="sm-a09">
         <name>signal</name>
         <value>0x42e1</value>
         <object_component_ref idref="oc-430"/>
      </symbol>
      <symbol id="sm-a1e">
         <name>_Dnorm</name>
         <value>0x3ae1</value>
         <object_component_ref idref="oc-3a0"/>
      </symbol>
      <symbol id="sm-a1f">
         <name>__TI_static_base__</name>
         <value>0x0</value>
      </symbol>
      <symbol id="sm-a22">
         <name>SHT$$INIT_ARRAY$$Limit</name>
         <value>0x0</value>
      </symbol>
      <symbol id="sm-a23">
         <name>SHT$$INIT_ARRAY$$Base</name>
         <value>0x0</value>
      </symbol>
      <symbol id="sm-a24">
         <name>IntPriorityMaskSet</name>
         <value>0x46f3</value>
      </symbol>
   </symbol_table>
   <title>Link successful</title>
</link_info>
